<html>
<body>
<pre>
<h1>µVision Build Log</h1>
<h2>Tool Versions:</h2>
IDE-Version: µVision V5.13.0.0
Copyright (C) 2014 ARM Ltd and ARM Germany GmbH. All rights reserved.
License Information: Jonathan Fish, California Polytechnic State University, LIC=----
 
Tool Versions:
Toolchain:       MDK-Lite  Version: 5.13.0.0
Toolchain Path:  C:\Keil_v5\ARM\ARMCC\Bin
C Compiler:      Armcc.exe V5.05 update 1 (build 106)
Assembler:       Armasm.exe V5.05 update 1 (build 106)
Linker/Locator:  ArmLink.exe V5.05 update 1 (build 106)
Library Manager: ArmAr.exe V5.05 update 1 (build 106)
Hex Converter:   FromElf.exe V5.05 update 1 (build 106)
CPU DLL:         SARMCM3.DLL V5.13.0.0
Dialog DLL:      DCM.DLL V1.13.1.0
Target DLL:      STLink\ST-LINKIII-KEIL_SWO.dll V2.0.14.0_KEIL
Dialog DLL:      TCM.DLL V1.14.4.0
 
<h2>Project:</h2>
C:\Users\jjfish\Documents\gitsandbox\ubalance\firmware\MDK-ARM\gsegv4.uvprojx
Project File Date:  08/26/2015

<h2>Output:</h2>
Build target 'gsegv4 Configuration'
compiling task_master.c...
..\Inc\shares.h(110): warning:  #1-D: last line of file ends without a newline
  #endif
..\Inc\matrix.h(9): warning:  #1-D: last line of file ends without a newline
  float det_mtrx_2x2(float *m);
..\Src\task_master.c(70): warning:  #167-D: argument of type "volatile uint8_t *" is incompatible with parameter of type "uint8_t *"
      HAL_UART_Receive_IT(&huart1, packet_hdr, 1);
..\Src\task_master.c(78): warning:  #188-D: enumerated type mixed with another type
                current_state_SHARED = Compute_Software_State(current_state_SHARED); 
..\Src\task_master.c(129): warning:  #167-D: argument of type "volatile uint8_t *" is incompatible with parameter of type "uint8_t *"
                HAL_UART_Receive_IT(hUART, packet_payload, payload_length_SHARED);
..\Src\task_master.c(138): warning:  #167-D: argument of type "volatile uint8_t *" is incompatible with parameter of type "uint8_t *"
                HAL_UART_Receive_IT(hUART, packet_hdr, 1); // Start looking for the next valid packet header.
..\Src\task_master.c(150): warning:  #167-D: argument of type "volatile uint8_t *" is incompatible with parameter of type "uint8_t *"
            HAL_UART_Receive_IT(hUART, packet_hdr, 1); // Read another byte into the header buffer.
..\Src\task_master.c(116): warning:  #177-D: variable "msg_length" was declared but never referenced
          static uint8_t msg_length = 0;
..\Src\task_master.c(196): warning:  #546-D: transfer of control bypasses initialization of:
            variable "temp_fp" (declared at line 209)
            variable "temp_u32p" (declared at line 226)
            variable "temp_32p" (declared at line 242)
      switch(variable_table[target_var_index].data_type)
      ^
..\Src\task_master.c(287): warning:  #144-D: a value of type "volatile void *" cannot be used to initialize an entity of type "float *"
                  float *target_var_ptr_f = variable_table[target_var_index].data;
..\Src\task_master.c(312): warning:  #144-D: a value of type "volatile void *" cannot be used to initialize an entity of type "uint32_t *"
                  uint32_t *target_var_ptr_u32 = variable_table[target_var_index].data;
..\Src\task_master.c(322): warning:  #144-D: a value of type "volatile void *" cannot be used to initialize an entity of type "int32_t *"
                  int32_t *target_var_ptr_32 = variable_table[target_var_index].data;
..\Src\task_master.c(332): warning:  #144-D: a value of type "volatile void *" cannot be used to initialize an entity of type "int16_t *"
                  int16_t *target_var_ptr_16 = variable_table[target_var_index].data;
..\Src\task_master.c(283): warning:  #546-D: transfer of control bypasses initialization of:
            variable "target_var_ptr_f" (declared at line 287)
            variable "target_var_ptr_u32" (declared at line 312)
            variable "target_var_ptr_32" (declared at line 322)
          switch(variable_table[target_var_index].data_type)
          ^
..\Src\task_master.c(346): warning:  #167-D: argument of type "volatile uint8_t *" is incompatible with parameter of type "uint8_t *"
      uint16_t fletcher = Fletcher_16( packet_payload, payload_length_SHARED );
..\Src\task_master.c(365): warning:  #167-D: argument of type "volatile uint8_t *" is incompatible with parameter of type "uint8_t *"
          HAL_UART_Receive_IT(&huart1, packet_hdr, 1);
..\Src\task_master.c(384): warning:  #167-D: argument of type "volatile uint8_t *" is incompatible with parameter of type "uint8_t *"
                  if(!Update_Variable(packet_payload+PAYLOAD_DATA, packet_payload[PAYLOAD_INDEX], payload_data_size))
..\Src\task_master.c(433): warning:  #188-D: enumerated type mixed with another type
                      current_state_SHARED = packet_payload[PAYLOAD_DATA];
..\Src\task_master.c(370): warning:  #546-D: transfer of control bypasses initialization of:
            variable "payload_data_size" (declared at line 382)
            variable "update" (declared at line 416)
          switch(packet_payload[PAYLOAD_OPCODE])
          ^
..\Src\task_master.c(511): warning:  #1035-D: single-precision operand implicitly converted to double-precision
                    else if( (abs((int32_t)physical_states_SHARED[ANGLE])<6) && (abs(physical_states_SHARED[ANGULAR_VELOCITY]*4.0)<1))
..\Src\task_master.c(531): warning:  #111-D: statement is unreachable
                    break; 
..\Src\task_master.c(546): warning:  #111-D: statement is unreachable
                    break; 
..\Src\task_master.c(561): warning:  #111-D: statement is unreachable
                    break; 
..\Src\task_master.c(576): warning:  #111-D: statement is unreachable
                    break;
..\Src\task_master.c(581): warning:  #111-D: statement is unreachable
                    break;
..\Src\task_master.c(584): warning:  #111-D: statement is unreachable
                    break;
..\Src\task_master.c(588): warning:  #1-D: last line of file ends without a newline
  }
..\Src\task_master.c: 27 warnings, 0 errors
compiling freertos.c...
linking...
gsegv4 Configuration\gsegv4 Configuration.axf: Warning: L6304W: Duplicate input file gsegv4 configuration\freertos_1.o ignored.
Program Size: Code=25184 RO-data=1072 RW-data=404 ZI-data=17172  
Finished: 0 information, 1 warning and 0 error messages.
"gsegv4 Configuration\gsegv4 Configuration.axf" - 0 Error(s), 28 Warning(s).

<h2>Collection of Component include folders:</h2>
  C:\Users\jjfish\Documents\gitsandbox\ubalance\firmware\MDK-ARM\RTE
  C:\Keil_v5\ARM\PACK\Keil\STM32F4xx_DFP\2.3.0\Drivers\CMSIS\Device\ST\STM32F4xx\Include

<h2>Collection of Component Files used:</h2>
</pre>
</body>
</html>
