Component: ARM Compiler 5.05 update 1 (build 106) Tool: armlink [4d0efa]

==============================================================================

Section Cross References

    stm32f4xx_it.o(i.EXTI15_10_IRQHandler) refers to stm32f4xx_hal_gpio.o(i.HAL_GPIO_EXTI_IRQHandler) for HAL_GPIO_EXTI_IRQHandler
    stm32f4xx_it.o(i.EXTI9_5_IRQHandler) refers to stm32f4xx_hal_gpio.o(i.HAL_GPIO_EXTI_IRQHandler) for HAL_GPIO_EXTI_IRQHandler
    stm32f4xx_it.o(i.HAL_GPIO_EXTI_Callback) refers to stm32f4xx_hal_gpio.o(i.HAL_GPIO_ReadPin) for HAL_GPIO_ReadPin
    stm32f4xx_it.o(i.HAL_GPIO_EXTI_Callback) refers to stm32f4xx_it.o(.data) for .data
    stm32f4xx_it.o(i.HAL_GPIO_EXTI_Callback) refers to task_control.o(.data) for position_enc_0_SHARED
    stm32f4xx_it.o(i.HAL_UART_RxCpltCallback) refers to task_master.o(i.my_HAL_UART_RxCpltCallback) for my_HAL_UART_RxCpltCallback
    stm32f4xx_it.o(i.SysTick_Handler) refers to tasks.o(i.xTaskGetSchedulerState) for xTaskGetSchedulerState
    stm32f4xx_it.o(i.SysTick_Handler) refers to port.o(i.xPortSysTickHandler) for xPortSysTickHandler
    stm32f4xx_it.o(i.SysTick_Handler) refers to stm32f4xx_hal.o(i.HAL_IncTick) for HAL_IncTick
    stm32f4xx_it.o(i.USART1_IRQHandler) refers to stm32f4xx_hal_uart.o(i.HAL_UART_IRQHandler) for HAL_UART_IRQHandler
    stm32f4xx_it.o(i.USART1_IRQHandler) refers to main.o(.bss) for huart1
    stm32f4xx_hal_msp.o(i.HAL_ADC_MspDeInit) refers to stm32f4xx_hal_gpio.o(i.HAL_GPIO_DeInit) for HAL_GPIO_DeInit
    stm32f4xx_hal_msp.o(i.HAL_ADC_MspDeInit) refers to stm32f4xx_hal_dma.o(i.HAL_DMA_DeInit) for HAL_DMA_DeInit
    stm32f4xx_hal_msp.o(i.HAL_ADC_MspInit) refers to stm32f4xx_hal_gpio.o(i.HAL_GPIO_Init) for HAL_GPIO_Init
    stm32f4xx_hal_msp.o(i.HAL_ADC_MspInit) refers to stm32f4xx_hal_dma.o(i.HAL_DMA_Init) for HAL_DMA_Init
    stm32f4xx_hal_msp.o(i.HAL_ADC_MspInit) refers to main.o(.bss) for hdma_adc1
    stm32f4xx_hal_msp.o(i.HAL_I2C_MspDeInit) refers to stm32f4xx_hal_gpio.o(i.HAL_GPIO_DeInit) for HAL_GPIO_DeInit
    stm32f4xx_hal_msp.o(i.HAL_I2C_MspInit) refers to stm32f4xx_hal_gpio.o(i.HAL_GPIO_Init) for HAL_GPIO_Init
    stm32f4xx_hal_msp.o(i.HAL_MspInit) refers to stm32f4xx_hal_cortex.o(i.HAL_NVIC_SetPriorityGrouping) for HAL_NVIC_SetPriorityGrouping
    stm32f4xx_hal_msp.o(i.HAL_MspInit) refers to stm32f4xx_hal_cortex.o(i.HAL_NVIC_SetPriority) for HAL_NVIC_SetPriority
    stm32f4xx_hal_msp.o(i.HAL_TIM_Base_MspDeInit) refers to stm32f4xx_hal_gpio.o(i.HAL_GPIO_DeInit) for HAL_GPIO_DeInit
    stm32f4xx_hal_msp.o(i.HAL_TIM_Base_MspInit) refers to stm32f4xx_hal_gpio.o(i.HAL_GPIO_Init) for HAL_GPIO_Init
    stm32f4xx_hal_msp.o(i.HAL_UART_MspDeInit) refers to stm32f4xx_hal_gpio.o(i.HAL_GPIO_DeInit) for HAL_GPIO_DeInit
    stm32f4xx_hal_msp.o(i.HAL_UART_MspDeInit) refers to stm32f4xx_hal_cortex.o(i.HAL_NVIC_DisableIRQ) for HAL_NVIC_DisableIRQ
    stm32f4xx_hal_msp.o(i.HAL_UART_MspInit) refers to stm32f4xx_hal_gpio.o(i.HAL_GPIO_Init) for HAL_GPIO_Init
    stm32f4xx_hal_msp.o(i.HAL_UART_MspInit) refers to stm32f4xx_hal_cortex.o(i.HAL_NVIC_SetPriority) for HAL_NVIC_SetPriority
    stm32f4xx_hal_msp.o(i.HAL_UART_MspInit) refers to stm32f4xx_hal_cortex.o(i.HAL_NVIC_EnableIRQ) for HAL_NVIC_EnableIRQ
    main.o(i.MX_ADC1_Init) refers to stm32f4xx_hal_adc.o(i.HAL_ADC_Init) for HAL_ADC_Init
    main.o(i.MX_ADC1_Init) refers to stm32f4xx_hal_adc.o(i.HAL_ADC_ConfigChannel) for HAL_ADC_ConfigChannel
    main.o(i.MX_ADC1_Init) refers to main.o(.bss) for .bss
    main.o(i.MX_GPIO_Init) refers to stm32f4xx_hal_gpio.o(i.HAL_GPIO_Init) for HAL_GPIO_Init
    main.o(i.MX_GPIO_Init) refers to stm32f4xx_hal_cortex.o(i.HAL_NVIC_SetPriority) for HAL_NVIC_SetPriority
    main.o(i.MX_GPIO_Init) refers to stm32f4xx_hal_cortex.o(i.HAL_NVIC_EnableIRQ) for HAL_NVIC_EnableIRQ
    main.o(i.MX_TIM10_Init) refers to stm32f4xx_hal_tim.o(i.HAL_TIM_Base_Init) for HAL_TIM_Base_Init
    main.o(i.MX_TIM10_Init) refers to stm32f4xx_hal_tim.o(i.HAL_TIM_PWM_Init) for HAL_TIM_PWM_Init
    main.o(i.MX_TIM10_Init) refers to stm32f4xx_hal_tim.o(i.HAL_TIM_PWM_ConfigChannel) for HAL_TIM_PWM_ConfigChannel
    main.o(i.MX_TIM10_Init) refers to stm32f4xx_hal_tim.o(i.HAL_TIM_PWM_Start) for HAL_TIM_PWM_Start
    main.o(i.MX_TIM10_Init) refers to main.o(.bss) for .bss
    main.o(i.MX_TIM11_Init) refers to stm32f4xx_hal_tim.o(i.HAL_TIM_Base_Init) for HAL_TIM_Base_Init
    main.o(i.MX_TIM11_Init) refers to stm32f4xx_hal_tim.o(i.HAL_TIM_PWM_Init) for HAL_TIM_PWM_Init
    main.o(i.MX_TIM11_Init) refers to stm32f4xx_hal_tim.o(i.HAL_TIM_PWM_ConfigChannel) for HAL_TIM_PWM_ConfigChannel
    main.o(i.MX_TIM11_Init) refers to stm32f4xx_hal_tim.o(i.HAL_TIM_PWM_Start) for HAL_TIM_PWM_Start
    main.o(i.MX_TIM11_Init) refers to main.o(.bss) for .bss
    main.o(i.SystemClock_Config) refers to stm32f4xx_hal_rcc.o(i.HAL_RCC_OscConfig) for HAL_RCC_OscConfig
    main.o(i.SystemClock_Config) refers to stm32f4xx_hal_rcc.o(i.HAL_RCC_ClockConfig) for HAL_RCC_ClockConfig
[...]
    .text                                    0x08000864   Section        0  dfixul.o(.text)
    .text                                    0x08000894   Section       48  cdrcmple.o(.text)
    .text                                    0x080008c4   Section       36  init.o(.text)
    .text                                    0x080008e8   Section        0  llushr.o(.text)
    .text                                    0x08000908   Section        0  __dczerorl2.o(.text)
    i.ADC_DMAConvCplt                        0x08000960   Section        0  stm32f4xx_hal_adc.o(i.ADC_DMAConvCplt)
    ADC_DMAConvCplt                          0x08000961   Thumb Code    30  stm32f4xx_hal_adc.o(i.ADC_DMAConvCplt)
    i.ADC_DMAError                           0x0800097e   Section        0  stm32f4xx_hal_adc.o(i.ADC_DMAError)
    ADC_DMAError                             0x0800097f   Thumb Code    24  stm32f4xx_hal_adc.o(i.ADC_DMAError)
    i.ADC_DMAHalfConvCplt                    0x08000996   Section        0  stm32f4xx_hal_adc.o(i.ADC_DMAHalfConvCplt)
    ADC_DMAHalfConvCplt                      0x08000997   Thumb Code    10  stm32f4xx_hal_adc.o(i.ADC_DMAHalfConvCplt)
    i.ADC_Init                               0x080009a0   Section        0  stm32f4xx_hal_adc.o(i.ADC_Init)
    ADC_Init                                 0x080009a1   Thumb Code   272  stm32f4xx_hal_adc.o(i.ADC_Init)
    i.Compute_Software_State                 0x08000abc   Section        0  task_master.o(i.Compute_Software_State)
    i.DCM                                    0x08000b28   Section        0  task_control.o(i.DCM)
    i.DCM_fix                                0x08000d00   Section        0  task_control.o(i.DCM_fix)
    i.DMA_SetConfig                          0x08000ee0   Section        0  stm32f4xx_hal_dma.o(i.DMA_SetConfig)
    DMA_SetConfig                            0x08000ee1   Thumb Code    40  stm32f4xx_hal_dma.o(i.DMA_SetConfig)
    i.EXTI15_10_IRQHandler                   0x08000f08   Section        0  stm32f4xx_it.o(i.EXTI15_10_IRQHandler)
    i.EXTI9_5_IRQHandler                     0x08000f1e   Section        0  stm32f4xx_it.o(i.EXTI9_5_IRQHandler)
    i.Fletcher_16                            0x08000f34   Section        0  task_master.o(i.Fletcher_16)
    i.HAL_ADC_ConfigChannel                  0x08000f64   Section        0  stm32f4xx_hal_adc.o(i.HAL_ADC_ConfigChannel)
    i.HAL_ADC_ConvCpltCallback               0x08001088   Section        0  stm32f4xx_hal_adc.o(i.HAL_ADC_ConvCpltCallback)
    i.HAL_ADC_ConvHalfCpltCallback           0x0800108a   Section        0  stm32f4xx_hal_adc.o(i.HAL_ADC_ConvHalfCpltCallback)
    i.HAL_ADC_ErrorCallback                  0x0800108c   Section        0  stm32f4xx_hal_adc.o(i.HAL_ADC_ErrorCallback)
    i.HAL_ADC_Init                           0x0800108e   Section        0  stm32f4xx_hal_adc.o(i.HAL_ADC_Init)
    i.HAL_ADC_MspInit                        0x080010c4   Section        0  stm32f4xx_hal_msp.o(i.HAL_ADC_MspInit)
    i.HAL_ADC_Start                          0x08001134   Section        0  stm32f4xx_hal_adc.o(i.HAL_ADC_Start)
    i.HAL_ADC_Start_DMA                      0x080011b0   Section        0  stm32f4xx_hal_adc.o(i.HAL_ADC_Start_DMA)
    i.HAL_DMA_Init                           0x08001248   Section        0  stm32f4xx_hal_dma.o(i.HAL_DMA_Init)
    i.HAL_DMA_Start_IT                       0x080012b8   Section        0  stm32f4xx_hal_dma.o(i.HAL_DMA_Start_IT)
    i.HAL_GPIO_EXTI_Callback                 0x08001324   Section        0  stm32f4xx_it.o(i.HAL_GPIO_EXTI_Callback)
    i.HAL_GPIO_EXTI_IRQHandler               0x08001440   Section        0  stm32f4xx_hal_gpio.o(i.HAL_GPIO_EXTI_IRQHandler)
    i.HAL_GPIO_Init                          0x08001458   Section        0  stm32f4xx_hal_gpio.o(i.HAL_GPIO_Init)
    i.HAL_GPIO_ReadPin                       0x080015d8   Section        0  stm32f4xx_hal_gpio.o(i.HAL_GPIO_ReadPin)
    i.HAL_GPIO_WritePin                      0x080015e2   Section        0  stm32f4xx_hal_gpio.o(i.HAL_GPIO_WritePin)
    i.HAL_GetTick                            0x080015ec   Section        0  stm32f4xx_hal.o(i.HAL_GetTick)
    i.HAL_I2C_Init                           0x080015f8   Section        0  stm32f4xx_hal_i2c.o(i.HAL_I2C_Init)
    i.HAL_I2C_Mem_Read                       0x080016f8   Section        0  stm32f4xx_hal_i2c.o(i.HAL_I2C_Mem_Read)
    i.HAL_I2C_Mem_Write                      0x080018b0   Section        0  stm32f4xx_hal_i2c.o(i.HAL_I2C_Mem_Write)
    i.HAL_I2C_MspInit                        0x08001984   Section        0  stm32f4xx_hal_msp.o(i.HAL_I2C_MspInit)
    i.HAL_IncTick                            0x080019c8   Section        0  stm32f4xx_hal.o(i.HAL_IncTick)
    i.HAL_Init                               0x080019d8   Section        0  stm32f4xx_hal.o(i.HAL_Init)
    i.HAL_InitTick                           0x08001a0c   Section        0  stm32f4xx_hal.o(i.HAL_InitTick)
    i.HAL_MspInit                            0x08001a2e   Section        0  stm32f4xx_hal_msp.o(i.HAL_MspInit)
    i.HAL_NVIC_EnableIRQ                     0x08001a44   Section        0  stm32f4xx_hal_cortex.o(i.HAL_NVIC_EnableIRQ)
    i.HAL_NVIC_SetPriority                   0x08001a5c   Section        0  stm32f4xx_hal_cortex.o(i.HAL_NVIC_SetPriority)
    i.HAL_NVIC_SetPriorityGrouping           0x08001a9c   Section        0  stm32f4xx_hal_cortex.o(i.HAL_NVIC_SetPriorityGrouping)
    i.HAL_RCC_ClockConfig                    0x08001ac0   Section        0  stm32f4xx_hal_rcc.o(i.HAL_RCC_ClockConfig)
    i.HAL_RCC_GetHCLKFreq                    0x08001c78   Section        0  stm32f4xx_hal_rcc.o(i.HAL_RCC_GetHCLKFreq)
    i.HAL_RCC_GetPCLK1Freq                   0x08001cac   Section        0  stm32f4xx_hal_rcc.o(i.HAL_RCC_GetPCLK1Freq)
    i.HAL_RCC_GetPCLK2Freq                   0x08001cd8   Section        0  stm32f4xx_hal_rcc.o(i.HAL_RCC_GetPCLK2Freq)
    i.HAL_RCC_GetSysClockFreq                0x08001d04   Section        0  stm32f4xx_hal_rcc.o(i.HAL_RCC_GetSysClockFreq)
    i.HAL_RCC_OscConfig                      0x08001d74   Section        0  stm32f4xx_hal_rcc.o(i.HAL_RCC_OscConfig)
    i.HAL_SYSTICK_Config                     0x080020a8   Section        0  stm32f4xx_hal_cortex.o(i.HAL_SYSTICK_Config)
    i.HAL_TIM_Base_Init                      0x080020d0   Section        0  stm32f4xx_hal_tim.o(i.HAL_TIM_Base_Init)
    i.HAL_TIM_Base_MspInit                   0x08002100   Section        0  stm32f4xx_hal_msp.o(i.HAL_TIM_Base_MspInit)
    i.HAL_TIM_PWM_ConfigChannel              0x08002158   Section        0  stm32f4xx_hal_tim.o(i.HAL_TIM_PWM_ConfigChannel)
    i.HAL_TIM_PWM_Init                       0x08002228   Section        0  stm32f4xx_hal_tim.o(i.HAL_TIM_PWM_Init)
    i.HAL_TIM_PWM_MspInit                    0x08002258   Section        0  stm32f4xx_hal_tim.o(i.HAL_TIM_PWM_MspInit)
    i.HAL_TIM_PWM_Start                      0x0800225c   Section        0  stm32f4xx_hal_tim.o(i.HAL_TIM_PWM_Start)
    i.HAL_UART_ErrorCallback                 0x0800228c   Section        0  stm32f4xx_hal_uart.o(i.HAL_UART_ErrorCallback)
    i.HAL_UART_IRQHandler                    0x08002290   Section        0  stm32f4xx_hal_uart.o(i.HAL_UART_IRQHandler)
    i.HAL_UART_Init                          0x0800239a   Section        0  stm32f4xx_hal_uart.o(i.HAL_UART_Init)
    i.HAL_UART_MspInit                       0x080023f4   Section        0  stm32f4xx_hal_msp.o(i.HAL_UART_MspInit)
    i.HAL_UART_Receive_IT                    0x08002448   Section        0  stm32f4xx_hal_uart.o(i.HAL_UART_Receive_IT)
    i.HAL_UART_RxCpltCallback                0x080024b4   Section        0  stm32f4xx_it.o(i.HAL_UART_RxCpltCallback)
    i.HAL_UART_Transmit                      0x080024c8   Section        0  stm32f4xx_hal_uart.o(i.HAL_UART_Transmit)
    i.HAL_UART_TxCpltCallback                0x08002594   Section        0  stm32f4xx_hal_uart.o(i.HAL_UART_TxCpltCallback)
    i.I2C_RequestMemoryRead                  0x08002598   Section        0  stm32f4xx_hal_i2c.o(i.I2C_RequestMemoryRead)
    I2C_RequestMemoryRead                    0x08002599   Thumb Code   218  stm32f4xx_hal_i2c.o(i.I2C_RequestMemoryRead)
    i.I2C_RequestMemoryWrite                 0x08002678   Section        0  stm32f4xx_hal_i2c.o(i.I2C_RequestMemoryWrite)
    I2C_RequestMemoryWrite                   0x08002679   Thumb Code   140  stm32f4xx_hal_i2c.o(i.I2C_RequestMemoryWrite)
    i.I2C_WaitOnFlagUntilTimeout             0x08002708   Section        0  stm32f4xx_hal_i2c.o(i.I2C_WaitOnFlagUntilTimeout)
    I2C_WaitOnFlagUntilTimeout               0x08002709   Thumb Code   138  stm32f4xx_hal_i2c.o(i.I2C_WaitOnFlagUntilTimeout)
    i.I2C_WaitOnMasterAddressFlagUntilTimeout 0x08002794   Section        0  stm32f4xx_hal_i2c.o(i.I2C_WaitOnMasterAddressFlagUntilTimeout)
    I2C_WaitOnMasterAddressFlagUntilTimeout  0x08002795   Thumb Code   136  stm32f4xx_hal_i2c.o(i.I2C_WaitOnMasterAddressFlagUntilTimeout)
    i.MX_ADC1_Init                           0x0800281c   Section        0  main.o(i.MX_ADC1_Init)
    MX_ADC1_Init                             0x0800281d   Thumb Code    90  main.o(i.MX_ADC1_Init)
    i.MX_GPIO_Init                           0x08002880   Section        0  main.o(i.MX_GPIO_Init)
    MX_GPIO_Init                             0x08002881   Thumb Code   290  main.o(i.MX_GPIO_Init)
    i.MX_TIM10_Init                          0x080029c0   Section        0  main.o(i.MX_TIM10_Init)
    MX_TIM10_Init                            0x080029c1   Thumb Code    66  main.o(i.MX_TIM10_Init)
    i.MX_TIM11_Init                          0x08002a0c   Section        0  main.o(i.MX_TIM11_Init)
    MX_TIM11_Init                            0x08002a0d   Thumb Code    66  main.o(i.MX_TIM11_Init)
    i.NVIC_SetPriority                       0x08002a58   Section        0  stm32f4xx_hal_cortex.o(i.NVIC_SetPriority)
    NVIC_SetPriority                         0x08002a59   Thumb Code    32  stm32f4xx_hal_cortex.o(i.NVIC_SetPriority)
    i.No_Pwr                                 0x08002a78   Section        0  task_control.o(i.No_Pwr)
    i.PID                                    0x08002a7c   Section        0  task_control.o(i.PID)
    i.Process_Command                        0x08002b64   Section        0  task_master.o(i.Process_Command)
    i.Report_Variable                        0x080033a0   Section        0  task_master.o(i.Report_Variable)
    i.SysTick_Handler                        0x08003564   Section        0  stm32f4xx_it.o(i.SysTick_Handler)
    i.SystemClock_Config                     0x0800357c   Section        0  main.o(i.SystemClock_Config)
    i.SystemInit                             0x080035e4   Section        0  system_stm32f4xx.o(i.SystemInit)
    i.TIM_Base_SetConfig                     0x08003638   Section        0  stm32f4xx_hal_tim.o(i.TIM_Base_SetConfig)
    i.TIM_CCxChannelCmd                      0x080036c8   Section        0  stm32f4xx_hal_tim.o(i.TIM_CCxChannelCmd)
    i.TIM_OC1_SetConfig                      0x080036e0   Section        0  stm32f4xx_hal_tim.o(i.TIM_OC1_SetConfig)
    TIM_OC1_SetConfig                        0x080036e1   Thumb Code    74  stm32f4xx_hal_tim.o(i.TIM_OC1_SetConfig)
    i.TIM_OC2_SetConfig                      0x08003730   Section        0  stm32f4xx_hal_tim.o(i.TIM_OC2_SetConfig)
    i.TIM_OC3_SetConfig                      0x08003788   Section        0  stm32f4xx_hal_tim.o(i.TIM_OC3_SetConfig)
    TIM_OC3_SetConfig                        0x08003789   Thumb Code    82  stm32f4xx_hal_tim.o(i.TIM_OC3_SetConfig)
    i.TIM_OC4_SetConfig                      0x080037e0   Section        0  stm32f4xx_hal_tim.o(i.TIM_OC4_SetConfig)
    TIM_OC4_SetConfig                        0x080037e1   Thumb Code    64  stm32f4xx_hal_tim.o(i.TIM_OC4_SetConfig)
    i.UART_Receive_IT                        0x08003824   Section        0  stm32f4xx_hal_uart.o(i.UART_Receive_IT)
    UART_Receive_IT                          0x08003825   Thumb Code   168  stm32f4xx_hal_uart.o(i.UART_Receive_IT)
    i.UART_SetConfig                         0x080038cc   Section        0  stm32f4xx_hal_uart.o(i.UART_SetConfig)
    UART_SetConfig                           0x080038cd   Thumb Code   366  stm32f4xx_hal_uart.o(i.UART_SetConfig)
    i.UART_Transmit_IT                       0x08003a44   Section        0  stm32f4xx_hal_uart.o(i.UART_Transmit_IT)
    UART_Transmit_IT                         0x08003a45   Thumb Code   102  stm32f4xx_hal_uart.o(i.UART_Transmit_IT)
    i.UART_WaitOnFlagUntilTimeout            0x08003aaa   Section        0  stm32f4xx_hal_uart.o(i.UART_WaitOnFlagUntilTimeout)
    UART_WaitOnFlagUntilTimeout              0x08003aab   Thumb Code   146  stm32f4xx_hal_uart.o(i.UART_WaitOnFlagUntilTimeout)
    i.USART1_IRQHandler                      0x08003b3c   Section        0  stm32f4xx_it.o(i.USART1_IRQHandler)
    i.Update_Variable                        0x08003b48   Section        0  task_master.o(i.Update_Variable)
    i.__0printf                              0x08003c9c   Section        0  printfa.o(i.__0printf)
    i.__ARM_fpclassify                       0x08003cbc   Section        0  fpclassify.o(i.__ARM_fpclassify)
    i.__hardfp_atan                          0x08003cf0   Section        0  atan.o(i.__hardfp_atan)
    i.__hardfp_atan2                         0x08003fc8   Section        0  atan2.o(i.__hardfp_atan2)
    i.__kernel_poly                          0x080041b8   Section        0  poly.o(i.__kernel_poly)
    i.__mathlib_dbl_infnan                   0x080042b0   Section        0  dunder.o(i.__mathlib_dbl_infnan)
    i.__mathlib_dbl_infnan2                  0x080042c4   Section        0  dunder.o(i.__mathlib_dbl_infnan2)
    i.__mathlib_dbl_underflow                0x080042d8   Section        0  dunder.o(i.__mathlib_dbl_underflow)
    i.__scatterload_copy                     0x080042f8   Section       14  handlers.o(i.__scatterload_copy)
    i.__scatterload_null                     0x08004306   Section        2  handlers.o(i.__scatterload_null)
    i.__scatterload_zeroinit                 0x08004308   Section       14  handlers.o(i.__scatterload_zeroinit)
    i._fp_digits                             0x08004318   Section        0  printfa.o(i._fp_digits)
    _fp_digits                               0x08004319   Thumb Code   334  printfa.o(i._fp_digits)
    i._printf_core                           0x0800447c   Section        0  printfa.o(i._printf_core)
    _printf_core                             0x0800447d   Thumb Code  1744  printfa.o(i._printf_core)
    i._printf_post_padding                   0x08004b58   Section        0  printfa.o(i._printf_post_padding)
    _printf_post_padding                     0x08004b59   Thumb Code    36  printfa.o(i._printf_post_padding)
    i._printf_pre_padding                    0x08004b7c   Section        0  printfa.o(i._printf_pre_padding)
    _printf_pre_padding                      0x08004b7d   Thumb Code    46  printfa.o(i._printf_pre_padding)
    i.accl_init                              0x08004bac   Section        0  task_control.o(i.accl_init)
    i.accl_measure                           0x08004bd0   Section        0  task_control.o(i.accl_measure)
    i.atan                                   0x08004bf0   Section        0  atan.o(i.atan)
    i.control_logic                          0x08004c00   Section        0  task_control.o(i.control_logic)
    i.fabs                                   0x08004c18   Section        0  fabs.o(i.fabs)
    i.filter_logic                           0x08004c30   Section        0  task_control.o(i.filter_logic)
    i.fputc                                  0x08004c44   Section        0  main.o(i.fputc)
    i.gyro_init                              0x08004c5c   Section        0  task_control.o(i.gyro_init)
    i.gyro_measure                           0x08004c80   Section        0  task_control.o(i.gyro_measure)
    i.main                                   0x08004ca0   Section        0  main.o(i.main)
    i.motor_0_power                          0x08004dfc   Section        0  task_control.o(i.motor_0_power)
    i.motor_1_power                          0x08004e54   Section        0  task_control.o(i.motor_1_power)
    i.my_HAL_UART_RxCpltCallback             0x08004ea8   Section        0  task_master.o(i.my_HAL_UART_RxCpltCallback)
    i.osKernelStart                          0x08004f04   Section        0  cmsis_os.o(i.osKernelStart)
    i.print_mtrx_nxn                         0x08004f10   Section        0  matrix.o(i.print_mtrx_nxn)
    i.prvAddCurrentTaskToDelayedList         0x08004f64   Section        0  tasks.o(i.prvAddCurrentTaskToDelayedList)
    prvAddCurrentTaskToDelayedList           0x08004f65   Thumb Code    48  tasks.o(i.prvAddCurrentTaskToDelayedList)
    i.prvCheckTasksWaitingTermination        0x08004f98   Section        0  tasks.o(i.prvCheckTasksWaitingTermination)
    prvCheckTasksWaitingTermination          0x08004f99   Thumb Code    76  tasks.o(i.prvCheckTasksWaitingTermination)
    i.prvCopyDataFromQueue                   0x08004fec   Section        0  queue.o(i.prvCopyDataFromQueue)
    prvCopyDataFromQueue                     0x08004fed   Thumb Code    38  queue.o(i.prvCopyDataFromQueue)
    i.prvCopyDataToQueue                     0x08005012   Section        0  queue.o(i.prvCopyDataToQueue)
    prvCopyDataToQueue                       0x08005013   Thumb Code   110  queue.o(i.prvCopyDataToQueue)
    i.prvHeapInit                            0x08005080   Section        0  heap_4.o(i.prvHeapInit)
    prvHeapInit                              0x08005081   Thumb Code    66  heap_4.o(i.prvHeapInit)
    i.prvIdleTask                            0x080050cc   Section        0  tasks.o(i.prvIdleTask)
    prvIdleTask                              0x080050cd   Thumb Code    20  tasks.o(i.prvIdleTask)
    i.prvInsertBlockIntoFreeList             0x080050e4   Section        0  heap_4.o(i.prvInsertBlockIntoFreeList)
    prvInsertBlockIntoFreeList               0x080050e5   Thumb Code    72  heap_4.o(i.prvInsertBlockIntoFreeList)
    i.prvResetNextTaskUnblockTime            0x08005130   Section        0  tasks.o(i.prvResetNextTaskUnblockTime)
    prvResetNextTaskUnblockTime              0x08005131   Thumb Code    26  tasks.o(i.prvResetNextTaskUnblockTime)
    i.prvTaskCheckFreeStackSpace             0x08005150   Section        0  tasks.o(i.prvTaskCheckFreeStackSpace)
    prvTaskCheckFreeStackSpace               0x08005151   Thumb Code    20  tasks.o(i.prvTaskCheckFreeStackSpace)
    i.prvTaskExitError                       0x08005164   Section        0  port.o(i.prvTaskExitError)
    prvTaskExitError                         0x08005165   Thumb Code    20  port.o(i.prvTaskExitError)
    i.prvUnlockQueue                         0x0800517c   Section        0  queue.o(i.prvUnlockQueue)
    prvUnlockQueue                           0x0800517d   Thumb Code   100  queue.o(i.prvUnlockQueue)
    i.pvPortMalloc                           0x080051e0   Section        0  heap_4.o(i.pvPortMalloc)
    i.pvTaskIncrementMutexHeldCount          0x0800529c   Section        0  tasks.o(i.pvTaskIncrementMutexHeldCount)
    i.pxPortInitialiseStack                  0x080052b4   Section        0  port.o(i.pxPortInitialiseStack)
    i.task_control                           0x080052dc   Section        0  task_control.o(i.task_control)
    i.task_master                            0x08005450   Section        0  task_master.o(i.task_master)
    i.task_safety                            0x080054bc   Section        0  task_safety.o(i.task_safety)
    i.task_test                              0x08005570   Section        0  task_test.o(i.task_test)
    i.uxListRemove                           0x08005724   Section        0  list.o(i.uxListRemove)
    i.uxTaskGetStackHighWaterMark            0x08005748   Section        0  tasks.o(i.uxTaskGetStackHighWaterMark)
    i.uxTaskPriorityGet                      0x08005758   Section        0  tasks.o(i.uxTaskPriorityGet)
    i.vListInitialise                        0x08005774   Section        0  list.o(i.vListInitialise)
    i.vListInitialiseItem                    0x0800578a   Section        0  list.o(i.vListInitialiseItem)
    i.vListInsert                            0x08005790   Section        0  list.o(i.vListInsert)
    i.vListInsertEnd                         0x080057c0   Section        0  list.o(i.vListInsertEnd)
    i.vPortEnterCritical                     0x080057d8   Section        0  port.o(i.vPortEnterCritical)
    i.vPortExitCritical                      0x0800580c   Section        0  port.o(i.vPortExitCritical)
    i.vPortFree                              0x08005830   Section        0  heap_4.o(i.vPortFree)
    i.vPortSetupTimerInterrupt               0x08005878   Section        0  port.o(i.vPortSetupTimerInterrupt)
    i.vPortYield                             0x08005898   Section        0  port.o(i.vPortYield)
    i.vTaskDelayUntil                        0x080058b0   Section        0  tasks.o(i.vTaskDelayUntil)
    i.vTaskMissedYield                       0x0800592c   Section        0  tasks.o(i.vTaskMissedYield)
    i.vTaskPlaceOnEventList                  0x08005938   Section        0  tasks.o(i.vTaskPlaceOnEventList)
    i.vTaskPriorityInherit                   0x08005990   Section        0  tasks.o(i.vTaskPriorityInherit)
    i.vTaskSetTimeOutState                   0x08005a14   Section        0  tasks.o(i.vTaskSetTimeOutState)
    i.vTaskStartScheduler                    0x08005a30   Section        0  tasks.o(i.vTaskStartScheduler)
    i.vTaskSuspendAll                        0x08005a7c   Section        0  tasks.o(i.vTaskSuspendAll)
    i.vTaskSwitchContext                     0x08005a8c   Section        0  tasks.o(i.vTaskSwitchContext)
    i.xPortStartScheduler                    0x08005ae0   Section        0  port.o(i.xPortStartScheduler)
    i.xPortSysTickHandler                    0x08005b64   Section        0  port.o(i.xPortSysTickHandler)
    i.xQueueGenericCreate                    0x08005b88   Section        0  queue.o(i.xQueueGenericCreate)
    i.xQueueGenericReceive                   0x08005bd0   Section        0  queue.o(i.xQueueGenericReceive)
    i.xQueueGenericReset                     0x08005cfe   Section        0  queue.o(i.xQueueGenericReset)
    i.xQueueGenericSend                      0x08005d68   Section        0  queue.o(i.xQueueGenericSend)
    i.xTaskCheckForTimeOut                   0x08005e7c   Section        0  tasks.o(i.xTaskCheckForTimeOut)
    i.xTaskGenericCreate                     0x08005ed4   Section        0  tasks.o(i.xTaskGenericCreate)
    i.xTaskGetSchedulerState                 0x08006058   Section        0  tasks.o(i.xTaskGetSchedulerState)
    i.xTaskGetTickCount                      0x08006074   Section        0  tasks.o(i.xTaskGetTickCount)
    i.xTaskIncrementTick                     0x0800608c   Section        0  tasks.o(i.xTaskIncrementTick)
    i.xTaskPriorityDisinherit                0x0800614c   Section        0  tasks.o(i.xTaskPriorityDisinherit)
    i.xTaskRemoveFromEventList               0x080061c4   Section        0  tasks.o(i.xTaskRemoveFromEventList)
    i.xTaskResumeAll                         0x08006230   Section        0  tasks.o(i.xTaskResumeAll)
    .constdata                               0x080062dc   Section       16  stm32f4xx_hal_rcc.o(.constdata)
    .constdata                               0x080062f0   Section      152  atan.o(.constdata)
    atanhi                                   0x080062f0   Data          32  atan.o(.constdata)
    atanlo                                   0x08006310   Data          32  atan.o(.constdata)
    aTodd                                    0x08006330   Data          40  atan.o(.constdata)
    aTeven                                   0x08006358   Data          48  atan.o(.constdata)
    .constdata                               0x08006388   Section        8  qnan.o(.constdata)
    .conststring                             0x08006390   Section      292  task_master.o(.conststring)
    .conststring                             0x080064b4   Section      146  task_test.o(.conststring)
    .data                                    0x20000000   Section        2  stm32f4xx_it.o(.data)
    state_enc_0_prev                         0x20000000   Data           1  stm32f4xx_it.o(.data)
    state_enc_1_prev                         0x20000001   Data           1  stm32f4xx_it.o(.data)
    .data                                    0x20000004   Section       16  main.o(.data)
    .data                                    0x20000014   Section        4  stm32f4xx_hal.o(.data)
    uwTick                                   0x20000014   Data           4  stm32f4xx_hal.o(.data)
    .data                                    0x20000018   Section       24  heap_4.o(.data)
    pxEnd                                    0x20000018   Data           4  heap_4.o(.data)
    xFreeBytesRemaining                      0x2000001c   Data           4  heap_4.o(.data)
    xMinimumEverFreeBytesRemaining           0x20000020   Data           4  heap_4.o(.data)
    xBlockAllocatedBit                       0x20000024   Data           4  heap_4.o(.data)
    xStart                                   0x20000028   Data           8  heap_4.o(.data)
    .data                                    0x20000030   Section       56  tasks.o(.data)
    uxTasksDeleted                           0x20000034   Data           4  tasks.o(.data)
    uxCurrentNumberOfTasks                   0x20000038   Data           4  tasks.o(.data)
    xTickCount                               0x2000003c   Data           4  tasks.o(.data)
    uxTopReadyPriority                       0x20000040   Data           4  tasks.o(.data)
    xSchedulerRunning                        0x20000044   Data           4  tasks.o(.data)
    uxPendedTicks                            0x20000048   Data           4  tasks.o(.data)
    xYieldPending                            0x2000004c   Data           4  tasks.o(.data)
    xNumOfOverflows                          0x20000050   Data           4  tasks.o(.data)
    uxTaskNumber                             0x20000054   Data           4  tasks.o(.data)
    xNextTaskUnblockTime                     0x20000058   Data           4  tasks.o(.data)
    uxSchedulerSuspended                     0x2000005c   Data           4  tasks.o(.data)
    pxDelayedTaskList                        0x20000060   Data           4  tasks.o(.data)
    pxOverflowDelayedTaskList                0x20000064   Data           4  tasks.o(.data)
    .data                                    0x20000068   Section       12  port.o(.data)
    ucMaxSysCallPriority                     0x20000068   Data           1  port.o(.data)
    uxCriticalNesting                        0x2000006c   Data           4  port.o(.data)
    ulMaxPRIGROUPValue                       0x20000070   Data           4  port.o(.data)
    .data                                    0x20000074   Section       20  system_stm32f4xx.o(.data)
    .data                                    0x20000088   Section      124  task_master.o(.data)
    reset_count                              0x2000008e   Data           2  task_master.o(.data)
    .data                                    0x20000104   Section      120  task_control.o(.data)
    gyro_reg_ctrl_1_setting                  0x20000104   Data           1  task_control.o(.data)
    accl_reg_ctrl_1_setting                  0x20000105   Data           1  task_control.o(.data)
    alpha                                    0x20000120   Data           4  task_control.o(.data)
    position_prev                            0x20000124   Data           4  task_control.o(.data)
    alpha                                    0x20000128   Data           4  task_control.o(.data)
    position_prev                            0x2000012c   Data           4  task_control.o(.data)
    integrator_out_prev                      0x20000130   Data           4  task_control.o(.data)
    error_prev                               0x20000134   Data           4  task_control.o(.data)
    K_INT                                    0x20000138   Data           4  task_control.o(.data)
    K_PROP                                   0x2000013c   Data           4  task_control.o(.data)
    K_DER                                    0x20000140   Data           4  task_control.o(.data)
    INT_CLAMP                                0x20000144   Data           4  task_control.o(.data)
    integrator_out_prev                      0x20000148   Data           4  task_control.o(.data)
    error_prev                               0x2000014c   Data           4  task_control.o(.data)
    INT_CLAMP                                0x20000150   Data           4  task_control.o(.data)
    .data                                    0x2000017c   Section        4  stdout.o(.data)
    .bss                                     0x20000180   Section      312  main.o(.bss)
    .bss                                     0x200002b8   Section       80  main.o(.bss)
    .bss                                     0x20000308   Section    15360  heap_4.o(.bss)
    ucHeap                                   0x20000308   Data       15360  heap_4.o(.bss)
    .bss                                     0x20003f08   Section      240  tasks.o(.bss)
    pxReadyTasksLists                        0x20003f08   Data         140  tasks.o(.bss)
    xDelayedTaskList1                        0x20003f94   Data          20  tasks.o(.bss)
    xDelayedTaskList2                        0x20003fa8   Data          20  tasks.o(.bss)
    xPendingReadyList                        0x20003fbc   Data          20  tasks.o(.bss)
    xTasksWaitingTermination                 0x20003fd0   Data          20  tasks.o(.bss)
    xSuspendedTaskList                       0x20003fe4   Data          20  tasks.o(.bss)
    .bss                                     0x20003ff8   Section      127  task_master.o(.bss)
    .bss                                     0x20004078   Section       28  task_control.o(.bss)
    STACK                                    0x20004098   Section     1024  startup_stm32f401xe.o(STACK)

    Global Symbols

    Symbol Name                              Value     Ov Type        Size  Object(Section)

    BuildAttributes$$THM_ISAv4$E$P$D$K$B$S$7EM$VFPi3$EXTD16$VFPS$VFMA$PE$A:L22UL41UL21$X:L11$S22US41US21$IEEE1$IW$USESV6$~STKCKD$USESV7$~SHL$OTIME$ROPI$IEEEX$EBA8$MICROLIB$REQ8$PRES8$EABIv2 0x00000000   Number         0  anon$$obj.o ABSOLUTE
    __ARM_use_no_argv                        0x00000000   Number         0  main.o ABSOLUTE
    _printf_a                                0x00000000   Number         0  stubs.o ABSOLUTE
    _printf_c                                0x00000000   Number         0  stubs.o ABSOLUTE
    _printf_charcount                        0x00000000   Number         0  stubs.o ABSOLUTE
    _printf_d                                0x00000000   Number         0  stubs.o ABSOLUTE
    _printf_e                                0x00000000   Number         0  stubs.o ABSOLUTE
    _printf_f                                0x00000000   Number         0  stubs.o ABSOLUTE
    _printf_flags                            0x00000000   Number         0  stubs.o ABSOLUTE
    _printf_fp_dec                           0x00000000   Number         0  stubs.o ABSOLUTE
    _printf_fp_hex                           0x00000000   Number         0  stubs.o ABSOLUTE
    _printf_g                                0x00000000   Number         0  stubs.o ABSOLUTE
    _printf_i                                0x00000000   Number         0  stubs.o ABSOLUTE
    _printf_int_dec                          0x00000000   Number         0  stubs.o ABSOLUTE
    _printf_l                                0x00000000   Number         0  stubs.o ABSOLUTE
    _printf_lc                               0x00000000   Number         0  stubs.o ABSOLUTE
    _printf_ll                               0x00000000   Number         0  stubs.o ABSOLUTE
    _printf_lld                              0x00000000   Number         0  stubs.o ABSOLUTE
    _printf_lli                              0x00000000   Number         0  stubs.o ABSOLUTE
    _printf_llo                              0x00000000   Number         0  stubs.o ABSOLUTE
    _printf_llu                              0x00000000   Number         0  stubs.o ABSOLUTE
    _printf_llx                              0x00000000   Number         0  stubs.o ABSOLUTE
    _printf_longlong_dec                     0x00000000   Number         0  stubs.o ABSOLUTE
    _printf_longlong_hex                     0x00000000   Number         0  stubs.o ABSOLUTE
    _printf_longlong_oct                     0x00000000   Number         0  stubs.o ABSOLUTE
    _printf_ls                               0x00000000   Number         0  stubs.o ABSOLUTE
    _printf_mbtowc                           0x00000000   Number         0  stubs.o ABSOLUTE
    _printf_n                                0x00000000   Number         0  stubs.o ABSOLUTE
    _printf_o                                0x00000000   Number         0  stubs.o ABSOLUTE
    _printf_p                                0x00000000   Number         0  stubs.o ABSOLUTE
    _printf_percent                          0x00000000   Number         0  stubs.o ABSOLUTE
    _printf_pre_padding                      0x00000000   Number         0  stubs.o ABSOLUTE
    _printf_return_value                     0x00000000   Number         0  stubs.o ABSOLUTE
    _printf_s                                0x00000000   Number         0  stubs.o ABSOLUTE
    _printf_sizespec                         0x00000000   Number         0  stubs.o ABSOLUTE
    _printf_str                              0x00000000   Number         0  stubs.o ABSOLUTE
    _printf_truncate_signed                  0x00000000   Number         0  stubs.o ABSOLUTE
    _printf_truncate_unsigned                0x00000000   Number         0  stubs.o ABSOLUTE
    _printf_u                                0x00000000   Number         0  stubs.o ABSOLUTE
    _printf_wc                               0x00000000   Number         0  stubs.o ABSOLUTE
    _printf_wctomb                           0x00000000   Number         0  stubs.o ABSOLUTE
    _printf_widthprec                        0x00000000   Number         0  stubs.o ABSOLUTE
    _printf_x                                0x00000000   Number         0  stubs.o ABSOLUTE
    __cpp_initialize__aeabi_                  - Undefined Weak Reference
    __cxa_finalize                            - Undefined Weak Reference
    _clock_init                               - Undefined Weak Reference
    _microlib_exit                            - Undefined Weak Reference
    __Vectors_Size                           0x00000194   Number         0  startup_stm32f401xe.o ABSOLUTE
    __Vectors                                0x08000000   Data           4  startup_stm32f401xe.o(RESET)
    __Vectors_End                            0x08000194   Data           0  startup_stm32f401xe.o(RESET)
    __main                                   0x08000195   Thumb Code     0  entry.o(.ARM.Collect$$$$00000000)
    _main_stk                                0x08000195   Thumb Code     0  entry2.o(.ARM.Collect$$$$00000001)
    _main_scatterload                        0x08000199   Thumb Code     0  entry5.o(.ARM.Collect$$$$00000004)
    __main_after_scatterload                 0x0800019d   Thumb Code     0  entry5.o(.ARM.Collect$$$$00000004)
    _main_clock                              0x0800019d   Thumb Code     0  entry7b.o(.ARM.Collect$$$$00000008)
    _main_cpp_init                           0x0800019d   Thumb Code     0  entry8b.o(.ARM.Collect$$$$0000000A)
    _main_init                               0x0800019d   Thumb Code     0  entry9a.o(.ARM.Collect$$$$0000000B)
    __rt_final_cpp                           0x080001a5   Thumb Code     0  entry10a.o(.ARM.Collect$$$$0000000D)
    __rt_final_exit                          0x080001a5   Thumb Code     0  entry11a.o(.ARM.Collect$$$$0000000F)
    SVC_Handler                              0x080001a9   Thumb Code    28  port.o(.emb_text)
    __asm___6_port_c_39a90d8d__prvStartFirstTask 0x080001c9   Thumb Code    28  port.o(.emb_text)
    __asm___6_port_c_39a90d8d__prvEnableVFP  0x080001e9   Thumb Code    16  port.o(.emb_text)
    PendSV_Handler                           0x080001fd   Thumb Code    84  port.o(.emb_text)
    ulPortSetInterruptMask                   0x08000255   Thumb Code    14  port.o(.emb_text)
    vPortClearInterruptMask                  0x08000263   Thumb Code     6  port.o(.emb_text)
    vPortGetIPSR                             0x08000269   Thumb Code     6  port.o(.emb_text)
    Reset_Handler                            0x08000271   Thumb Code     8  startup_stm32f401xe.o(.text)
    NMI_Handler                              0x08000279   Thumb Code     2  startup_stm32f401xe.o(.text)
    HardFault_Handler                        0x0800027b   Thumb Code     2  startup_stm32f401xe.o(.text)
    MemManage_Handler                        0x0800027d   Thumb Code     2  startup_stm32f401xe.o(.text)
    BusFault_Handler                         0x0800027f   Thumb Code     2  startup_stm32f401xe.o(.text)
    UsageFault_Handler                       0x08000281   Thumb Code     2  startup_stm32f401xe.o(.text)
    DebugMon_Handler                         0x08000285   Thumb Code     2  startup_stm32f401xe.o(.text)
    ADC_IRQHandler                           0x0800028b   Thumb Code     0  startup_stm32f401xe.o(.text)
    DMA1_Stream0_IRQHandler                  0x0800028b   Thumb Code     0  startup_stm32f401xe.o(.text)
    DMA1_Stream1_IRQHandler                  0x0800028b   Thumb Code     0  startup_stm32f401xe.o(.text)
    DMA1_Stream2_IRQHandler                  0x0800028b   Thumb Code     0  startup_stm32f401xe.o(.text)
    DMA1_Stream3_IRQHandler                  0x0800028b   Thumb Code     0  startup_stm32f401xe.o(.text)
    DMA1_Stream4_IRQHandler                  0x0800028b   Thumb Code     0  startup_stm32f401xe.o(.text)
    DMA1_Stream5_IRQHandler                  0x0800028b   Thumb Code     0  startup_stm32f401xe.o(.text)
    DMA1_Stream6_IRQHandler                  0x0800028b   Thumb Code     0  startup_stm32f401xe.o(.text)
    DMA1_Stream7_IRQHandler                  0x0800028b   Thumb Code     0  startup_stm32f401xe.o(.text)
    DMA2_Stream0_IRQHandler                  0x0800028b   Thumb Code     0  startup_stm32f401xe.o(.text)
    DMA2_Stream1_IRQHandler                  0x0800028b   Thumb Code     0  startup_stm32f401xe.o(.text)
    DMA2_Stream2_IRQHandler                  0x0800028b   Thumb Code     0  startup_stm32f401xe.o(.text)
    DMA2_Stream3_IRQHandler                  0x0800028b   Thumb Code     0  startup_stm32f401xe.o(.text)
    DMA2_Stream4_IRQHandler                  0x0800028b   Thumb Code     0  startup_stm32f401xe.o(.text)
    DMA2_Stream5_IRQHandler                  0x0800028b   Thumb Code     0  startup_stm32f401xe.o(.text)
    DMA2_Stream6_IRQHandler                  0x0800028b   Thumb Code     0  startup_stm32f401xe.o(.text)
    DMA2_Stream7_IRQHandler                  0x0800028b   Thumb Code     0  startup_stm32f401xe.o(.text)
    EXTI0_IRQHandler                         0x0800028b   Thumb Code     0  startup_stm32f401xe.o(.text)
    EXTI1_IRQHandler                         0x0800028b   Thumb Code     0  startup_stm32f401xe.o(.text)
    EXTI2_IRQHandler                         0x0800028b   Thumb Code     0  startup_stm32f401xe.o(.text)
    EXTI3_IRQHandler                         0x0800028b   Thumb Code     0  startup_stm32f401xe.o(.text)
    EXTI4_IRQHandler                         0x0800028b   Thumb Code     0  startup_stm32f401xe.o(.text)
    FLASH_IRQHandler                         0x0800028b   Thumb Code     0  startup_stm32f401xe.o(.text)
    FPU_IRQHandler                           0x0800028b   Thumb Code     0  startup_stm32f401xe.o(.text)
    I2C1_ER_IRQHandler                       0x0800028b   Thumb Code     0  startup_stm32f401xe.o(.text)
    I2C1_EV_IRQHandler                       0x0800028b   Thumb Code     0  startup_stm32f401xe.o(.text)
    I2C2_ER_IRQHandler                       0x0800028b   Thumb Code     0  startup_stm32f401xe.o(.text)
    I2C2_EV_IRQHandler                       0x0800028b   Thumb Code     0  startup_stm32f401xe.o(.text)
    I2C3_ER_IRQHandler                       0x0800028b   Thumb Code     0  startup_stm32f401xe.o(.text)
    I2C3_EV_IRQHandler                       0x0800028b   Thumb Code     0  startup_stm32f401xe.o(.text)
    OTG_FS_IRQHandler                        0x0800028b   Thumb Code     0  startup_stm32f401xe.o(.text)
    OTG_FS_WKUP_IRQHandler                   0x0800028b   Thumb Code     0  startup_stm32f401xe.o(.text)
    PVD_IRQHandler                           0x0800028b   Thumb Code     0  startup_stm32f401xe.o(.text)
    RCC_IRQHandler                           0x0800028b   Thumb Code     0  startup_stm32f401xe.o(.text)
    RTC_Alarm_IRQHandler                     0x0800028b   Thumb Code     0  startup_stm32f401xe.o(.text)
    RTC_WKUP_IRQHandler                      0x0800028b   Thumb Code     0  startup_stm32f401xe.o(.text)
    SDIO_IRQHandler                          0x0800028b   Thumb Code     0  startup_stm32f401xe.o(.text)
    SPI1_IRQHandler                          0x0800028b   Thumb Code     0  startup_stm32f401xe.o(.text)
    SPI2_IRQHandler                          0x0800028b   Thumb Code     0  startup_stm32f401xe.o(.text)
    SPI3_IRQHandler                          0x0800028b   Thumb Code     0  startup_stm32f401xe.o(.text)
    SPI4_IRQHandler                          0x0800028b   Thumb Code     0  startup_stm32f401xe.o(.text)
    TAMP_STAMP_IRQHandler                    0x0800028b   Thumb Code     0  startup_stm32f401xe.o(.text)
    TIM1_BRK_TIM9_IRQHandler                 0x0800028b   Thumb Code     0  startup_stm32f401xe.o(.text)
    TIM1_CC_IRQHandler                       0x0800028b   Thumb Code     0  startup_stm32f401xe.o(.text)
    TIM1_TRG_COM_TIM11_IRQHandler            0x0800028b   Thumb Code     0  startup_stm32f401xe.o(.text)
    TIM1_UP_TIM10_IRQHandler                 0x0800028b   Thumb Code     0  startup_stm32f401xe.o(.text)
    TIM2_IRQHandler                          0x0800028b   Thumb Code     0  startup_stm32f401xe.o(.text)
    TIM3_IRQHandler                          0x0800028b   Thumb Code     0  startup_stm32f401xe.o(.text)
    TIM4_IRQHandler                          0x0800028b   Thumb Code     0  startup_stm32f401xe.o(.text)
    TIM5_IRQHandler                          0x0800028b   Thumb Code     0  startup_stm32f401xe.o(.text)
    USART2_IRQHandler                        0x0800028b   Thumb Code     0  startup_stm32f401xe.o(.text)
    USART6_IRQHandler                        0x0800028b   Thumb Code     0  startup_stm32f401xe.o(.text)
    WWDG_IRQHandler                          0x0800028b   Thumb Code     0  startup_stm32f401xe.o(.text)
    __aeabi_memcpy                           0x08000295   Thumb Code    36  memcpya.o(.text)
    __aeabi_memcpy4                          0x08000295   Thumb Code     0  memcpya.o(.text)
    __aeabi_memcpy8                          0x08000295   Thumb Code     0  memcpya.o(.text)
    __aeabi_memset                           0x080002b9   Thumb Code    14  memseta.o(.text)
    __aeabi_memset4                          0x080002b9   Thumb Code     0  memseta.o(.text)
    __aeabi_memset8                          0x080002b9   Thumb Code     0  memseta.o(.text)
    __aeabi_memclr                           0x080002c7   Thumb Code     4  memseta.o(.text)
    __aeabi_memclr4                          0x080002c7   Thumb Code     0  memseta.o(.text)
    __aeabi_memclr8                          0x080002c7   Thumb Code     0  memseta.o(.text)
    _memset$wrapper                          0x080002cb   Thumb Code    18  memseta.o(.text)
    __aeabi_dadd                             0x080002dd   Thumb Code   322  dadd.o(.text)
    __aeabi_dsub                             0x0800041f   Thumb Code     6  dadd.o(.text)
    __aeabi_drsub                            0x08000425   Thumb Code     6  dadd.o(.text)
    __aeabi_dmul                             0x0800042b   Thumb Code   228  dmul.o(.text)
    __aeabi_i2d                              0x0800050f   Thumb Code    34  dflti.o(.text)
    __aeabi_f2d                              0x08000531   Thumb Code    38  f2d.o(.text)
    __aeabi_d2f                              0x08000557   Thumb Code    56  d2f.o(.text)
    __aeabi_uidiv                            0x0800058f   Thumb Code     0  uidiv.o(.text)
    __aeabi_uidivmod                         0x0800058f   Thumb Code    44  uidiv.o(.text)
    __aeabi_uldivmod                         0x080005bb   Thumb Code    98  uldiv.o(.text)
    __aeabi_llsl                             0x0800061d   Thumb Code    30  llshl.o(.text)
    _ll_shift_l                              0x0800061d   Thumb Code     0  llshl.o(.text)
    __aeabi_lasr                             0x0800063b   Thumb Code    36  llsshr.o(.text)
    _ll_sshift_r                             0x0800063b   Thumb Code     0  llsshr.o(.text)
    __I$use$fp                               0x0800065f   Thumb Code     0  iusefp.o(.text)
    _float_round                             0x0800065f   Thumb Code    18  fepilogue.o(.text)
    _float_epilogue                          0x08000671   Thumb Code    92  fepilogue.o(.text)
    _double_round                            0x080006cd   Thumb Code    30  depilogue.o(.text)
    _double_epilogue                         0x080006eb   Thumb Code   156  depilogue.o(.text)
    __aeabi_ddiv                             0x08000787   Thumb Code   222  ddiv.o(.text)
    __aeabi_d2ulz                            0x08000865   Thumb Code    48  dfixul.o(.text)
    __aeabi_cdrcmple                         0x08000895   Thumb Code    48  cdrcmple.o(.text)
    __scatterload                            0x080008c5   Thumb Code    28  init.o(.text)
    __scatterload_rt2                        0x080008c5   Thumb Code     0  init.o(.text)
    __aeabi_llsr                             0x080008e9   Thumb Code    32  llushr.o(.text)
    _ll_ushift_r                             0x080008e9   Thumb Code     0  llushr.o(.text)
    __decompress                             0x08000909   Thumb Code     0  __dczerorl2.o(.text)
    __decompress1                            0x08000909   Thumb Code    86  __dczerorl2.o(.text)
    Compute_Software_State                   0x08000abd   Thumb Code    98  task_master.o(i.Compute_Software_State)
    DCM                                      0x08000b29   Thumb Code   356  task_control.o(i.DCM)
    DCM_fix                                  0x08000d01   Thumb Code   356  task_control.o(i.DCM_fix)
    EXTI15_10_IRQHandler                     0x08000f09   Thumb Code    22  stm32f4xx_it.o(i.EXTI15_10_IRQHandler)
    EXTI9_5_IRQHandler                       0x08000f1f   Thumb Code    22  stm32f4xx_it.o(i.EXTI9_5_IRQHandler)
    Fletcher_16                              0x08000f35   Thumb Code    48  task_master.o(i.Fletcher_16)
    HAL_ADC_ConfigChannel                    0x08000f65   Thumb Code   288  stm32f4xx_hal_adc.o(i.HAL_ADC_ConfigChannel)
    HAL_ADC_ConvCpltCallback                 0x08001089   Thumb Code     2  stm32f4xx_hal_adc.o(i.HAL_ADC_ConvCpltCallback)
    HAL_ADC_ConvHalfCpltCallback             0x0800108b   Thumb Code     2  stm32f4xx_hal_adc.o(i.HAL_ADC_ConvHalfCpltCallback)
    HAL_ADC_ErrorCallback                    0x0800108d   Thumb Code     2  stm32f4xx_hal_adc.o(i.HAL_ADC_ErrorCallback)
    HAL_ADC_Init                             0x0800108f   Thumb Code    52  stm32f4xx_hal_adc.o(i.HAL_ADC_Init)
    HAL_ADC_MspInit                          0x080010c5   Thumb Code    90  stm32f4xx_hal_msp.o(i.HAL_ADC_MspInit)
    HAL_ADC_Start                            0x08001135   Thumb Code   118  stm32f4xx_hal_adc.o(i.HAL_ADC_Start)
    HAL_ADC_Start_DMA                        0x080011b1   Thumb Code   138  stm32f4xx_hal_adc.o(i.HAL_ADC_Start_DMA)
    HAL_DMA_Init                             0x08001249   Thumb Code   108  stm32f4xx_hal_dma.o(i.HAL_DMA_Init)
    HAL_DMA_Start_IT                         0x080012b9   Thumb Code   108  stm32f4xx_hal_dma.o(i.HAL_DMA_Start_IT)
    HAL_GPIO_EXTI_Callback                   0x08001325   Thumb Code   246  stm32f4xx_it.o(i.HAL_GPIO_EXTI_Callback)
    HAL_GPIO_EXTI_IRQHandler                 0x08001441   Thumb Code    18  stm32f4xx_hal_gpio.o(i.HAL_GPIO_EXTI_IRQHandler)
    HAL_GPIO_Init                            0x08001459   Thumb Code   352  stm32f4xx_hal_gpio.o(i.HAL_GPIO_Init)
    HAL_GPIO_ReadPin                         0x080015d9   Thumb Code    10  stm32f4xx_hal_gpio.o(i.HAL_GPIO_ReadPin)
    HAL_GPIO_WritePin                        0x080015e3   Thumb Code    10  stm32f4xx_hal_gpio.o(i.HAL_GPIO_WritePin)
    HAL_GetTick                              0x080015ed   Thumb Code     6  stm32f4xx_hal.o(i.HAL_GetTick)
    HAL_I2C_Init                             0x080015f9   Thumb Code   246  stm32f4xx_hal_i2c.o(i.HAL_I2C_Init)
    HAL_I2C_Mem_Read                         0x080016f9   Thumb Code   432  stm32f4xx_hal_i2c.o(i.HAL_I2C_Mem_Read)
    HAL_I2C_Mem_Write                        0x080018b1   Thumb Code   204  stm32f4xx_hal_i2c.o(i.HAL_I2C_Mem_Write)
    HAL_I2C_MspInit                          0x08001985   Thumb Code    54  stm32f4xx_hal_msp.o(i.HAL_I2C_MspInit)
    HAL_IncTick                              0x080019c9   Thumb Code    10  stm32f4xx_hal.o(i.HAL_IncTick)
    HAL_Init                                 0x080019d9   Thumb Code    48  stm32f4xx_hal.o(i.HAL_Init)
    HAL_InitTick                             0x08001a0d   Thumb Code    34  stm32f4xx_hal.o(i.HAL_InitTick)
    HAL_MspInit                              0x08001a2f   Thumb Code    22  stm32f4xx_hal_msp.o(i.HAL_MspInit)
    HAL_NVIC_EnableIRQ                       0x08001a45   Thumb Code    22  stm32f4xx_hal_cortex.o(i.HAL_NVIC_EnableIRQ)
    HAL_NVIC_SetPriority                     0x08001a5d   Thumb Code    60  stm32f4xx_hal_cortex.o(i.HAL_NVIC_SetPriority)
    HAL_NVIC_SetPriorityGrouping             0x08001a9d   Thumb Code    26  stm32f4xx_hal_cortex.o(i.HAL_NVIC_SetPriorityGrouping)
    HAL_RCC_ClockConfig                      0x08001ac1   Thumb Code   432  stm32f4xx_hal_rcc.o(i.HAL_RCC_ClockConfig)
    HAL_RCC_GetHCLKFreq                      0x08001c79   Thumb Code    38  stm32f4xx_hal_rcc.o(i.HAL_RCC_GetHCLKFreq)
    HAL_RCC_GetPCLK1Freq                     0x08001cad   Thumb Code    36  stm32f4xx_hal_rcc.o(i.HAL_RCC_GetPCLK1Freq)
    HAL_RCC_GetPCLK2Freq                     0x08001cd9   Thumb Code    36  stm32f4xx_hal_rcc.o(i.HAL_RCC_GetPCLK2Freq)
    HAL_RCC_GetSysClockFreq                  0x08001d05   Thumb Code   104  stm32f4xx_hal_rcc.o(i.HAL_RCC_GetSysClockFreq)
    HAL_RCC_OscConfig                        0x08001d75   Thumb Code   798  stm32f4xx_hal_rcc.o(i.HAL_RCC_OscConfig)
    HAL_SYSTICK_Config                       0x080020a9   Thumb Code    40  stm32f4xx_hal_cortex.o(i.HAL_SYSTICK_Config)
    HAL_TIM_Base_Init                        0x080020d1   Thumb Code    48  stm32f4xx_hal_tim.o(i.HAL_TIM_Base_Init)
    HAL_TIM_Base_MspInit                     0x08002101   Thumb Code    70  stm32f4xx_hal_msp.o(i.HAL_TIM_Base_MspInit)
    HAL_TIM_PWM_ConfigChannel                0x08002159   Thumb Code   208  stm32f4xx_hal_tim.o(i.HAL_TIM_PWM_ConfigChannel)
    HAL_TIM_PWM_Init                         0x08002229   Thumb Code    48  stm32f4xx_hal_tim.o(i.HAL_TIM_PWM_Init)
    HAL_TIM_PWM_MspInit                      0x08002259   Thumb Code     2  stm32f4xx_hal_tim.o(i.HAL_TIM_PWM_MspInit)
    HAL_TIM_PWM_Start                        0x0800225d   Thumb Code    42  stm32f4xx_hal_tim.o(i.HAL_TIM_PWM_Start)
    HAL_UART_ErrorCallback                   0x0800228d   Thumb Code     2  stm32f4xx_hal_uart.o(i.HAL_UART_ErrorCallback)
    HAL_UART_IRQHandler                      0x08002291   Thumb Code   266  stm32f4xx_hal_uart.o(i.HAL_UART_IRQHandler)
    HAL_UART_Init                            0x0800239b   Thumb Code    90  stm32f4xx_hal_uart.o(i.HAL_UART_Init)
    HAL_UART_MspInit                         0x080023f5   Thumb Code    72  stm32f4xx_hal_msp.o(i.HAL_UART_MspInit)
    HAL_UART_Receive_IT                      0x08002449   Thumb Code   106  stm32f4xx_hal_uart.o(i.HAL_UART_Receive_IT)
    HAL_UART_RxCpltCallback                  0x080024b5   Thumb Code    14  stm32f4xx_it.o(i.HAL_UART_RxCpltCallback)
    HAL_UART_Transmit                        0x080024c9   Thumb Code   204  stm32f4xx_hal_uart.o(i.HAL_UART_Transmit)
    HAL_UART_TxCpltCallback                  0x08002595   Thumb Code     2  stm32f4xx_hal_uart.o(i.HAL_UART_TxCpltCallback)
    No_Pwr                                   0x08002a79   Thumb Code     4  task_control.o(i.No_Pwr)
    PID                                      0x08002a7d   Thumb Code   192  task_control.o(i.PID)
    Process_Command                          0x08002b65   Thumb Code  1656  task_master.o(i.Process_Command)
    Report_Variable                          0x080033a1   Thumb Code   250  task_master.o(i.Report_Variable)
    SysTick_Handler                          0x08003565   Thumb Code    22  stm32f4xx_it.o(i.SysTick_Handler)
    SystemClock_Config                       0x0800357d   Thumb Code    96  main.o(i.SystemClock_Config)
    SystemInit                               0x080035e5   Thumb Code    66  system_stm32f4xx.o(i.SystemInit)
    TIM_Base_SetConfig                       0x08003639   Thumb Code   114  stm32f4xx_hal_tim.o(i.TIM_Base_SetConfig)
    TIM_CCxChannelCmd                        0x080036c9   Thumb Code    22  stm32f4xx_hal_tim.o(i.TIM_CCxChannelCmd)
    TIM_OC2_SetConfig                        0x08003731   Thumb Code    84  stm32f4xx_hal_tim.o(i.TIM_OC2_SetConfig)
    USART1_IRQHandler                        0x08003b3d   Thumb Code     6  stm32f4xx_it.o(i.USART1_IRQHandler)
    Update_Variable                          0x08003b49   Thumb Code   208  task_master.o(i.Update_Variable)
    __0printf                                0x08003c9d   Thumb Code    22  printfa.o(i.__0printf)
    __1printf                                0x08003c9d   Thumb Code     0  printfa.o(i.__0printf)
    __2printf                                0x08003c9d   Thumb Code     0  printfa.o(i.__0printf)
    __c89printf                              0x08003c9d   Thumb Code     0  printfa.o(i.__0printf)
    printf                                   0x08003c9d   Thumb Code     0  printfa.o(i.__0printf)
    __ARM_fpclassify                         0x08003cbd   Thumb Code    48  fpclassify.o(i.__ARM_fpclassify)
    __hardfp_atan                            0x08003cf1   Thumb Code   622  atan.o(i.__hardfp_atan)
    __hardfp_atan2                           0x08003fc9   Thumb Code   432  atan2.o(i.__hardfp_atan2)
    __kernel_poly                            0x080041b9   Thumb Code   248  poly.o(i.__kernel_poly)
    __mathlib_dbl_infnan                     0x080042b1   Thumb Code    20  dunder.o(i.__mathlib_dbl_infnan)
    __mathlib_dbl_infnan2                    0x080042c5   Thumb Code    20  dunder.o(i.__mathlib_dbl_infnan2)
    __mathlib_dbl_underflow                  0x080042d9   Thumb Code    24  dunder.o(i.__mathlib_dbl_underflow)
    __scatterload_copy                       0x080042f9   Thumb Code    14  handlers.o(i.__scatterload_copy)
    __scatterload_null                       0x08004307   Thumb Code     2  handlers.o(i.__scatterload_null)
    __scatterload_zeroinit                   0x08004309   Thumb Code    14  handlers.o(i.__scatterload_zeroinit)
    accl_init                                0x08004bad   Thumb Code    28  task_control.o(i.accl_init)
    accl_measure                             0x08004bd1   Thumb Code    28  task_control.o(i.accl_measure)
    atan                                     0x08004bf1   Thumb Code    16  atan.o(i.atan)
    control_logic                            0x08004c01   Thumb Code    24  task_control.o(i.control_logic)
    fabs                                     0x08004c19   Thumb Code    24  fabs.o(i.fabs)
    filter_logic                             0x08004c31   Thumb Code    20  task_control.o(i.filter_logic)
    fputc                                    0x08004c45   Thumb Code    20  main.o(i.fputc)
    gyro_init                                0x08004c5d   Thumb Code    28  task_control.o(i.gyro_init)
    gyro_measure                             0x08004c81   Thumb Code    28  task_control.o(i.gyro_measure)
    main                                     0x08004ca1   Thumb Code   276  main.o(i.main)
    motor_0_power                            0x08004dfd   Thumb Code    76  task_control.o(i.motor_0_power)
    motor_1_power                            0x08004e55   Thumb Code    72  task_control.o(i.motor_1_power)
    my_HAL_UART_RxCpltCallback               0x08004ea9   Thumb Code    84  task_master.o(i.my_HAL_UART_RxCpltCallback)
    osKernelStart                            0x08004f05   Thumb Code    10  cmsis_os.o(i.osKernelStart)
    print_mtrx_nxn                           0x08004f11   Thumb Code    70  matrix.o(i.print_mtrx_nxn)
    pvPortMalloc                             0x080051e1   Thumb Code   182  heap_4.o(i.pvPortMalloc)
    pvTaskIncrementMutexHeldCount            0x0800529d   Thumb Code    18  tasks.o(i.pvTaskIncrementMutexHeldCount)
    pxPortInitialiseStack                    0x080052b5   Thumb Code    36  port.o(i.pxPortInitialiseStack)
    task_control                             0x080052dd   Thumb Code   326  task_control.o(i.task_control)
    task_master                              0x08005451   Thumb Code    92  task_master.o(i.task_master)
    task_safety                              0x080054bd   Thumb Code   154  task_safety.o(i.task_safety)
    task_test                                0x08005571   Thumb Code   312  task_test.o(i.task_test)
    uxListRemove                             0x08005725   Thumb Code    36  list.o(i.uxListRemove)
    uxTaskGetStackHighWaterMark              0x08005749   Thumb Code    12  tasks.o(i.uxTaskGetStackHighWaterMark)
    uxTaskPriorityGet                        0x08005759   Thumb Code    24  tasks.o(i.uxTaskPriorityGet)
    vListInitialise                          0x08005775   Thumb Code    22  list.o(i.vListInitialise)
    vListInitialiseItem                      0x0800578b   Thumb Code     6  list.o(i.vListInitialiseItem)
    vListInsert                              0x08005791   Thumb Code    48  list.o(i.vListInsert)
    vListInsertEnd                           0x080057c1   Thumb Code    24  list.o(i.vListInsertEnd)
    vPortEnterCritical                       0x080057d9   Thumb Code    42  port.o(i.vPortEnterCritical)
    vPortExitCritical                        0x0800580d   Thumb Code    30  port.o(i.vPortExitCritical)
    vPortFree                                0x08005831   Thumb Code    68  heap_4.o(i.vPortFree)
    vPortSetupTimerInterrupt                 0x08005879   Thumb Code    26  port.o(i.vPortSetupTimerInterrupt)
    vPortYield                               0x08005899   Thumb Code    18  port.o(i.vPortYield)
    vTaskDelayUntil                          0x080058b1   Thumb Code   120  tasks.o(i.vTaskDelayUntil)
    vTaskMissedYield                         0x0800592d   Thumb Code     8  tasks.o(i.vTaskMissedYield)
    vTaskPlaceOnEventList                    0x08005939   Thumb Code    80  tasks.o(i.vTaskPlaceOnEventList)
    vTaskPriorityInherit                     0x08005991   Thumb Code   124  tasks.o(i.vTaskPriorityInherit)
    vTaskSetTimeOutState                     0x08005a15   Thumb Code    22  tasks.o(i.vTaskSetTimeOutState)
    vTaskStartScheduler                      0x08005a31   Thumb Code    60  tasks.o(i.vTaskStartScheduler)
    vTaskSuspendAll                          0x08005a7d   Thumb Code    10  tasks.o(i.vTaskSuspendAll)
    vTaskSwitchContext                       0x08005a8d   Thumb Code    74  tasks.o(i.vTaskSwitchContext)
    xPortStartScheduler                      0x08005ae1   Thumb Code   116  port.o(i.xPortStartScheduler)
    xPortSysTickHandler                      0x08005b65   Thumb Code    30  port.o(i.xPortSysTickHandler)
    xQueueGenericCreate                      0x08005b89   Thumb Code    70  queue.o(i.xQueueGenericCreate)
    xQueueGenericReceive                     0x08005bd1   Thumb Code   302  queue.o(i.xQueueGenericReceive)
    xQueueGenericReset                       0x08005cff   Thumb Code   106  queue.o(i.xQueueGenericReset)
    xQueueGenericSend                        0x08005d69   Thumb Code   276  queue.o(i.xQueueGenericSend)
    xTaskCheckForTimeOut                     0x08005e7d   Thumb Code    82  tasks.o(i.xTaskCheckForTimeOut)
    xTaskGenericCreate                       0x08005ed5   Thumb Code   380  tasks.o(i.xTaskGenericCreate)
    xTaskGetSchedulerState                   0x08006059   Thumb Code    22  tasks.o(i.xTaskGetSchedulerState)
    xTaskGetTickCount                        0x08006075   Thumb Code    18  tasks.o(i.xTaskGetTickCount)
    xTaskIncrementTick                       0x0800608d   Thumb Code   184  tasks.o(i.xTaskIncrementTick)
    xTaskPriorityDisinherit                  0x0800614d   Thumb Code   112  tasks.o(i.xTaskPriorityDisinherit)
    xTaskRemoveFromEventList                 0x080061c5   Thumb Code    98  tasks.o(i.xTaskRemoveFromEventList)
    xTaskResumeAll                           0x08006231   Thumb Code   162  tasks.o(i.xTaskResumeAll)
    APBAHBPrescTable                         0x080062dc   Data          16  stm32f4xx_hal_rcc.o(.constdata)
    __mathlib_zero                           0x08006388   Data           8  qnan.o(.constdata)
    Region$$Table$$Base                      0x08006548   Number         0  anon$$obj.o(Region$$Table)
    Region$$Table$$Limit                     0x08006568   Number         0  anon$$obj.o(Region$$Table)
    update_coefficients_QUEUE                0x20000004   Data           4  main.o(.data)
    testing_SEMAPHORE                        0x20000008   Data           4  main.o(.data)
    data_SEMAPHORE                           0x2000000c   Data           4  main.o(.data)
    control_sig_QUEUE                        0x20000010   Data           4  main.o(.data)
    pxCurrentTCB                             0x20000030   Data           4  tasks.o(.data)
    SystemCoreClock                          0x20000074   Data           4  system_stm32f4xx.o(.data)
    AHBPrescTable                            0x20000078   Data          16  system_stm32f4xx.o(.data)
    current_state_SHARED                     0x20000088   Data           1  task_master.o(.data)
    error_code_SHARED                        0x20000089   Data           1  task_master.o(.data)
    test_in_progress_SHARED                  0x2000008a   Data           1  task_master.o(.data)
    data_received_SHARED                     0x2000008b   Data           1  task_master.o(.data)
    payload_length_SHARED                    0x2000008c   Data           1  task_master.o(.data)
    packet_hdr                               0x20000090   Data           3  task_master.o(.data)
    variable_table                           0x20000094   Data         112  task_master.o(.data)
    K_DER_SHARED                             0x20000108   Data           4  task_control.o(.data)
    K_PROP_SHARED                            0x2000010c   Data           4  task_control.o(.data)
    K_INT_SHARED                             0x20000110   Data           4  task_control.o(.data)
    DCM_ALPHA_SHARED                         0x20000114   Data           4  task_control.o(.data)
    control_select_SHARED                    0x20000118   Data           4  task_control.o(.data)
    filter_select_SHARED                     0x2000011c   Data           4  task_control.o(.data)
    position_enc_0_SHARED                    0x20000154   Data           4  task_control.o(.data)
    position_enc_1_SHARED                    0x20000158   Data           4  task_control.o(.data)
    error_enc_0_SHARED                       0x2000015c   Data           4  task_control.o(.data)
    error_enc_1_SHARED                       0x20000160   Data           4  task_control.o(.data)
    filter_fxn_table                         0x20000164   Data           8  task_control.o(.data)
    TEST_MTRX_SHARED                         0x2000016c   Data          16  task_control.o(.data)
    __stdout                                 0x2000017c   Data           4  stdout.o(.data)
    hadc1                                    0x20000180   Data          68  main.o(.bss)
    hi2c1                                    0x200001c4   Data          60  main.o(.bss)
    htim10                                   0x20000200   Data          60  main.o(.bss)
    htim11                                   0x2000023c   Data          60  main.o(.bss)
    huart1                                   0x20000278   Data          64  main.o(.bss)
    hdma_adc1                                0x200002b8   Data          80  main.o(.bss)
    packet_payload                           0x20003ff8   Data         127  task_master.o(.bss)
    physical_states_SHARED                   0x20004078   Data          16  task_control.o(.bss)
    control_fxn_table                        0x20004088   Data          12  task_control.o(.bss)
    __initial_sp                             0x20004498   Data           0  startup_stm32f401xe.o(STACK)



==============================================================================

Memory Map of the image

  Image Entry point : 0x08000195

  Load Region LR_IROM1 (Base: 0x08000000, Size: 0x000066e8, Max: 0x00080000, ABSOLUTE, COMPRESSED[0x000065d8])

    Execution Region ER_IROM1 (Base: 0x08000000, Size: 0x00006568, Max: 0x00080000, ABSOLUTE)

    Base Addr    Size         Type   Attr      Idx    E Section Name        Object

    0x08000000   0x00000194   Data   RO          393    RESET               startup_stm32f401xe.o
    0x08000194   0x00000000   Code   RO         4428  * .ARM.Collect$$$$00000000  mc_w.l(entry.o)
    0x08000194   0x00000004   Code   RO         4743    .ARM.Collect$$$$00000001  mc_w.l(entry2.o)
    0x08000198   0x00000004   Code   RO         4746    .ARM.Collect$$$$00000004  mc_w.l(entry5.o)
    0x0800019c   0x00000000   Code   RO         4748    .ARM.Collect$$$$00000008  mc_w.l(entry7b.o)
    0x0800019c   0x00000000   Code   RO         4750    .ARM.Collect$$$$0000000A  mc_w.l(entry8b.o)
    0x0800019c   0x00000008   Code   RO         4751    .ARM.Collect$$$$0000000B  mc_w.l(entry9a.o)
    0x080001a4   0x00000000   Code   RO         4753    .ARM.Collect$$$$0000000D  mc_w.l(entry10a.o)
    0x080001a4   0x00000000   Code   RO         4755    .ARM.Collect$$$$0000000F  mc_w.l(entry11a.o)
    0x080001a4   0x00000004   Code   RO         4744    .ARM.Collect$$$$00002712  mc_w.l(entry2.o)
    0x080001a8   0x000000c6   Code   RO         3839    .emb_text           port.o
    0x0800026e   0x00000002   PAD
    0x08000270   0x00000024   Code   RO          394    .text               startup_stm32f401xe.o
    0x08000294   0x00000024   Code   RO         4431    .text               mc_w.l(memcpya.o)
    0x080002b8   0x00000024   Code   RO         4433    .text               mc_w.l(memseta.o)
    0x080002dc   0x0000014e   Code   RO         4698    .text               mf_w.l(dadd.o)
    0x0800042a   0x000000e4   Code   RO         4700    .text               mf_w.l(dmul.o)
    0x0800050e   0x00000022   Code   RO         4702    .text               mf_w.l(dflti.o)
    0x08000530   0x00000026   Code   RO         4704    .text               mf_w.l(f2d.o)
    0x08000556   0x00000038   Code   RO         4706    .text               mf_w.l(d2f.o)
    0x0800058e   0x0000002c   Code   RO         4758    .text               mc_w.l(uidiv.o)
    0x080005ba   0x00000062   Code   RO         4760    .text               mc_w.l(uldiv.o)
    0x0800061c   0x0000001e   Code   RO         4762    .text               mc_w.l(llshl.o)
    0x0800063a   0x00000024   Code   RO         4764    .text               mc_w.l(llsshr.o)
    0x0800065e   0x00000000   Code   RO         4773    .text               mc_w.l(iusefp.o)
    0x0800065e   0x0000006e   Code   RO         4774    .text               mf_w.l(fepilogue.o)
    0x080006cc   0x000000ba   Code   RO         4776    .text               mf_w.l(depilogue.o)
    0x08000786   0x000000de   Code   RO         4778    .text               mf_w.l(ddiv.o)
    0x08000864   0x00000030   Code   RO         4782    .text               mf_w.l(dfixul.o)
    0x08000894   0x00000030   Code   RO         4784    .text               mf_w.l(cdrcmple.o)
    0x080008c4   0x00000024   Code   RO         4790    .text               mc_w.l(init.o)
    0x080008e8   0x00000020   Code   RO         4792    .text               mc_w.l(llushr.o)
    0x08000908   0x00000056   Code   RO         4802    .text               mc_w.l(__dczerorl2.o)
    0x0800095e   0x00000002   PAD
    0x08000960   0x0000001e   Code   RO         2345    i.ADC_DMAConvCplt   stm32f4xx_hal_adc.o
    0x0800097e   0x00000018   Code   RO         2346    i.ADC_DMAError      stm32f4xx_hal_adc.o
    0x08000996   0x0000000a   Code   RO         2347    i.ADC_DMAHalfConvCplt  stm32f4xx_hal_adc.o
    0x080009a0   0x0000011c   Code   RO         2348    i.ADC_Init          stm32f4xx_hal_adc.o
    0x08000abc   0x0000006c   Code   RO         4135    i.Compute_Software_State  task_master.o
    0x08000b28   0x000001d8   Code   RO         4209    i.DCM               task_control.o
    0x08000d00   0x000001e0   Code   RO         4210    i.DCM_fix           task_control.o
    0x08000ee0   0x00000028   Code   RO         2150    i.DMA_SetConfig     stm32f4xx_hal_dma.o
    0x08000f08   0x00000016   Code   RO            4    i.EXTI15_10_IRQHandler  stm32f4xx_it.o
    0x08000f1e   0x00000016   Code   RO            5    i.EXTI9_5_IRQHandler  stm32f4xx_it.o
    0x08000f34   0x00000030   Code   RO         4136    i.Fletcher_16       task_master.o
    0x08000f64   0x00000124   Code   RO         2350    i.HAL_ADC_ConfigChannel  stm32f4xx_hal_adc.o
    0x08001088   0x00000002   Code   RO         2351    i.HAL_ADC_ConvCpltCallback  stm32f4xx_hal_adc.o
    0x0800108a   0x00000002   Code   RO         2352    i.HAL_ADC_ConvHalfCpltCallback  stm32f4xx_hal_adc.o
    0x0800108c   0x00000002   Code   RO         2354    i.HAL_ADC_ErrorCallback  stm32f4xx_hal_adc.o
    0x0800108e   0x00000034   Code   RO         2359    i.HAL_ADC_Init      stm32f4xx_hal_adc.o
    0x080010c2   0x00000002   PAD
    0x080010c4   0x00000070   Code   RO          211    i.HAL_ADC_MspInit   stm32f4xx_hal_msp.o
    0x08001134   0x0000007c   Code   RO         2365    i.HAL_ADC_Start     stm32f4xx_hal_adc.o
    0x080011b0   0x00000098   Code   RO         2366    i.HAL_ADC_Start_DMA  stm32f4xx_hal_adc.o
    0x08001248   0x00000070   Code   RO         2156    i.HAL_DMA_Init      stm32f4xx_hal_dma.o
    0x080012b8   0x0000006c   Code   RO         2159    i.HAL_DMA_Start_IT  stm32f4xx_hal_dma.o
    0x08001324   0x0000011c   Code   RO            6    i.HAL_GPIO_EXTI_Callback  stm32f4xx_it.o
    0x08001440   0x00000018   Code   RO         1552    i.HAL_GPIO_EXTI_IRQHandler  stm32f4xx_hal_gpio.o
    0x08001458   0x00000180   Code   RO         1553    i.HAL_GPIO_Init     stm32f4xx_hal_gpio.o
    0x080015d8   0x0000000a   Code   RO         1555    i.HAL_GPIO_ReadPin  stm32f4xx_hal_gpio.o
    0x080015e2   0x0000000a   Code   RO         1557    i.HAL_GPIO_WritePin  stm32f4xx_hal_gpio.o
    0x080015ec   0x0000000c   Code   RO         1180    i.HAL_GetTick       stm32f4xx_hal.o
    0x080015f8   0x00000100   Code   RO         2760    i.HAL_I2C_Init      stm32f4xx_hal_i2c.o
    0x080016f8   0x000001b8   Code   RO         2772    i.HAL_I2C_Mem_Read  stm32f4xx_hal_i2c.o
    0x080018b0   0x000000d4   Code   RO         2775    i.HAL_I2C_Mem_Write  stm32f4xx_hal_i2c.o
    0x08001984   0x00000044   Code   RO          213    i.HAL_I2C_MspInit   stm32f4xx_hal_msp.o
    0x080019c8   0x00000010   Code   RO         1181    i.HAL_IncTick       stm32f4xx_hal.o
    0x080019d8   0x00000034   Code   RO         1182    i.HAL_Init          stm32f4xx_hal.o
    0x08001a0c   0x00000022   Code   RO         1183    i.HAL_InitTick      stm32f4xx_hal.o
    0x08001a2e   0x00000016   Code   RO          214    i.HAL_MspInit       stm32f4xx_hal_msp.o
    0x08001a44   0x00000016   Code   RO         1315    i.HAL_NVIC_EnableIRQ  stm32f4xx_hal_cortex.o
    0x08001a5a   0x00000002   PAD
    0x08001a5c   0x00000040   Code   RO         1321    i.HAL_NVIC_SetPriority  stm32f4xx_hal_cortex.o
    0x08001a9c   0x00000024   Code   RO         1322    i.HAL_NVIC_SetPriorityGrouping  stm32f4xx_hal_cortex.o
    0x08001ac0   0x000001b8   Code   RO         1617    i.HAL_RCC_ClockConfig  stm32f4xx_hal_rcc.o
    0x08001c78   0x00000034   Code   RO         1622    i.HAL_RCC_GetHCLKFreq  stm32f4xx_hal_rcc.o
    0x08001cac   0x0000002c   Code   RO         1624    i.HAL_RCC_GetPCLK1Freq  stm32f4xx_hal_rcc.o
    0x08001cd8   0x0000002c   Code   RO         1625    i.HAL_RCC_GetPCLK2Freq  stm32f4xx_hal_rcc.o
    0x08001d04   0x00000070   Code   RO         1626    i.HAL_RCC_GetSysClockFreq  stm32f4xx_hal_rcc.o
    0x08001d74   0x00000334   Code   RO         1629    i.HAL_RCC_OscConfig  stm32f4xx_hal_rcc.o
    0x080020a8   0x00000028   Code   RO         1326    i.HAL_SYSTICK_Config  stm32f4xx_hal_cortex.o
    0x080020d0   0x00000030   Code   RO          538    i.HAL_TIM_Base_Init  stm32f4xx_hal_tim.o
    0x08002100   0x00000058   Code   RO          216    i.HAL_TIM_Base_MspInit  stm32f4xx_hal_msp.o
    0x08002158   0x000000d0   Code   RO          604    i.HAL_TIM_PWM_ConfigChannel  stm32f4xx_hal_tim.o
    0x08002228   0x00000030   Code   RO          607    i.HAL_TIM_PWM_Init  stm32f4xx_hal_tim.o
    0x08002258   0x00000002   Code   RO          609    i.HAL_TIM_PWM_MspInit  stm32f4xx_hal_tim.o
    0x0800225a   0x00000002   PAD
    0x0800225c   0x00000030   Code   RO          611    i.HAL_TIM_PWM_Start  stm32f4xx_hal_tim.o
    0x0800228c   0x00000002   Code   RO         1751    i.HAL_UART_ErrorCallback  stm32f4xx_hal_uart.o
    0x0800228e   0x00000002   PAD
    0x08002290   0x0000010a   Code   RO         1754    i.HAL_UART_IRQHandler  stm32f4xx_hal_uart.o
    0x0800239a   0x0000005a   Code   RO         1755    i.HAL_UART_Init     stm32f4xx_hal_uart.o
    0x080023f4   0x00000054   Code   RO          218    i.HAL_UART_MspInit  stm32f4xx_hal_msp.o
    0x08002448   0x0000006a   Code   RO         1760    i.HAL_UART_Receive_IT  stm32f4xx_hal_uart.o
    0x080024b2   0x00000002   PAD
    0x080024b4   0x00000014   Code   RO            7    i.HAL_UART_RxCpltCallback  stm32f4xx_it.o
    0x080024c8   0x000000cc   Code   RO         1763    i.HAL_UART_Transmit  stm32f4xx_hal_uart.o
    0x08002594   0x00000002   Code   RO         1766    i.HAL_UART_TxCpltCallback  stm32f4xx_hal_uart.o
    0x08002596   0x00000002   PAD
    0x08002598   0x000000e0   Code   RO         2800    i.I2C_RequestMemoryRead  stm32f4xx_hal_i2c.o
    0x08002678   0x00000090   Code   RO         2801    i.I2C_RequestMemoryWrite  stm32f4xx_hal_i2c.o
    0x08002708   0x0000008a   Code   RO         2802    i.I2C_WaitOnFlagUntilTimeout  stm32f4xx_hal_i2c.o
    0x08002792   0x00000002   PAD
    0x08002794   0x00000088   Code   RO         2803    i.I2C_WaitOnMasterAddressFlagUntilTimeout  stm32f4xx_hal_i2c.o
    0x0800281c   0x00000064   Code   RO          283    i.MX_ADC1_Init      main.o
    0x08002880   0x00000140   Code   RO          284    i.MX_GPIO_Init      main.o
    0x080029c0   0x0000004c   Code   RO          285    i.MX_TIM10_Init     main.o
    0x08002a0c   0x0000004c   Code   RO          286    i.MX_TIM11_Init     main.o
    0x08002a58   0x00000020   Code   RO         1328    i.NVIC_SetPriority  stm32f4xx_hal_cortex.o
    0x08002a78   0x00000004   Code   RO         4211    i.No_Pwr            task_control.o
    0x08002a7c   0x000000e8   Code   RO         4212    i.PID               task_control.o
    0x08002b64   0x0000083c   Code   RO         4137    i.Process_Command   task_master.o
    0x080033a0   0x000001c4   Code   RO         4138    i.Report_Variable   task_master.o
    0x08003564   0x00000016   Code   RO            8    i.SysTick_Handler   stm32f4xx_it.o
    0x0800357a   0x00000002   PAD
    0x0800357c   0x00000068   Code   RO          287    i.SystemClock_Config  main.o
    0x080035e4   0x00000054   Code   RO         4066    i.SystemInit        system_stm32f4xx.o
    0x08003638   0x00000090   Code   RO          622    i.TIM_Base_SetConfig  stm32f4xx_hal_tim.o
    0x080036c8   0x00000016   Code   RO          623    i.TIM_CCxChannelCmd  stm32f4xx_hal_tim.o
    0x080036de   0x00000002   PAD
    0x080036e0   0x00000050   Code   RO          631    i.TIM_OC1_SetConfig  stm32f4xx_hal_tim.o
    0x08003730   0x00000058   Code   RO          632    i.TIM_OC2_SetConfig  stm32f4xx_hal_tim.o
    0x08003788   0x00000058   Code   RO          633    i.TIM_OC3_SetConfig  stm32f4xx_hal_tim.o
    0x080037e0   0x00000044   Code   RO          634    i.TIM_OC4_SetConfig  stm32f4xx_hal_tim.o
    0x08003824   0x000000a8   Code   RO         1773    i.UART_Receive_IT   stm32f4xx_hal_uart.o
    0x080038cc   0x00000178   Code   RO         1774    i.UART_SetConfig    stm32f4xx_hal_uart.o
    0x08003a44   0x00000066   Code   RO         1775    i.UART_Transmit_IT  stm32f4xx_hal_uart.o
    0x08003aaa   0x00000092   Code   RO         1776    i.UART_WaitOnFlagUntilTimeout  stm32f4xx_hal_uart.o
    0x08003b3c   0x0000000c   Code   RO            9    i.USART1_IRQHandler  stm32f4xx_it.o
    0x08003b48   0x00000154   Code   RO         4139    i.Update_Variable   task_master.o
    0x08003c9c   0x00000020   Code   RO         4670    i.__0printf         mc_w.l(printfa.o)
    0x08003cbc   0x00000030   Code   RO         4786    i.__ARM_fpclassify  m_wm.l(fpclassify.o)
    0x08003cec   0x00000004   PAD
    0x08003cf0   0x000002d8   Code   RO         4708    i.__hardfp_atan     m_wm.l(atan.o)
    0x08003fc8   0x000001f0   Code   RO         4416    i.__hardfp_atan2    m_wm.l(atan2.o)
    0x080041b8   0x000000f8   Code   RO         4788    i.__kernel_poly     m_wm.l(poly.o)
    0x080042b0   0x00000014   Code   RO         4723    i.__mathlib_dbl_infnan  m_wm.l(dunder.o)
    0x080042c4   0x00000014   Code   RO         4724    i.__mathlib_dbl_infnan2  m_wm.l(dunder.o)
    0x080042d8   0x00000020   Code   RO         4728    i.__mathlib_dbl_underflow  m_wm.l(dunder.o)
    0x080042f8   0x0000000e   Code   RO         4796    i.__scatterload_copy  mc_w.l(handlers.o)
    0x08004306   0x00000002   Code   RO         4797    i.__scatterload_null  mc_w.l(handlers.o)
    0x08004308   0x0000000e   Code   RO         4798    i.__scatterload_zeroinit  mc_w.l(handlers.o)
    0x08004316   0x00000002   PAD
    0x08004318   0x00000164   Code   RO         4677    i._fp_digits        mc_w.l(printfa.o)
    0x0800447c   0x000006dc   Code   RO         4678    i._printf_core      mc_w.l(printfa.o)
    0x08004b58   0x00000024   Code   RO         4679    i._printf_post_padding  mc_w.l(printfa.o)
    0x08004b7c   0x0000002e   Code   RO         4680    i._printf_pre_padding  mc_w.l(printfa.o)
    0x08004baa   0x00000002   PAD
    0x08004bac   0x00000024   Code   RO         4214    i.accl_init         task_control.o
    0x08004bd0   0x00000020   Code   RO         4215    i.accl_measure      task_control.o
    0x08004bf0   0x00000010   Code   RO         4710    i.atan              m_wm.l(atan.o)
    0x08004c00   0x00000018   Code   RO         4216    i.control_logic     task_control.o
    0x08004c18   0x00000018   Code   RO         4738    i.fabs              m_wm.l(fabs.o)
    0x08004c30   0x00000014   Code   RO         4217    i.filter_logic      task_control.o
    0x08004c44   0x00000018   Code   RO          288    i.fputc             main.o
    0x08004c5c   0x00000024   Code   RO         4218    i.gyro_init         task_control.o
    0x08004c80   0x00000020   Code   RO         4219    i.gyro_measure      task_control.o
    0x08004ca0   0x0000015c   Code   RO          289    i.main              main.o
    0x08004dfc   0x00000058   Code   RO         4220    i.motor_0_power     task_control.o
    0x08004e54   0x00000054   Code   RO         4221    i.motor_1_power     task_control.o
    0x08004ea8   0x0000005c   Code   RO         4140    i.my_HAL_UART_RxCpltCallback  task_master.o
    0x08004f04   0x0000000a   Code   RO         3417    i.osKernelStart     cmsis_os.o
    0x08004f0e   0x00000002   PAD
    0x08004f10   0x00000054   Code   RO         4323    i.print_mtrx_nxn    matrix.o
    0x08004f64   0x00000034   Code   RO         3152    i.prvAddCurrentTaskToDelayedList  tasks.o
    0x08004f98   0x00000054   Code   RO         3153    i.prvCheckTasksWaitingTermination  tasks.o
    0x08004fec   0x00000026   Code   RO         3683    i.prvCopyDataFromQueue  queue.o
    0x08005012   0x0000006e   Code   RO         3684    i.prvCopyDataToQueue  queue.o
    0x08005080   0x0000004c   Code   RO         3094    i.prvHeapInit       heap_4.o
    0x080050cc   0x00000018   Code   RO         3154    i.prvIdleTask       tasks.o
    0x080050e4   0x0000004c   Code   RO         3095    i.prvInsertBlockIntoFreeList  heap_4.o
    0x08005130   0x00000020   Code   RO         3156    i.prvResetNextTaskUnblockTime  tasks.o
    0x08005150   0x00000014   Code   RO         3157    i.prvTaskCheckFreeStackSpace  tasks.o
    0x08005164   0x00000018   Code   RO         3840    i.prvTaskExitError  port.o
    0x0800517c   0x00000064   Code   RO         3685    i.prvUnlockQueue    queue.o
    0x080051e0   0x000000bc   Code   RO         3096    i.pvPortMalloc      heap_4.o
    0x0800529c   0x00000018   Code   RO         3159    i.pvTaskIncrementMutexHeldCount  tasks.o
    0x080052b4   0x00000028   Code   RO         3841    i.pxPortInitialiseStack  port.o
    0x080052dc   0x00000174   Code   RO         4222    i.task_control      task_control.o
    0x08005450   0x0000006c   Code   RO         4141    i.task_master       task_master.o
    0x080054bc   0x000000b4   Code   RO         4101    i.task_safety       task_safety.o
    0x08005570   0x000001b4   Code   RO         4394    i.task_test         task_test.o
    0x08005724   0x00000024   Code   RO         3916    i.uxListRemove      list.o
    0x08005748   0x00000010   Code   RO         3161    i.uxTaskGetStackHighWaterMark  tasks.o
    0x08005758   0x0000001c   Code   RO         3164    i.uxTaskPriorityGet  tasks.o
    0x08005774   0x00000016   Code   RO         3917    i.vListInitialise   list.o
    0x0800578a   0x00000006   Code   RO         3918    i.vListInitialiseItem  list.o
    0x08005790   0x00000030   Code   RO         3919    i.vListInsert       list.o
    0x080057c0   0x00000018   Code   RO         3920    i.vListInsertEnd    list.o
    0x080057d8   0x00000034   Code   RO         3843    i.vPortEnterCritical  port.o
    0x0800580c   0x00000024   Code   RO         3844    i.vPortExitCritical  port.o
    0x08005830   0x00000048   Code   RO         3097    i.vPortFree         heap_4.o
    0x08005878   0x00000020   Code   RO         3845    i.vPortSetupTimerInterrupt  port.o
    0x08005898   0x00000018   Code   RO         3847    i.vPortYield        port.o
    0x080058b0   0x0000007c   Code   RO         3167    i.vTaskDelayUntil   tasks.o
    0x0800592c   0x0000000c   Code   RO         3170    i.vTaskMissedYield  tasks.o
    0x08005938   0x00000058   Code   RO         3171    i.vTaskPlaceOnEventList  tasks.o
    0x08005990   0x00000084   Code   RO         3173    i.vTaskPriorityInherit  tasks.o
    0x08005a14   0x0000001c   Code   RO         3177    i.vTaskSetTimeOutState  tasks.o
    0x08005a30   0x0000004c   Code   RO         3178    i.vTaskStartScheduler  tasks.o
    0x08005a7c   0x00000010   Code   RO         3180    i.vTaskSuspendAll   tasks.o
    0x08005a8c   0x00000054   Code   RO         3181    i.vTaskSwitchContext  tasks.o
    0x08005ae0   0x00000084   Code   RO         3848    i.xPortStartScheduler  port.o
    0x08005b64   0x00000024   Code   RO         3849    i.xPortSysTickHandler  port.o
    0x08005b88   0x00000046   Code   RO         3697    i.xQueueGenericCreate  queue.o
    0x08005bce   0x00000002   PAD
    0x08005bd0   0x0000012e   Code   RO         3698    i.xQueueGenericReceive  queue.o
    0x08005cfe   0x0000006a   Code   RO         3699    i.xQueueGenericReset  queue.o
    0x08005d68   0x00000114   Code   RO         3700    i.xQueueGenericSend  queue.o
    0x08005e7c   0x00000058   Code   RO         3182    i.xTaskCheckForTimeOut  tasks.o
    0x08005ed4   0x00000184   Code   RO         3183    i.xTaskGenericCreate  tasks.o
    0x08006058   0x0000001c   Code   RO         3185    i.xTaskGetSchedulerState  tasks.o
    0x08006074   0x00000018   Code   RO         3186    i.xTaskGetTickCount  tasks.o
    0x0800608c   0x000000c0   Code   RO         3188    i.xTaskIncrementTick  tasks.o
    0x0800614c   0x00000078   Code   RO         3189    i.xTaskPriorityDisinherit  tasks.o
    0x080061c4   0x0000006c   Code   RO         3190    i.xTaskRemoveFromEventList  tasks.o
    0x08006230   0x000000ac   Code   RO         3192    i.xTaskResumeAll    tasks.o
    0x080062dc   0x00000010   Data   RO         1630    .constdata          stm32f4xx_hal_rcc.o
    0x080062ec   0x00000004   PAD
    0x080062f0   0x00000098   Data   RO         4711    .constdata          m_wm.l(atan.o)
    0x08006388   0x00000008   Data   RO         4742    .constdata          m_wm.l(qnan.o)
    0x08006390   0x00000124   Data   RO         4143    .conststring        task_master.o
    0x080064b4   0x00000092   Data   RO         4395    .conststring        task_test.o
    0x08006546   0x00000002   PAD
    0x08006548   0x00000020   Data   RO         4794    Region$$Table       anon$$obj.o


    Execution Region RW_IRAM1 (Base: 0x20000000, Size: 0x00004498, Max: 0x00018000, ABSOLUTE, COMPRESSED[0x00000070])

    Base Addr    Size         Type   Attr      Idx    E Section Name        Object

    0x20000000   0x00000002   Data   RW           10    .data               stm32f4xx_it.o
    0x20000002   0x00000002   PAD
    0x20000004   0x00000010   Data   RW          292    .data               main.o
    0x20000014   0x00000004   Data   RW         1188    .data               stm32f4xx_hal.o
    0x20000018   0x00000018   Data   RW         3102    .data               heap_4.o
    0x20000030   0x00000038   Data   RW         3195    .data               tasks.o
    0x20000068   0x0000000c   Data   RW         3850    .data               port.o
    0x20000074   0x00000014   Data   RW         4067    .data               system_stm32f4xx.o
    0x20000088   0x0000007c   Data   RW         4144    .data               task_master.o
    0x20000104   0x00000078   Data   RW         4224    .data               task_control.o
    0x2000017c   0x00000004   Data   RW         4757    .data               mc_w.l(stdout.o)
    0x20000180   0x00000138   Zero   RW          290    .bss                main.o
    0x200002b8   0x00000050   Zero   RW          291    .bss                main.o
    0x20000308   0x00003c00   Zero   RW         3101    .bss                heap_4.o
    0x20003f08   0x000000f0   Zero   RW         3194    .bss                tasks.o
    0x20003ff8   0x0000007f   Zero   RW         4142    .bss                task_master.o
    0x20004077   0x00000001   PAD
    0x20004078   0x0000001c   Zero   RW         4223    .bss                task_control.o
    0x20004094   0x00000004   PAD
    0x20004098   0x00000400   Zero   RW          391    STACK               startup_stm32f401xe.o


==============================================================================

Image component sizes


      Code (inc. data)   RO Data    RW Data    ZI Data      Debug   Object Name

        10          0          0          0          0       4868   cmsis_os.o
       412         24          0         24      15360       5507   heap_4.o
       136          0          0          0          0       3290   list.o
      1048        144          0         16        392      76430   main.o
        84         14          0          0          0        569   matrix.o
       574         74          0         12          0       8253   port.o
      1002          0          0          0          0       7710   queue.o
        36          8        404          0       1024        912   startup_stm32f401xe.o
       114         16          0          4          0       3462   stm32f4xx_hal.o
       974         36          0          0          0       7209   stm32f4xx_hal_adc.o
       194         14          0          0          0      29791   stm32f4xx_hal_cortex.o
       260          4          0          0          0       2434   stm32f4xx_hal_dma.o
       428         38          0          0          0       3398   stm32f4xx_hal_gpio.o
      1550         36          0          0          0       7090   stm32f4xx_hal_i2c.o
       374         66          0          0          0       3328   stm32f4xx_hal_msp.o
      1512         68         16          0          0       5907   stm32f4xx_hal_rcc.o
       844         56          0          0          0       8318   stm32f4xx_hal_tim.o
      1462         10          0          0          0       7815   stm32f4xx_hal_uart.o
       382         50          0          2          0     263870   stm32f4xx_it.o
        84         18          0         20          0       1309   system_stm32f4xx.o
      1912        382          0        120         28      13522   task_control.o
      3256       1850        292        124        127       9150   task_master.o
       180         26          0          0          0       1378   task_safety.o
       436        124        146          0          0        912   task_test.o
      1960        160          0         56        240      20027   tasks.o

    ----------------------------------------------------------------------
     19248       3218        896        380      17176     496459   Object Totals
         0          0         32          0          0          0   (incl. Generated)
        24          0          6          2          5          0   (incl. Padding)

    ----------------------------------------------------------------------

      Code (inc. data)   RO Data    RW Data    ZI Data      Debug   Library Member Name

       744        106        152          0          0        352   atan.o
       496         64          0          0          0        192   atan2.o
        72          8          0          0          0        372   dunder.o
        24          0          0          0          0        124   fabs.o
        48          0          0          0          0        124   fpclassify.o
       248          0          0          0          0        152   poly.o
         0          0          8          0          0          0   qnan.o
        86          0          0          0          0          0   __dczerorl2.o
         0          0          0          0          0          0   entry.o
         0          0          0          0          0          0   entry10a.o
         0          0          0          0          0          0   entry11a.o
         8          4          0          0          0          0   entry2.o
         4          0          0          0          0          0   entry5.o
         0          0          0          0          0          0   entry7b.o
         0          0          0          0          0          0   entry8b.o
         8          4          0          0          0          0   entry9a.o
        30          0          0          0          0          0   handlers.o
        36          8          0          0          0         68   init.o
         0          0          0          0          0          0   iusefp.o
        30          0          0          0          0         68   llshl.o
        36          0          0          0          0         68   llsshr.o
        32          0          0          0          0         68   llushr.o
        36          0          0          0          0         68   memcpya.o
        36          0          0          0          0        108   memseta.o
      2226         90          0          0          0        444   printfa.o
         0          0          0          4          0          0   stdout.o
        44          0          0          0          0         80   uidiv.o
        98          0          0          0          0         92   uldiv.o
        48          0          0          0          0         68   cdrcmple.o
        56          0          0          0          0         88   d2f.o
       334          0          0          0          0        148   dadd.o
       222          0          0          0          0        100   ddiv.o
       186          0          0          0          0        176   depilogue.o
        48          0          0          0          0         68   dfixul.o
        34          0          0          0          0         76   dflti.o
       228          0          0          0          0         96   dmul.o
        38          0          0          0          0         68   f2d.o
       110          0          0          0          0        168   fepilogue.o

    ----------------------------------------------------------------------
      5656        284        160          4          0       3436   Library Totals
        10          0          0          0          0          0   (incl. Padding)

    ----------------------------------------------------------------------

      Code (inc. data)   RO Data    RW Data    ZI Data      Debug   Library Name

      1632        178        160          0          0       1316   m_wm.l
      2710        106          0          4          0       1064   mc_w.l
      1304          0          0          0          0       1056   mf_w.l

    ----------------------------------------------------------------------
      5656        284        160          4          0       3436   Library Totals

    ----------------------------------------------------------------------

==============================================================================


      Code (inc. data)   RO Data    RW Data    ZI Data      Debug   

     24904       3502       1056        384      17176     483539   Grand Totals
     24904       3502       1056        112      17176     483539   ELF Image Totals (compressed)
     24904       3502       1056        112          0          0   ROM Totals

==============================================================================

    Total RO  Size (Code + RO Data)                25960 (  25.35kB)
    Total RW  Size (RW Data + ZI Data)             17560 (  17.15kB)
    Total ROM Size (Code + RO Data + RW Data)      26072 (  25.46kB)

==============================================================================

