Component: ARM Compiler 5.05 update 1 (build 106) Tool: armlink [4d0efa]

==============================================================================

Section Cross References

    stm32f4xx_it.o(i.EXTI15_10_IRQHandler) refers to stm32f4xx_hal_gpio.o(i.HAL_GPIO_EXTI_IRQHandler) for HAL_GPIO_EXTI_IRQHandler
    stm32f4xx_it.o(i.EXTI9_5_IRQHandler) refers to stm32f4xx_hal_gpio.o(i.HAL_GPIO_EXTI_IRQHandler) for HAL_GPIO_EXTI_IRQHandler
    stm32f4xx_it.o(i.HAL_GPIO_EXTI_Callback) refers to stm32f4xx_hal_gpio.o(i.HAL_GPIO_ReadPin) for HAL_GPIO_ReadPin
    stm32f4xx_it.o(i.HAL_GPIO_EXTI_Callback) refers to stm32f4xx_it.o(.data) for .data
    stm32f4xx_it.o(i.HAL_GPIO_EXTI_Callback) refers to task_control.o(.data) for position_enc_0_SHARED
    stm32f4xx_it.o(i.HAL_UART_RxCpltCallback) refers to task_master.o(i.my_HAL_UART_RxCpltCallback) for my_HAL_UART_RxCpltCallback
    stm32f4xx_it.o(i.SysTick_Handler) refers to tasks.o(i.xTaskGetSchedulerState) for xTaskGetSchedulerState
    stm32f4xx_it.o(i.SysTick_Handler) refers to port.o(i.xPortSysTickHandler) for xPortSysTickHandler
    stm32f4xx_it.o(i.SysTick_Handler) refers to stm32f4xx_hal.o(i.HAL_IncTick) for HAL_IncTick
    stm32f4xx_it.o(i.USART1_IRQHandler) refers to stm32f4xx_hal_uart.o(i.HAL_UART_IRQHandler) for HAL_UART_IRQHandler
    stm32f4xx_it.o(i.USART1_IRQHandler) refers to main.o(.bss) for huart1
    stm32f4xx_hal_msp.o(i.HAL_ADC_MspDeInit) refers to stm32f4xx_hal_gpio.o(i.HAL_GPIO_DeInit) for HAL_GPIO_DeInit
    stm32f4xx_hal_msp.o(i.HAL_ADC_MspDeInit) refers to stm32f4xx_hal_dma.o(i.HAL_DMA_DeInit) for HAL_DMA_DeInit
    stm32f4xx_hal_msp.o(i.HAL_ADC_MspInit) refers to stm32f4xx_hal_gpio.o(i.HAL_GPIO_Init) for HAL_GPIO_Init
    stm32f4xx_hal_msp.o(i.HAL_ADC_MspInit) refers to stm32f4xx_hal_dma.o(i.HAL_DMA_Init) for HAL_DMA_Init
    stm32f4xx_hal_msp.o(i.HAL_ADC_MspInit) refers to main.o(.bss) for hdma_adc1
    stm32f4xx_hal_msp.o(i.HAL_I2C_MspDeInit) refers to stm32f4xx_hal_gpio.o(i.HAL_GPIO_DeInit) for HAL_GPIO_DeInit
    stm32f4xx_hal_msp.o(i.HAL_I2C_MspInit) refers to stm32f4xx_hal_gpio.o(i.HAL_GPIO_Init) for HAL_GPIO_Init
    stm32f4xx_hal_msp.o(i.HAL_MspInit) refers to stm32f4xx_hal_cortex.o(i.HAL_NVIC_SetPriorityGrouping) for HAL_NVIC_SetPriorityGrouping
    stm32f4xx_hal_msp.o(i.HAL_MspInit) refers to stm32f4xx_hal_cortex.o(i.HAL_NVIC_SetPriority) for HAL_NVIC_SetPriority
    stm32f4xx_hal_msp.o(i.HAL_TIM_Base_MspDeInit) refers to stm32f4xx_hal_gpio.o(i.HAL_GPIO_DeInit) for HAL_GPIO_DeInit
    stm32f4xx_hal_msp.o(i.HAL_TIM_Base_MspInit) refers to stm32f4xx_hal_gpio.o(i.HAL_GPIO_Init) for HAL_GPIO_Init
    stm32f4xx_hal_msp.o(i.HAL_UART_MspDeInit) refers to stm32f4xx_hal_gpio.o(i.HAL_GPIO_DeInit) for HAL_GPIO_DeInit
    stm32f4xx_hal_msp.o(i.HAL_UART_MspDeInit) refers to stm32f4xx_hal_cortex.o(i.HAL_NVIC_DisableIRQ) for HAL_NVIC_DisableIRQ
    stm32f4xx_hal_msp.o(i.HAL_UART_MspInit) refers to stm32f4xx_hal_gpio.o(i.HAL_GPIO_Init) for HAL_GPIO_Init
    stm32f4xx_hal_msp.o(i.HAL_UART_MspInit) refers to stm32f4xx_hal_cortex.o(i.HAL_NVIC_SetPriority) for HAL_NVIC_SetPriority
    stm32f4xx_hal_msp.o(i.HAL_UART_MspInit) refers to stm32f4xx_hal_cortex.o(i.HAL_NVIC_EnableIRQ) for HAL_NVIC_EnableIRQ
    main.o(i.MX_ADC1_Init) refers to stm32f4xx_hal_adc.o(i.HAL_ADC_Init) for HAL_ADC_Init
    main.o(i.MX_ADC1_Init) refers to stm32f4xx_hal_adc.o(i.HAL_ADC_ConfigChannel) for HAL_ADC_ConfigChannel
    main.o(i.MX_ADC1_Init) refers to main.o(.bss) for .bss
    main.o(i.MX_GPIO_Init) refers to stm32f4xx_hal_gpio.o(i.HAL_GPIO_Init) for HAL_GPIO_Init
    main.o(i.MX_GPIO_Init) refers to stm32f4xx_hal_cortex.o(i.HAL_NVIC_SetPriority) for HAL_NVIC_SetPriority
    main.o(i.MX_GPIO_Init) refers to stm32f4xx_hal_cortex.o(i.HAL_NVIC_EnableIRQ) for HAL_NVIC_EnableIRQ
    main.o(i.MX_TIM10_Init) refers to stm32f4xx_hal_tim.o(i.HAL_TIM_Base_Init) for HAL_TIM_Base_Init
    main.o(i.MX_TIM10_Init) refers to stm32f4xx_hal_tim.o(i.HAL_TIM_PWM_Init) for HAL_TIM_PWM_Init
    main.o(i.MX_TIM10_Init) refers to stm32f4xx_hal_tim.o(i.HAL_TIM_PWM_ConfigChannel) for HAL_TIM_PWM_ConfigChannel
    main.o(i.MX_TIM10_Init) refers to stm32f4xx_hal_tim.o(i.HAL_TIM_PWM_Start) for HAL_TIM_PWM_Start
    main.o(i.MX_TIM10_Init) refers to main.o(.bss) for .bss
    main.o(i.MX_TIM11_Init) refers to stm32f4xx_hal_tim.o(i.HAL_TIM_Base_Init) for HAL_TIM_Base_Init
    main.o(i.MX_TIM11_Init) refers to stm32f4xx_hal_tim.o(i.HAL_TIM_PWM_Init) for HAL_TIM_PWM_Init
    main.o(i.MX_TIM11_Init) refers to stm32f4xx_hal_tim.o(i.HAL_TIM_PWM_ConfigChannel) for HAL_TIM_PWM_ConfigChannel
    main.o(i.MX_TIM11_Init) refers to stm32f4xx_hal_tim.o(i.HAL_TIM_PWM_Start) for HAL_TIM_PWM_Start
    main.o(i.MX_TIM11_Init) refers to main.o(.bss) for .bss
    main.o(i.SystemClock_Config) refers to stm32f4xx_hal_rcc.o(i.HAL_RCC_OscConfig) for HAL_RCC_OscConfig
    main.o(i.SystemClock_Config) refers to stm32f4xx_hal_rcc.o(i.HAL_RCC_ClockConfig) for HAL_RCC_ClockConfig
[...]
    .text                                    0x080007e4   Section        0  ddiv.o(.text)
    .text                                    0x080008c2   Section        0  dfixul.o(.text)
    .text                                    0x080008f4   Section       48  cdrcmple.o(.text)
    .text                                    0x08000924   Section       36  init.o(.text)
    .text                                    0x08000948   Section        0  __dczerorl2.o(.text)
    i.ADC_DMAConvCplt                        0x080009a0   Section        0  stm32f4xx_hal_adc.o(i.ADC_DMAConvCplt)
    ADC_DMAConvCplt                          0x080009a1   Thumb Code    30  stm32f4xx_hal_adc.o(i.ADC_DMAConvCplt)
    i.ADC_DMAError                           0x080009be   Section        0  stm32f4xx_hal_adc.o(i.ADC_DMAError)
    ADC_DMAError                             0x080009bf   Thumb Code    24  stm32f4xx_hal_adc.o(i.ADC_DMAError)
    i.ADC_DMAHalfConvCplt                    0x080009d6   Section        0  stm32f4xx_hal_adc.o(i.ADC_DMAHalfConvCplt)
    ADC_DMAHalfConvCplt                      0x080009d7   Thumb Code    10  stm32f4xx_hal_adc.o(i.ADC_DMAHalfConvCplt)
    i.ADC_Init                               0x080009e0   Section        0  stm32f4xx_hal_adc.o(i.ADC_Init)
    ADC_Init                                 0x080009e1   Thumb Code   272  stm32f4xx_hal_adc.o(i.ADC_Init)
    i.Compute_Software_State                 0x08000afc   Section        0  task_master.o(i.Compute_Software_State)
    i.DCM                                    0x08000ba4   Section        0  task_control.o(i.DCM)
    i.DCM_fix                                0x08000d60   Section        0  task_control.o(i.DCM_fix)
    i.DMA_SetConfig                          0x08000f40   Section        0  stm32f4xx_hal_dma.o(i.DMA_SetConfig)
    DMA_SetConfig                            0x08000f41   Thumb Code    40  stm32f4xx_hal_dma.o(i.DMA_SetConfig)
    i.EXTI15_10_IRQHandler                   0x08000f68   Section        0  stm32f4xx_it.o(i.EXTI15_10_IRQHandler)
    i.EXTI9_5_IRQHandler                     0x08000f7e   Section        0  stm32f4xx_it.o(i.EXTI9_5_IRQHandler)
    i.Fletcher_16                            0x08000f94   Section        0  task_master.o(i.Fletcher_16)
    i.HAL_ADC_ConfigChannel                  0x08000fc4   Section        0  stm32f4xx_hal_adc.o(i.HAL_ADC_ConfigChannel)
    i.HAL_ADC_ConvCpltCallback               0x080010e8   Section        0  stm32f4xx_hal_adc.o(i.HAL_ADC_ConvCpltCallback)
    i.HAL_ADC_ConvHalfCpltCallback           0x080010ea   Section        0  stm32f4xx_hal_adc.o(i.HAL_ADC_ConvHalfCpltCallback)
    i.HAL_ADC_ErrorCallback                  0x080010ec   Section        0  stm32f4xx_hal_adc.o(i.HAL_ADC_ErrorCallback)
    i.HAL_ADC_Init                           0x080010ee   Section        0  stm32f4xx_hal_adc.o(i.HAL_ADC_Init)
    i.HAL_ADC_MspInit                        0x08001124   Section        0  stm32f4xx_hal_msp.o(i.HAL_ADC_MspInit)
    i.HAL_ADC_Start                          0x08001194   Section        0  stm32f4xx_hal_adc.o(i.HAL_ADC_Start)
    i.HAL_ADC_Start_DMA                      0x08001210   Section        0  stm32f4xx_hal_adc.o(i.HAL_ADC_Start_DMA)
    i.HAL_DMA_Init                           0x080012a8   Section        0  stm32f4xx_hal_dma.o(i.HAL_DMA_Init)
    i.HAL_DMA_Start_IT                       0x08001318   Section        0  stm32f4xx_hal_dma.o(i.HAL_DMA_Start_IT)
    i.HAL_GPIO_EXTI_Callback                 0x08001384   Section        0  stm32f4xx_it.o(i.HAL_GPIO_EXTI_Callback)
    i.HAL_GPIO_EXTI_IRQHandler               0x080014a0   Section        0  stm32f4xx_hal_gpio.o(i.HAL_GPIO_EXTI_IRQHandler)
    i.HAL_GPIO_Init                          0x080014b8   Section        0  stm32f4xx_hal_gpio.o(i.HAL_GPIO_Init)
    i.HAL_GPIO_ReadPin                       0x08001638   Section        0  stm32f4xx_hal_gpio.o(i.HAL_GPIO_ReadPin)
    i.HAL_GPIO_WritePin                      0x08001642   Section        0  stm32f4xx_hal_gpio.o(i.HAL_GPIO_WritePin)
    i.HAL_GetTick                            0x0800164c   Section        0  stm32f4xx_hal.o(i.HAL_GetTick)
    i.HAL_I2C_Init                           0x08001658   Section        0  stm32f4xx_hal_i2c.o(i.HAL_I2C_Init)
    i.HAL_I2C_Mem_Read                       0x08001758   Section        0  stm32f4xx_hal_i2c.o(i.HAL_I2C_Mem_Read)
    i.HAL_I2C_Mem_Write                      0x08001910   Section        0  stm32f4xx_hal_i2c.o(i.HAL_I2C_Mem_Write)
    i.HAL_I2C_MspInit                        0x080019e4   Section        0  stm32f4xx_hal_msp.o(i.HAL_I2C_MspInit)
    i.HAL_IncTick                            0x08001a28   Section        0  stm32f4xx_hal.o(i.HAL_IncTick)
    i.HAL_Init                               0x08001a38   Section        0  stm32f4xx_hal.o(i.HAL_Init)
    i.HAL_InitTick                           0x08001a6c   Section        0  stm32f4xx_hal.o(i.HAL_InitTick)
    i.HAL_MspInit                            0x08001a8e   Section        0  stm32f4xx_hal_msp.o(i.HAL_MspInit)
    i.HAL_NVIC_EnableIRQ                     0x08001aa4   Section        0  stm32f4xx_hal_cortex.o(i.HAL_NVIC_EnableIRQ)
    i.HAL_NVIC_SetPriority                   0x08001abc   Section        0  stm32f4xx_hal_cortex.o(i.HAL_NVIC_SetPriority)
    i.HAL_NVIC_SetPriorityGrouping           0x08001afc   Section        0  stm32f4xx_hal_cortex.o(i.HAL_NVIC_SetPriorityGrouping)
    i.HAL_RCC_ClockConfig                    0x08001b20   Section        0  stm32f4xx_hal_rcc.o(i.HAL_RCC_ClockConfig)
    i.HAL_RCC_GetHCLKFreq                    0x08001cd8   Section        0  stm32f4xx_hal_rcc.o(i.HAL_RCC_GetHCLKFreq)
    i.HAL_RCC_GetPCLK1Freq                   0x08001d0c   Section        0  stm32f4xx_hal_rcc.o(i.HAL_RCC_GetPCLK1Freq)
    i.HAL_RCC_GetPCLK2Freq                   0x08001d38   Section        0  stm32f4xx_hal_rcc.o(i.HAL_RCC_GetPCLK2Freq)
    i.HAL_RCC_GetSysClockFreq                0x08001d64   Section        0  stm32f4xx_hal_rcc.o(i.HAL_RCC_GetSysClockFreq)
    i.HAL_RCC_OscConfig                      0x08001dd4   Section        0  stm32f4xx_hal_rcc.o(i.HAL_RCC_OscConfig)
    i.HAL_SYSTICK_Config                     0x08002108   Section        0  stm32f4xx_hal_cortex.o(i.HAL_SYSTICK_Config)
    i.HAL_TIM_Base_Init                      0x08002130   Section        0  stm32f4xx_hal_tim.o(i.HAL_TIM_Base_Init)
    i.HAL_TIM_Base_MspInit                   0x08002160   Section        0  stm32f4xx_hal_msp.o(i.HAL_TIM_Base_MspInit)
    i.HAL_TIM_PWM_ConfigChannel              0x080021b8   Section        0  stm32f4xx_hal_tim.o(i.HAL_TIM_PWM_ConfigChannel)
    i.HAL_TIM_PWM_Init                       0x08002288   Section        0  stm32f4xx_hal_tim.o(i.HAL_TIM_PWM_Init)
    i.HAL_TIM_PWM_MspInit                    0x080022b8   Section        0  stm32f4xx_hal_tim.o(i.HAL_TIM_PWM_MspInit)
    i.HAL_TIM_PWM_Start                      0x080022bc   Section        0  stm32f4xx_hal_tim.o(i.HAL_TIM_PWM_Start)
    i.HAL_UART_ErrorCallback                 0x080022ec   Section        0  stm32f4xx_hal_uart.o(i.HAL_UART_ErrorCallback)
    i.HAL_UART_IRQHandler                    0x080022f0   Section        0  stm32f4xx_hal_uart.o(i.HAL_UART_IRQHandler)
    i.HAL_UART_Init                          0x080023fa   Section        0  stm32f4xx_hal_uart.o(i.HAL_UART_Init)
    i.HAL_UART_MspInit                       0x08002454   Section        0  stm32f4xx_hal_msp.o(i.HAL_UART_MspInit)
    i.HAL_UART_Receive_IT                    0x080024a8   Section        0  stm32f4xx_hal_uart.o(i.HAL_UART_Receive_IT)
    i.HAL_UART_RxCpltCallback                0x08002514   Section        0  stm32f4xx_it.o(i.HAL_UART_RxCpltCallback)
    i.HAL_UART_Transmit                      0x08002528   Section        0  stm32f4xx_hal_uart.o(i.HAL_UART_Transmit)
    i.HAL_UART_TxCpltCallback                0x080025f4   Section        0  stm32f4xx_hal_uart.o(i.HAL_UART_TxCpltCallback)
    i.I2C_RequestMemoryRead                  0x080025f8   Section        0  stm32f4xx_hal_i2c.o(i.I2C_RequestMemoryRead)
    I2C_RequestMemoryRead                    0x080025f9   Thumb Code   218  stm32f4xx_hal_i2c.o(i.I2C_RequestMemoryRead)
    i.I2C_RequestMemoryWrite                 0x080026d8   Section        0  stm32f4xx_hal_i2c.o(i.I2C_RequestMemoryWrite)
    I2C_RequestMemoryWrite                   0x080026d9   Thumb Code   140  stm32f4xx_hal_i2c.o(i.I2C_RequestMemoryWrite)
    i.I2C_WaitOnFlagUntilTimeout             0x08002768   Section        0  stm32f4xx_hal_i2c.o(i.I2C_WaitOnFlagUntilTimeout)
    I2C_WaitOnFlagUntilTimeout               0x08002769   Thumb Code   138  stm32f4xx_hal_i2c.o(i.I2C_WaitOnFlagUntilTimeout)
    i.I2C_WaitOnMasterAddressFlagUntilTimeout 0x080027f4   Section        0  stm32f4xx_hal_i2c.o(i.I2C_WaitOnMasterAddressFlagUntilTimeout)
    I2C_WaitOnMasterAddressFlagUntilTimeout  0x080027f5   Thumb Code   136  stm32f4xx_hal_i2c.o(i.I2C_WaitOnMasterAddressFlagUntilTimeout)
    i.MX_ADC1_Init                           0x0800287c   Section        0  main.o(i.MX_ADC1_Init)
    MX_ADC1_Init                             0x0800287d   Thumb Code    90  main.o(i.MX_ADC1_Init)
    i.MX_GPIO_Init                           0x080028e0   Section        0  main.o(i.MX_GPIO_Init)
    MX_GPIO_Init                             0x080028e1   Thumb Code   290  main.o(i.MX_GPIO_Init)
    i.MX_TIM10_Init                          0x08002a20   Section        0  main.o(i.MX_TIM10_Init)
    MX_TIM10_Init                            0x08002a21   Thumb Code    66  main.o(i.MX_TIM10_Init)
    i.MX_TIM11_Init                          0x08002a6c   Section        0  main.o(i.MX_TIM11_Init)
    MX_TIM11_Init                            0x08002a6d   Thumb Code    66  main.o(i.MX_TIM11_Init)
    i.NVIC_SetPriority                       0x08002ab8   Section        0  stm32f4xx_hal_cortex.o(i.NVIC_SetPriority)
    NVIC_SetPriority                         0x08002ab9   Thumb Code    32  stm32f4xx_hal_cortex.o(i.NVIC_SetPriority)
    i.No_Pwr                                 0x08002ad8   Section        0  task_control.o(i.No_Pwr)
    i.PID                                    0x08002adc   Section        0  task_control.o(i.PID)
    i.PID_fix                                0x08002bd4   Section        0  task_control.o(i.PID_fix)
    i.Process_Command                        0x08002c90   Section        0  task_master.o(i.Process_Command)
    i.Report_Variable                        0x080034cc   Section        0  task_master.o(i.Report_Variable)
    i.SysTick_Handler                        0x08003690   Section        0  stm32f4xx_it.o(i.SysTick_Handler)
    i.SystemClock_Config                     0x080036a8   Section        0  main.o(i.SystemClock_Config)
    i.SystemInit                             0x08003710   Section        0  system_stm32f4xx.o(i.SystemInit)
    i.TIM_Base_SetConfig                     0x08003764   Section        0  stm32f4xx_hal_tim.o(i.TIM_Base_SetConfig)
    i.TIM_CCxChannelCmd                      0x080037f4   Section        0  stm32f4xx_hal_tim.o(i.TIM_CCxChannelCmd)
    i.TIM_OC1_SetConfig                      0x0800380c   Section        0  stm32f4xx_hal_tim.o(i.TIM_OC1_SetConfig)
    TIM_OC1_SetConfig                        0x0800380d   Thumb Code    74  stm32f4xx_hal_tim.o(i.TIM_OC1_SetConfig)
    i.TIM_OC2_SetConfig                      0x0800385c   Section        0  stm32f4xx_hal_tim.o(i.TIM_OC2_SetConfig)
    i.TIM_OC3_SetConfig                      0x080038b4   Section        0  stm32f4xx_hal_tim.o(i.TIM_OC3_SetConfig)
    TIM_OC3_SetConfig                        0x080038b5   Thumb Code    82  stm32f4xx_hal_tim.o(i.TIM_OC3_SetConfig)
    i.TIM_OC4_SetConfig                      0x0800390c   Section        0  stm32f4xx_hal_tim.o(i.TIM_OC4_SetConfig)
    TIM_OC4_SetConfig                        0x0800390d   Thumb Code    64  stm32f4xx_hal_tim.o(i.TIM_OC4_SetConfig)
    i.UART_Receive_IT                        0x08003950   Section        0  stm32f4xx_hal_uart.o(i.UART_Receive_IT)
    UART_Receive_IT                          0x08003951   Thumb Code   168  stm32f4xx_hal_uart.o(i.UART_Receive_IT)
    i.UART_SetConfig                         0x080039f8   Section        0  stm32f4xx_hal_uart.o(i.UART_SetConfig)
    UART_SetConfig                           0x080039f9   Thumb Code   366  stm32f4xx_hal_uart.o(i.UART_SetConfig)
    i.UART_Transmit_IT                       0x08003b70   Section        0  stm32f4xx_hal_uart.o(i.UART_Transmit_IT)
    UART_Transmit_IT                         0x08003b71   Thumb Code   102  stm32f4xx_hal_uart.o(i.UART_Transmit_IT)
    i.UART_WaitOnFlagUntilTimeout            0x08003bd6   Section        0  stm32f4xx_hal_uart.o(i.UART_WaitOnFlagUntilTimeout)
    UART_WaitOnFlagUntilTimeout              0x08003bd7   Thumb Code   146  stm32f4xx_hal_uart.o(i.UART_WaitOnFlagUntilTimeout)
    i.USART1_IRQHandler                      0x08003c68   Section        0  stm32f4xx_it.o(i.USART1_IRQHandler)
    i.Update_Variable                        0x08003c74   Section        0  task_master.o(i.Update_Variable)
    i.__0printf                              0x08003dc8   Section        0  printfa.o(i.__0printf)
    i.__ARM_fpclassify                       0x08003de8   Section        0  fpclassify.o(i.__ARM_fpclassify)
    i.__hardfp_atan                          0x08003e18   Section        0  atan.o(i.__hardfp_atan)
    i.__hardfp_atan2                         0x080040f0   Section        0  atan2.o(i.__hardfp_atan2)
    i.__kernel_poly                          0x080042e0   Section        0  poly.o(i.__kernel_poly)
    i.__mathlib_dbl_infnan                   0x080043d8   Section        0  dunder.o(i.__mathlib_dbl_infnan)
    i.__mathlib_dbl_infnan2                  0x080043ec   Section        0  dunder.o(i.__mathlib_dbl_infnan2)
    i.__mathlib_dbl_underflow                0x08004400   Section        0  dunder.o(i.__mathlib_dbl_underflow)
    i.__scatterload_copy                     0x08004420   Section       14  handlers.o(i.__scatterload_copy)
    i.__scatterload_null                     0x0800442e   Section        2  handlers.o(i.__scatterload_null)
    i.__scatterload_zeroinit                 0x08004430   Section       14  handlers.o(i.__scatterload_zeroinit)
    i._fp_digits                             0x08004440   Section        0  printfa.o(i._fp_digits)
    _fp_digits                               0x08004441   Thumb Code   334  printfa.o(i._fp_digits)
    i._printf_core                           0x080045a4   Section        0  printfa.o(i._printf_core)
    _printf_core                             0x080045a5   Thumb Code  1744  printfa.o(i._printf_core)
    i._printf_post_padding                   0x08004c80   Section        0  printfa.o(i._printf_post_padding)
    _printf_post_padding                     0x08004c81   Thumb Code    36  printfa.o(i._printf_post_padding)
    i._printf_pre_padding                    0x08004ca4   Section        0  printfa.o(i._printf_pre_padding)
    _printf_pre_padding                      0x08004ca5   Thumb Code    46  printfa.o(i._printf_pre_padding)
    i.accl_init                              0x08004cd4   Section        0  task_control.o(i.accl_init)
    i.accl_measure                           0x08004cf8   Section        0  task_control.o(i.accl_measure)
    i.atan                                   0x08004d18   Section        0  atan.o(i.atan)
    i.control_logic                          0x08004d28   Section        0  task_control.o(i.control_logic)
    i.fabs                                   0x08004d40   Section        0  fabs.o(i.fabs)
    i.filter_logic                           0x08004d58   Section        0  task_control.o(i.filter_logic)
    i.fputc                                  0x08004d6c   Section        0  main.o(i.fputc)
    i.gyro_init                              0x08004d84   Section        0  task_control.o(i.gyro_init)
    i.gyro_measure                           0x08004da8   Section        0  task_control.o(i.gyro_measure)
    i.main                                   0x08004dc8   Section        0  main.o(i.main)
    i.motor_0_power                          0x08004f24   Section        0  task_control.o(i.motor_0_power)
    i.motor_1_power                          0x08004f7c   Section        0  task_control.o(i.motor_1_power)
    i.my_HAL_UART_RxCpltCallback             0x08004fd0   Section        0  task_master.o(i.my_HAL_UART_RxCpltCallback)
    i.osKernelStart                          0x0800502c   Section        0  cmsis_os.o(i.osKernelStart)
    i.print_mtrx_nxn                         0x08005038   Section        0  matrix.o(i.print_mtrx_nxn)
    i.prvAddCurrentTaskToDelayedList         0x0800508c   Section        0  tasks.o(i.prvAddCurrentTaskToDelayedList)
    prvAddCurrentTaskToDelayedList           0x0800508d   Thumb Code    48  tasks.o(i.prvAddCurrentTaskToDelayedList)
    i.prvCheckTasksWaitingTermination        0x080050c0   Section        0  tasks.o(i.prvCheckTasksWaitingTermination)
    prvCheckTasksWaitingTermination          0x080050c1   Thumb Code    76  tasks.o(i.prvCheckTasksWaitingTermination)
    i.prvCopyDataFromQueue                   0x08005114   Section        0  queue.o(i.prvCopyDataFromQueue)
    prvCopyDataFromQueue                     0x08005115   Thumb Code    38  queue.o(i.prvCopyDataFromQueue)
    i.prvCopyDataToQueue                     0x0800513a   Section        0  queue.o(i.prvCopyDataToQueue)
    prvCopyDataToQueue                       0x0800513b   Thumb Code   110  queue.o(i.prvCopyDataToQueue)
    i.prvHeapInit                            0x080051a8   Section        0  heap_4.o(i.prvHeapInit)
    prvHeapInit                              0x080051a9   Thumb Code    66  heap_4.o(i.prvHeapInit)
    i.prvIdleTask                            0x080051f4   Section        0  tasks.o(i.prvIdleTask)
    prvIdleTask                              0x080051f5   Thumb Code    20  tasks.o(i.prvIdleTask)
    i.prvInsertBlockIntoFreeList             0x0800520c   Section        0  heap_4.o(i.prvInsertBlockIntoFreeList)
    prvInsertBlockIntoFreeList               0x0800520d   Thumb Code    72  heap_4.o(i.prvInsertBlockIntoFreeList)
    i.prvResetNextTaskUnblockTime            0x08005258   Section        0  tasks.o(i.prvResetNextTaskUnblockTime)
    prvResetNextTaskUnblockTime              0x08005259   Thumb Code    26  tasks.o(i.prvResetNextTaskUnblockTime)
    i.prvTaskExitError                       0x08005278   Section        0  port.o(i.prvTaskExitError)
    prvTaskExitError                         0x08005279   Thumb Code    20  port.o(i.prvTaskExitError)
    i.prvUnlockQueue                         0x08005290   Section        0  queue.o(i.prvUnlockQueue)
    prvUnlockQueue                           0x08005291   Thumb Code   100  queue.o(i.prvUnlockQueue)
    i.pvPortMalloc                           0x080052f4   Section        0  heap_4.o(i.pvPortMalloc)
    i.pvTaskIncrementMutexHeldCount          0x080053b0   Section        0  tasks.o(i.pvTaskIncrementMutexHeldCount)
    i.pxPortInitialiseStack                  0x080053c8   Section        0  port.o(i.pxPortInitialiseStack)
    i.task_control                           0x080053f0   Section        0  task_control.o(i.task_control)
    i.task_master                            0x0800556c   Section        0  task_master.o(i.task_master)
    i.task_safety                            0x080055d4   Section        0  task_safety.o(i.task_safety)
    i.task_test                              0x08005688   Section        0  task_test.o(i.task_test)
    i.uxListRemove                           0x0800584c   Section        0  list.o(i.uxListRemove)
    i.uxTaskPriorityGet                      0x08005870   Section        0  tasks.o(i.uxTaskPriorityGet)
    i.vListInitialise                        0x0800588c   Section        0  list.o(i.vListInitialise)
    i.vListInitialiseItem                    0x080058a2   Section        0  list.o(i.vListInitialiseItem)
    i.vListInsert                            0x080058a8   Section        0  list.o(i.vListInsert)
    i.vListInsertEnd                         0x080058d8   Section        0  list.o(i.vListInsertEnd)
    i.vPortEnterCritical                     0x080058f0   Section        0  port.o(i.vPortEnterCritical)
    i.vPortExitCritical                      0x08005924   Section        0  port.o(i.vPortExitCritical)
    i.vPortFree                              0x08005948   Section        0  heap_4.o(i.vPortFree)
    i.vPortSetupTimerInterrupt               0x08005990   Section        0  port.o(i.vPortSetupTimerInterrupt)
    i.vPortYield                             0x080059b0   Section        0  port.o(i.vPortYield)
    i.vTaskDelayUntil                        0x080059c8   Section        0  tasks.o(i.vTaskDelayUntil)
    i.vTaskMissedYield                       0x08005a44   Section        0  tasks.o(i.vTaskMissedYield)
    i.vTaskPlaceOnEventList                  0x08005a50   Section        0  tasks.o(i.vTaskPlaceOnEventList)
    i.vTaskPriorityInherit                   0x08005aa8   Section        0  tasks.o(i.vTaskPriorityInherit)
    i.vTaskSetTimeOutState                   0x08005b2c   Section        0  tasks.o(i.vTaskSetTimeOutState)
    i.vTaskStartScheduler                    0x08005b48   Section        0  tasks.o(i.vTaskStartScheduler)
    i.vTaskSuspendAll                        0x08005b94   Section        0  tasks.o(i.vTaskSuspendAll)
    i.vTaskSwitchContext                     0x08005ba4   Section        0  tasks.o(i.vTaskSwitchContext)
    i.xPortStartScheduler                    0x08005bf8   Section        0  port.o(i.xPortStartScheduler)
    i.xPortSysTickHandler                    0x08005c7c   Section        0  port.o(i.xPortSysTickHandler)
    i.xQueueGenericCreate                    0x08005ca0   Section        0  queue.o(i.xQueueGenericCreate)
    i.xQueueGenericReceive                   0x08005ce8   Section        0  queue.o(i.xQueueGenericReceive)
    i.xQueueGenericReset                     0x08005e16   Section        0  queue.o(i.xQueueGenericReset)
    i.xQueueGenericSend                      0x08005e80   Section        0  queue.o(i.xQueueGenericSend)
    i.xTaskCheckForTimeOut                   0x08005f94   Section        0  tasks.o(i.xTaskCheckForTimeOut)
    i.xTaskGenericCreate                     0x08005fec   Section        0  tasks.o(i.xTaskGenericCreate)
    i.xTaskGetSchedulerState                 0x08006170   Section        0  tasks.o(i.xTaskGetSchedulerState)
    i.xTaskGetTickCount                      0x0800618c   Section        0  tasks.o(i.xTaskGetTickCount)
    i.xTaskIncrementTick                     0x080061a4   Section        0  tasks.o(i.xTaskIncrementTick)
    i.xTaskPriorityDisinherit                0x08006264   Section        0  tasks.o(i.xTaskPriorityDisinherit)
    i.xTaskRemoveFromEventList               0x080062dc   Section        0  tasks.o(i.xTaskRemoveFromEventList)
    i.xTaskResumeAll                         0x08006348   Section        0  tasks.o(i.xTaskResumeAll)
    .constdata                               0x080063f4   Section       16  stm32f4xx_hal_rcc.o(.constdata)
    .constdata                               0x08006408   Section      152  atan.o(.constdata)
    atanhi                                   0x08006408   Data          32  atan.o(.constdata)
    atanlo                                   0x08006428   Data          32  atan.o(.constdata)
    aTodd                                    0x08006448   Data          40  atan.o(.constdata)
    aTeven                                   0x08006470   Data          48  atan.o(.constdata)
    .constdata                               0x080064a0   Section        8  qnan.o(.constdata)
    .conststring                             0x080064a8   Section      308  task_master.o(.conststring)
    .conststring                             0x080065dc   Section      146  task_test.o(.conststring)
    .data                                    0x20000000   Section        2  stm32f4xx_it.o(.data)
    state_enc_0_prev                         0x20000000   Data           1  stm32f4xx_it.o(.data)
    state_enc_1_prev                         0x20000001   Data           1  stm32f4xx_it.o(.data)
    .data                                    0x20000004   Section       16  main.o(.data)
    .data                                    0x20000014   Section        4  stm32f4xx_hal.o(.data)
    uwTick                                   0x20000014   Data           4  stm32f4xx_hal.o(.data)
    .data                                    0x20000018   Section       24  heap_4.o(.data)
    pxEnd                                    0x20000018   Data           4  heap_4.o(.data)
    xFreeBytesRemaining                      0x2000001c   Data           4  heap_4.o(.data)
    xMinimumEverFreeBytesRemaining           0x20000020   Data           4  heap_4.o(.data)
    xBlockAllocatedBit                       0x20000024   Data           4  heap_4.o(.data)
    xStart                                   0x20000028   Data           8  heap_4.o(.data)
    .data                                    0x20000030   Section       56  tasks.o(.data)
    uxTasksDeleted                           0x20000034   Data           4  tasks.o(.data)
    uxCurrentNumberOfTasks                   0x20000038   Data           4  tasks.o(.data)
    xTickCount                               0x2000003c   Data           4  tasks.o(.data)
    uxTopReadyPriority                       0x20000040   Data           4  tasks.o(.data)
    xSchedulerRunning                        0x20000044   Data           4  tasks.o(.data)
    uxPendedTicks                            0x20000048   Data           4  tasks.o(.data)
    xYieldPending                            0x2000004c   Data           4  tasks.o(.data)
    xNumOfOverflows                          0x20000050   Data           4  tasks.o(.data)
    uxTaskNumber                             0x20000054   Data           4  tasks.o(.data)
    xNextTaskUnblockTime                     0x20000058   Data           4  tasks.o(.data)
    uxSchedulerSuspended                     0x2000005c   Data           4  tasks.o(.data)
    pxDelayedTaskList                        0x20000060   Data           4  tasks.o(.data)
    pxOverflowDelayedTaskList                0x20000064   Data           4  tasks.o(.data)
    .data                                    0x20000068   Section       12  port.o(.data)
    ucMaxSysCallPriority                     0x20000068   Data           1  port.o(.data)
    uxCriticalNesting                        0x2000006c   Data           4  port.o(.data)
    ulMaxPRIGROUPValue                       0x20000070   Data           4  port.o(.data)
    .data                                    0x20000074   Section       20  system_stm32f4xx.o(.data)
    .data                                    0x20000088   Section      140  task_master.o(.data)
    reset_count                              0x2000008e   Data           2  task_master.o(.data)
    .data                                    0x20000114   Section      124  task_control.o(.data)
    gyro_reg_ctrl_1_setting                  0x20000114   Data           1  task_control.o(.data)
    accl_reg_ctrl_1_setting                  0x20000115   Data           1  task_control.o(.data)
    alpha                                    0x20000134   Data           4  task_control.o(.data)
    position_prev                            0x20000138   Data           4  task_control.o(.data)
    alpha                                    0x2000013c   Data           4  task_control.o(.data)
    position_prev                            0x20000140   Data           4  task_control.o(.data)
    integrator_out_prev                      0x20000144   Data           4  task_control.o(.data)
    error_prev                               0x20000148   Data           4  task_control.o(.data)
    K_INT                                    0x2000014c   Data           4  task_control.o(.data)
    K_PROP                                   0x20000150   Data           4  task_control.o(.data)
    K_DER                                    0x20000154   Data           4  task_control.o(.data)
    offset                                   0x20000158   Data           4  task_control.o(.data)
    integrator_out_prev                      0x2000015c   Data           4  task_control.o(.data)
    error_prev                               0x20000160   Data           4  task_control.o(.data)
    offset                                   0x20000164   Data           4  task_control.o(.data)
    .data                                    0x20000190   Section        4  stdout.o(.data)
    .bss                                     0x20000194   Section      312  main.o(.bss)
    .bss                                     0x200002cc   Section       80  main.o(.bss)
    .bss                                     0x2000031c   Section    15360  heap_4.o(.bss)
    ucHeap                                   0x2000031c   Data       15360  heap_4.o(.bss)
    .bss                                     0x20003f1c   Section      240  tasks.o(.bss)
    pxReadyTasksLists                        0x20003f1c   Data         140  tasks.o(.bss)
    xDelayedTaskList1                        0x20003fa8   Data          20  tasks.o(.bss)
    xDelayedTaskList2                        0x20003fbc   Data          20  tasks.o(.bss)
    xPendingReadyList                        0x20003fd0   Data          20  tasks.o(.bss)
    xTasksWaitingTermination                 0x20003fe4   Data          20  tasks.o(.bss)
    xSuspendedTaskList                       0x20003ff8   Data          20  tasks.o(.bss)
    .bss                                     0x2000400c   Section      127  task_master.o(.bss)
    .bss                                     0x2000408c   Section       28  task_control.o(.bss)
    STACK                                    0x200040a8   Section     1024  startup_stm32f401xe.o(STACK)

    Global Symbols

    Symbol Name                              Value     Ov Type        Size  Object(Section)

    BuildAttributes$$THM_ISAv4$E$P$D$K$B$S$7EM$VFPi3$EXTD16$VFPS$VFMA$PE$A:L22UL41UL21$X:L11$S22US41US21$IEEE1$IW$USESV6$~STKCKD$USESV7$~SHL$OTIME$ROPI$IEEEX$EBA8$MICROLIB$REQ8$PRES8$EABIv2 0x00000000   Number         0  anon$$obj.o ABSOLUTE
    __ARM_use_no_argv                        0x00000000   Number         0  main.o ABSOLUTE
    _printf_a                                0x00000000   Number         0  stubs.o ABSOLUTE
    _printf_c                                0x00000000   Number         0  stubs.o ABSOLUTE
    _printf_charcount                        0x00000000   Number         0  stubs.o ABSOLUTE
    _printf_d                                0x00000000   Number         0  stubs.o ABSOLUTE
    _printf_e                                0x00000000   Number         0  stubs.o ABSOLUTE
    _printf_f                                0x00000000   Number         0  stubs.o ABSOLUTE
    _printf_flags                            0x00000000   Number         0  stubs.o ABSOLUTE
    _printf_fp_dec                           0x00000000   Number         0  stubs.o ABSOLUTE
    _printf_fp_hex                           0x00000000   Number         0  stubs.o ABSOLUTE
    _printf_g                                0x00000000   Number         0  stubs.o ABSOLUTE
    _printf_i                                0x00000000   Number         0  stubs.o ABSOLUTE
    _printf_int_dec                          0x00000000   Number         0  stubs.o ABSOLUTE
    _printf_l                                0x00000000   Number         0  stubs.o ABSOLUTE
    _printf_lc                               0x00000000   Number         0  stubs.o ABSOLUTE
    _printf_ll                               0x00000000   Number         0  stubs.o ABSOLUTE
    _printf_lld                              0x00000000   Number         0  stubs.o ABSOLUTE
    _printf_lli                              0x00000000   Number         0  stubs.o ABSOLUTE
    _printf_llo                              0x00000000   Number         0  stubs.o ABSOLUTE
    _printf_llu                              0x00000000   Number         0  stubs.o ABSOLUTE
    _printf_llx                              0x00000000   Number         0  stubs.o ABSOLUTE
    _printf_longlong_dec                     0x00000000   Number         0  stubs.o ABSOLUTE
    _printf_longlong_hex                     0x00000000   Number         0  stubs.o ABSOLUTE
    _printf_longlong_oct                     0x00000000   Number         0  stubs.o ABSOLUTE
    _printf_ls                               0x00000000   Number         0  stubs.o ABSOLUTE
    _printf_mbtowc                           0x00000000   Number         0  stubs.o ABSOLUTE
    _printf_n                                0x00000000   Number         0  stubs.o ABSOLUTE
    _printf_o                                0x00000000   Number         0  stubs.o ABSOLUTE
    _printf_p                                0x00000000   Number         0  stubs.o ABSOLUTE
    _printf_percent                          0x00000000   Number         0  stubs.o ABSOLUTE
    _printf_pre_padding                      0x00000000   Number         0  stubs.o ABSOLUTE
    _printf_return_value                     0x00000000   Number         0  stubs.o ABSOLUTE
    _printf_s                                0x00000000   Number         0  stubs.o ABSOLUTE
    _printf_sizespec                         0x00000000   Number         0  stubs.o ABSOLUTE
    _printf_str                              0x00000000   Number         0  stubs.o ABSOLUTE
    _printf_truncate_signed                  0x00000000   Number         0  stubs.o ABSOLUTE
    _printf_truncate_unsigned                0x00000000   Number         0  stubs.o ABSOLUTE
    _printf_u                                0x00000000   Number         0  stubs.o ABSOLUTE
    _printf_wc                               0x00000000   Number         0  stubs.o ABSOLUTE
    _printf_wctomb                           0x00000000   Number         0  stubs.o ABSOLUTE
    _printf_widthprec                        0x00000000   Number         0  stubs.o ABSOLUTE
    _printf_x                                0x00000000   Number         0  stubs.o ABSOLUTE
    __cpp_initialize__aeabi_                  - Undefined Weak Reference
    __cxa_finalize                            - Undefined Weak Reference
    _clock_init                               - Undefined Weak Reference
    _microlib_exit                            - Undefined Weak Reference
    __Vectors_Size                           0x00000194   Number         0  startup_stm32f401xe.o ABSOLUTE
    __Vectors                                0x08000000   Data           4  startup_stm32f401xe.o(RESET)
    __Vectors_End                            0x08000194   Data           0  startup_stm32f401xe.o(RESET)
    __main                                   0x08000195   Thumb Code     0  entry.o(.ARM.Collect$$$$00000000)
    _main_stk                                0x08000195   Thumb Code     0  entry2.o(.ARM.Collect$$$$00000001)
    _main_scatterload                        0x08000199   Thumb Code     0  entry5.o(.ARM.Collect$$$$00000004)
    __main_after_scatterload                 0x0800019d   Thumb Code     0  entry5.o(.ARM.Collect$$$$00000004)
    _main_clock                              0x0800019d   Thumb Code     0  entry7b.o(.ARM.Collect$$$$00000008)
    _main_cpp_init                           0x0800019d   Thumb Code     0  entry8b.o(.ARM.Collect$$$$0000000A)
    _main_init                               0x0800019d   Thumb Code     0  entry9a.o(.ARM.Collect$$$$0000000B)
    __rt_final_cpp                           0x080001a5   Thumb Code     0  entry10a.o(.ARM.Collect$$$$0000000D)
    __rt_final_exit                          0x080001a5   Thumb Code     0  entry11a.o(.ARM.Collect$$$$0000000F)
    SVC_Handler                              0x080001a9   Thumb Code    28  port.o(.emb_text)
    __asm___6_port_c_39a90d8d__prvStartFirstTask 0x080001c9   Thumb Code    28  port.o(.emb_text)
    __asm___6_port_c_39a90d8d__prvEnableVFP  0x080001e9   Thumb Code    16  port.o(.emb_text)
    PendSV_Handler                           0x080001fd   Thumb Code    84  port.o(.emb_text)
    ulPortSetInterruptMask                   0x08000255   Thumb Code    14  port.o(.emb_text)
    vPortClearInterruptMask                  0x08000263   Thumb Code     6  port.o(.emb_text)
    vPortGetIPSR                             0x08000269   Thumb Code     6  port.o(.emb_text)
    Reset_Handler                            0x08000271   Thumb Code     8  startup_stm32f401xe.o(.text)
    NMI_Handler                              0x08000279   Thumb Code     2  startup_stm32f401xe.o(.text)
    HardFault_Handler                        0x0800027b   Thumb Code     2  startup_stm32f401xe.o(.text)
    MemManage_Handler                        0x0800027d   Thumb Code     2  startup_stm32f401xe.o(.text)
    BusFault_Handler                         0x0800027f   Thumb Code     2  startup_stm32f401xe.o(.text)
    UsageFault_Handler                       0x08000281   Thumb Code     2  startup_stm32f401xe.o(.text)
    DebugMon_Handler                         0x08000285   Thumb Code     2  startup_stm32f401xe.o(.text)
    ADC_IRQHandler                           0x0800028b   Thumb Code     0  startup_stm32f401xe.o(.text)
    DMA1_Stream0_IRQHandler                  0x0800028b   Thumb Code     0  startup_stm32f401xe.o(.text)
    DMA1_Stream1_IRQHandler                  0x0800028b   Thumb Code     0  startup_stm32f401xe.o(.text)
    DMA1_Stream2_IRQHandler                  0x0800028b   Thumb Code     0  startup_stm32f401xe.o(.text)
    DMA1_Stream3_IRQHandler                  0x0800028b   Thumb Code     0  startup_stm32f401xe.o(.text)
    DMA1_Stream4_IRQHandler                  0x0800028b   Thumb Code     0  startup_stm32f401xe.o(.text)
    DMA1_Stream5_IRQHandler                  0x0800028b   Thumb Code     0  startup_stm32f401xe.o(.text)
    DMA1_Stream6_IRQHandler                  0x0800028b   Thumb Code     0  startup_stm32f401xe.o(.text)
    DMA1_Stream7_IRQHandler                  0x0800028b   Thumb Code     0  startup_stm32f401xe.o(.text)
    DMA2_Stream0_IRQHandler                  0x0800028b   Thumb Code     0  startup_stm32f401xe.o(.text)
    DMA2_Stream1_IRQHandler                  0x0800028b   Thumb Code     0  startup_stm32f401xe.o(.text)
    DMA2_Stream2_IRQHandler                  0x0800028b   Thumb Code     0  startup_stm32f401xe.o(.text)
    DMA2_Stream3_IRQHandler                  0x0800028b   Thumb Code     0  startup_stm32f401xe.o(.text)
    DMA2_Stream4_IRQHandler                  0x0800028b   Thumb Code     0  startup_stm32f401xe.o(.text)
    DMA2_Stream5_IRQHandler                  0x0800028b   Thumb Code     0  startup_stm32f401xe.o(.text)
    DMA2_Stream6_IRQHandler                  0x0800028b   Thumb Code     0  startup_stm32f401xe.o(.text)
    DMA2_Stream7_IRQHandler                  0x0800028b   Thumb Code     0  startup_stm32f401xe.o(.text)
    EXTI0_IRQHandler                         0x0800028b   Thumb Code     0  startup_stm32f401xe.o(.text)
    EXTI1_IRQHandler                         0x0800028b   Thumb Code     0  startup_stm32f401xe.o(.text)
    EXTI2_IRQHandler                         0x0800028b   Thumb Code     0  startup_stm32f401xe.o(.text)
    EXTI3_IRQHandler                         0x0800028b   Thumb Code     0  startup_stm32f401xe.o(.text)
    EXTI4_IRQHandler                         0x0800028b   Thumb Code     0  startup_stm32f401xe.o(.text)
    FLASH_IRQHandler                         0x0800028b   Thumb Code     0  startup_stm32f401xe.o(.text)
    FPU_IRQHandler                           0x0800028b   Thumb Code     0  startup_stm32f401xe.o(.text)
    I2C1_ER_IRQHandler                       0x0800028b   Thumb Code     0  startup_stm32f401xe.o(.text)
    I2C1_EV_IRQHandler                       0x0800028b   Thumb Code     0  startup_stm32f401xe.o(.text)
    I2C2_ER_IRQHandler                       0x0800028b   Thumb Code     0  startup_stm32f401xe.o(.text)
    I2C2_EV_IRQHandler                       0x0800028b   Thumb Code     0  startup_stm32f401xe.o(.text)
    I2C3_ER_IRQHandler                       0x0800028b   Thumb Code     0  startup_stm32f401xe.o(.text)
    I2C3_EV_IRQHandler                       0x0800028b   Thumb Code     0  startup_stm32f401xe.o(.text)
    OTG_FS_IRQHandler                        0x0800028b   Thumb Code     0  startup_stm32f401xe.o(.text)
    OTG_FS_WKUP_IRQHandler                   0x0800028b   Thumb Code     0  startup_stm32f401xe.o(.text)
    PVD_IRQHandler                           0x0800028b   Thumb Code     0  startup_stm32f401xe.o(.text)
    RCC_IRQHandler                           0x0800028b   Thumb Code     0  startup_stm32f401xe.o(.text)
    RTC_Alarm_IRQHandler                     0x0800028b   Thumb Code     0  startup_stm32f401xe.o(.text)
    RTC_WKUP_IRQHandler                      0x0800028b   Thumb Code     0  startup_stm32f401xe.o(.text)
    SDIO_IRQHandler                          0x0800028b   Thumb Code     0  startup_stm32f401xe.o(.text)
    SPI1_IRQHandler                          0x0800028b   Thumb Code     0  startup_stm32f401xe.o(.text)
    SPI2_IRQHandler                          0x0800028b   Thumb Code     0  startup_stm32f401xe.o(.text)
    SPI3_IRQHandler                          0x0800028b   Thumb Code     0  startup_stm32f401xe.o(.text)
    SPI4_IRQHandler                          0x0800028b   Thumb Code     0  startup_stm32f401xe.o(.text)
    TAMP_STAMP_IRQHandler                    0x0800028b   Thumb Code     0  startup_stm32f401xe.o(.text)
    TIM1_BRK_TIM9_IRQHandler                 0x0800028b   Thumb Code     0  startup_stm32f401xe.o(.text)
    TIM1_CC_IRQHandler                       0x0800028b   Thumb Code     0  startup_stm32f401xe.o(.text)
    TIM1_TRG_COM_TIM11_IRQHandler            0x0800028b   Thumb Code     0  startup_stm32f401xe.o(.text)
    TIM1_UP_TIM10_IRQHandler                 0x0800028b   Thumb Code     0  startup_stm32f401xe.o(.text)
    TIM2_IRQHandler                          0x0800028b   Thumb Code     0  startup_stm32f401xe.o(.text)
    TIM3_IRQHandler                          0x0800028b   Thumb Code     0  startup_stm32f401xe.o(.text)
    TIM4_IRQHandler                          0x0800028b   Thumb Code     0  startup_stm32f401xe.o(.text)
    TIM5_IRQHandler                          0x0800028b   Thumb Code     0  startup_stm32f401xe.o(.text)
    USART2_IRQHandler                        0x0800028b   Thumb Code     0  startup_stm32f401xe.o(.text)
    USART6_IRQHandler                        0x0800028b   Thumb Code     0  startup_stm32f401xe.o(.text)
    WWDG_IRQHandler                          0x0800028b   Thumb Code     0  startup_stm32f401xe.o(.text)
    __aeabi_memcpy                           0x08000295   Thumb Code    36  memcpya.o(.text)
    __aeabi_memcpy4                          0x08000295   Thumb Code     0  memcpya.o(.text)
    __aeabi_memcpy8                          0x08000295   Thumb Code     0  memcpya.o(.text)
    __aeabi_memset                           0x080002b9   Thumb Code    14  memseta.o(.text)
    __aeabi_memset4                          0x080002b9   Thumb Code     0  memseta.o(.text)
    __aeabi_memset8                          0x080002b9   Thumb Code     0  memseta.o(.text)
    __aeabi_memclr                           0x080002c7   Thumb Code     4  memseta.o(.text)
    __aeabi_memclr4                          0x080002c7   Thumb Code     0  memseta.o(.text)
    __aeabi_memclr8                          0x080002c7   Thumb Code     0  memseta.o(.text)
    _memset$wrapper                          0x080002cb   Thumb Code    18  memseta.o(.text)
    __aeabi_dadd                             0x080002dd   Thumb Code   322  dadd.o(.text)
    __aeabi_dsub                             0x0800041f   Thumb Code     6  dadd.o(.text)
    __aeabi_drsub                            0x08000425   Thumb Code     6  dadd.o(.text)
    __aeabi_dmul                             0x0800042b   Thumb Code   228  dmul.o(.text)
    __aeabi_i2d                              0x0800050f   Thumb Code    34  dflti.o(.text)
    __aeabi_d2iz                             0x08000531   Thumb Code    62  dfixi.o(.text)
    __aeabi_f2d                              0x0800056f   Thumb Code    38  f2d.o(.text)
    __aeabi_d2f                              0x08000595   Thumb Code    56  d2f.o(.text)
    __aeabi_uidiv                            0x080005cd   Thumb Code     0  uidiv.o(.text)
    __aeabi_uidivmod                         0x080005cd   Thumb Code    44  uidiv.o(.text)
    __aeabi_uldivmod                         0x080005f9   Thumb Code    98  uldiv.o(.text)
    __aeabi_llsl                             0x0800065b   Thumb Code    30  llshl.o(.text)
    _ll_shift_l                              0x0800065b   Thumb Code     0  llshl.o(.text)
    __aeabi_llsr                             0x08000679   Thumb Code    32  llushr.o(.text)
    _ll_ushift_r                             0x08000679   Thumb Code     0  llushr.o(.text)
    __aeabi_lasr                             0x08000699   Thumb Code    36  llsshr.o(.text)
    _ll_sshift_r                             0x08000699   Thumb Code     0  llsshr.o(.text)
    __I$use$fp                               0x080006bd   Thumb Code     0  iusefp.o(.text)
    _float_round                             0x080006bd   Thumb Code    18  fepilogue.o(.text)
    _float_epilogue                          0x080006cf   Thumb Code    92  fepilogue.o(.text)
    _double_round                            0x0800072b   Thumb Code    30  depilogue.o(.text)
    _double_epilogue                         0x08000749   Thumb Code   156  depilogue.o(.text)
    __aeabi_ddiv                             0x080007e5   Thumb Code   222  ddiv.o(.text)
    __aeabi_d2ulz                            0x080008c3   Thumb Code    48  dfixul.o(.text)
    __aeabi_cdrcmple                         0x080008f5   Thumb Code    48  cdrcmple.o(.text)
    __scatterload                            0x08000925   Thumb Code    28  init.o(.text)
    __scatterload_rt2                        0x08000925   Thumb Code     0  init.o(.text)
    __decompress                             0x08000949   Thumb Code     0  __dczerorl2.o(.text)
    __decompress1                            0x08000949   Thumb Code    86  __dczerorl2.o(.text)
    Compute_Software_State                   0x08000afd   Thumb Code   148  task_master.o(i.Compute_Software_State)
    DCM                                      0x08000ba5   Thumb Code   350  task_control.o(i.DCM)
    DCM_fix                                  0x08000d61   Thumb Code   356  task_control.o(i.DCM_fix)
    EXTI15_10_IRQHandler                     0x08000f69   Thumb Code    22  stm32f4xx_it.o(i.EXTI15_10_IRQHandler)
    EXTI9_5_IRQHandler                       0x08000f7f   Thumb Code    22  stm32f4xx_it.o(i.EXTI9_5_IRQHandler)
    Fletcher_16                              0x08000f95   Thumb Code    48  task_master.o(i.Fletcher_16)
    HAL_ADC_ConfigChannel                    0x08000fc5   Thumb Code   288  stm32f4xx_hal_adc.o(i.HAL_ADC_ConfigChannel)
    HAL_ADC_ConvCpltCallback                 0x080010e9   Thumb Code     2  stm32f4xx_hal_adc.o(i.HAL_ADC_ConvCpltCallback)
    HAL_ADC_ConvHalfCpltCallback             0x080010eb   Thumb Code     2  stm32f4xx_hal_adc.o(i.HAL_ADC_ConvHalfCpltCallback)
    HAL_ADC_ErrorCallback                    0x080010ed   Thumb Code     2  stm32f4xx_hal_adc.o(i.HAL_ADC_ErrorCallback)
    HAL_ADC_Init                             0x080010ef   Thumb Code    52  stm32f4xx_hal_adc.o(i.HAL_ADC_Init)
    HAL_ADC_MspInit                          0x08001125   Thumb Code    90  stm32f4xx_hal_msp.o(i.HAL_ADC_MspInit)
    HAL_ADC_Start                            0x08001195   Thumb Code   118  stm32f4xx_hal_adc.o(i.HAL_ADC_Start)
    HAL_ADC_Start_DMA                        0x08001211   Thumb Code   138  stm32f4xx_hal_adc.o(i.HAL_ADC_Start_DMA)
    HAL_DMA_Init                             0x080012a9   Thumb Code   108  stm32f4xx_hal_dma.o(i.HAL_DMA_Init)
    HAL_DMA_Start_IT                         0x08001319   Thumb Code   108  stm32f4xx_hal_dma.o(i.HAL_DMA_Start_IT)
    HAL_GPIO_EXTI_Callback                   0x08001385   Thumb Code   246  stm32f4xx_it.o(i.HAL_GPIO_EXTI_Callback)
    HAL_GPIO_EXTI_IRQHandler                 0x080014a1   Thumb Code    18  stm32f4xx_hal_gpio.o(i.HAL_GPIO_EXTI_IRQHandler)
    HAL_GPIO_Init                            0x080014b9   Thumb Code   352  stm32f4xx_hal_gpio.o(i.HAL_GPIO_Init)
    HAL_GPIO_ReadPin                         0x08001639   Thumb Code    10  stm32f4xx_hal_gpio.o(i.HAL_GPIO_ReadPin)
    HAL_GPIO_WritePin                        0x08001643   Thumb Code    10  stm32f4xx_hal_gpio.o(i.HAL_GPIO_WritePin)
    HAL_GetTick                              0x0800164d   Thumb Code     6  stm32f4xx_hal.o(i.HAL_GetTick)
    HAL_I2C_Init                             0x08001659   Thumb Code   246  stm32f4xx_hal_i2c.o(i.HAL_I2C_Init)
    HAL_I2C_Mem_Read                         0x08001759   Thumb Code   432  stm32f4xx_hal_i2c.o(i.HAL_I2C_Mem_Read)
    HAL_I2C_Mem_Write                        0x08001911   Thumb Code   204  stm32f4xx_hal_i2c.o(i.HAL_I2C_Mem_Write)
    HAL_I2C_MspInit                          0x080019e5   Thumb Code    54  stm32f4xx_hal_msp.o(i.HAL_I2C_MspInit)
    HAL_IncTick                              0x08001a29   Thumb Code    10  stm32f4xx_hal.o(i.HAL_IncTick)
    HAL_Init                                 0x08001a39   Thumb Code    48  stm32f4xx_hal.o(i.HAL_Init)
    HAL_InitTick                             0x08001a6d   Thumb Code    34  stm32f4xx_hal.o(i.HAL_InitTick)
    HAL_MspInit                              0x08001a8f   Thumb Code    22  stm32f4xx_hal_msp.o(i.HAL_MspInit)
    HAL_NVIC_EnableIRQ                       0x08001aa5   Thumb Code    22  stm32f4xx_hal_cortex.o(i.HAL_NVIC_EnableIRQ)
    HAL_NVIC_SetPriority                     0x08001abd   Thumb Code    60  stm32f4xx_hal_cortex.o(i.HAL_NVIC_SetPriority)
    HAL_NVIC_SetPriorityGrouping             0x08001afd   Thumb Code    26  stm32f4xx_hal_cortex.o(i.HAL_NVIC_SetPriorityGrouping)
    HAL_RCC_ClockConfig                      0x08001b21   Thumb Code   432  stm32f4xx_hal_rcc.o(i.HAL_RCC_ClockConfig)
    HAL_RCC_GetHCLKFreq                      0x08001cd9   Thumb Code    38  stm32f4xx_hal_rcc.o(i.HAL_RCC_GetHCLKFreq)
    HAL_RCC_GetPCLK1Freq                     0x08001d0d   Thumb Code    36  stm32f4xx_hal_rcc.o(i.HAL_RCC_GetPCLK1Freq)
    HAL_RCC_GetPCLK2Freq                     0x08001d39   Thumb Code    36  stm32f4xx_hal_rcc.o(i.HAL_RCC_GetPCLK2Freq)
    HAL_RCC_GetSysClockFreq                  0x08001d65   Thumb Code   104  stm32f4xx_hal_rcc.o(i.HAL_RCC_GetSysClockFreq)
    HAL_RCC_OscConfig                        0x08001dd5   Thumb Code   798  stm32f4xx_hal_rcc.o(i.HAL_RCC_OscConfig)
    HAL_SYSTICK_Config                       0x08002109   Thumb Code    40  stm32f4xx_hal_cortex.o(i.HAL_SYSTICK_Config)
    HAL_TIM_Base_Init                        0x08002131   Thumb Code    48  stm32f4xx_hal_tim.o(i.HAL_TIM_Base_Init)
    HAL_TIM_Base_MspInit                     0x08002161   Thumb Code    70  stm32f4xx_hal_msp.o(i.HAL_TIM_Base_MspInit)
    HAL_TIM_PWM_ConfigChannel                0x080021b9   Thumb Code   208  stm32f4xx_hal_tim.o(i.HAL_TIM_PWM_ConfigChannel)
    HAL_TIM_PWM_Init                         0x08002289   Thumb Code    48  stm32f4xx_hal_tim.o(i.HAL_TIM_PWM_Init)
    HAL_TIM_PWM_MspInit                      0x080022b9   Thumb Code     2  stm32f4xx_hal_tim.o(i.HAL_TIM_PWM_MspInit)
    HAL_TIM_PWM_Start                        0x080022bd   Thumb Code    42  stm32f4xx_hal_tim.o(i.HAL_TIM_PWM_Start)
    HAL_UART_ErrorCallback                   0x080022ed   Thumb Code     2  stm32f4xx_hal_uart.o(i.HAL_UART_ErrorCallback)
    HAL_UART_IRQHandler                      0x080022f1   Thumb Code   266  stm32f4xx_hal_uart.o(i.HAL_UART_IRQHandler)
    HAL_UART_Init                            0x080023fb   Thumb Code    90  stm32f4xx_hal_uart.o(i.HAL_UART_Init)
    HAL_UART_MspInit                         0x08002455   Thumb Code    72  stm32f4xx_hal_msp.o(i.HAL_UART_MspInit)
    HAL_UART_Receive_IT                      0x080024a9   Thumb Code   106  stm32f4xx_hal_uart.o(i.HAL_UART_Receive_IT)
    HAL_UART_RxCpltCallback                  0x08002515   Thumb Code    14  stm32f4xx_it.o(i.HAL_UART_RxCpltCallback)
    HAL_UART_Transmit                        0x08002529   Thumb Code   204  stm32f4xx_hal_uart.o(i.HAL_UART_Transmit)
    HAL_UART_TxCpltCallback                  0x080025f5   Thumb Code     2  stm32f4xx_hal_uart.o(i.HAL_UART_TxCpltCallback)
    No_Pwr                                   0x08002ad9   Thumb Code     4  task_control.o(i.No_Pwr)
    PID                                      0x08002add   Thumb Code   194  task_control.o(i.PID)
    PID_fix                                  0x08002bd5   Thumb Code   160  task_control.o(i.PID_fix)
    Process_Command                          0x08002c91   Thumb Code  1656  task_master.o(i.Process_Command)
    Report_Variable                          0x080034cd   Thumb Code   250  task_master.o(i.Report_Variable)
    SysTick_Handler                          0x08003691   Thumb Code    22  stm32f4xx_it.o(i.SysTick_Handler)
    SystemClock_Config                       0x080036a9   Thumb Code    96  main.o(i.SystemClock_Config)
    SystemInit                               0x08003711   Thumb Code    66  system_stm32f4xx.o(i.SystemInit)
    TIM_Base_SetConfig                       0x08003765   Thumb Code   114  stm32f4xx_hal_tim.o(i.TIM_Base_SetConfig)
    TIM_CCxChannelCmd                        0x080037f5   Thumb Code    22  stm32f4xx_hal_tim.o(i.TIM_CCxChannelCmd)
    TIM_OC2_SetConfig                        0x0800385d   Thumb Code    84  stm32f4xx_hal_tim.o(i.TIM_OC2_SetConfig)
    USART1_IRQHandler                        0x08003c69   Thumb Code     6  stm32f4xx_it.o(i.USART1_IRQHandler)
    Update_Variable                          0x08003c75   Thumb Code   208  task_master.o(i.Update_Variable)
    __0printf                                0x08003dc9   Thumb Code    22  printfa.o(i.__0printf)
    __1printf                                0x08003dc9   Thumb Code     0  printfa.o(i.__0printf)
    __2printf                                0x08003dc9   Thumb Code     0  printfa.o(i.__0printf)
    __c89printf                              0x08003dc9   Thumb Code     0  printfa.o(i.__0printf)
    printf                                   0x08003dc9   Thumb Code     0  printfa.o(i.__0printf)
    __ARM_fpclassify                         0x08003de9   Thumb Code    48  fpclassify.o(i.__ARM_fpclassify)
    __hardfp_atan                            0x08003e19   Thumb Code   622  atan.o(i.__hardfp_atan)
    __hardfp_atan2                           0x080040f1   Thumb Code   432  atan2.o(i.__hardfp_atan2)
    __kernel_poly                            0x080042e1   Thumb Code   248  poly.o(i.__kernel_poly)
    __mathlib_dbl_infnan                     0x080043d9   Thumb Code    20  dunder.o(i.__mathlib_dbl_infnan)
    __mathlib_dbl_infnan2                    0x080043ed   Thumb Code    20  dunder.o(i.__mathlib_dbl_infnan2)
    __mathlib_dbl_underflow                  0x08004401   Thumb Code    24  dunder.o(i.__mathlib_dbl_underflow)
    __scatterload_copy                       0x08004421   Thumb Code    14  handlers.o(i.__scatterload_copy)
    __scatterload_null                       0x0800442f   Thumb Code     2  handlers.o(i.__scatterload_null)
    __scatterload_zeroinit                   0x08004431   Thumb Code    14  handlers.o(i.__scatterload_zeroinit)
    accl_init                                0x08004cd5   Thumb Code    28  task_control.o(i.accl_init)
    accl_measure                             0x08004cf9   Thumb Code    28  task_control.o(i.accl_measure)
    atan                                     0x08004d19   Thumb Code    16  atan.o(i.atan)
    control_logic                            0x08004d29   Thumb Code    24  task_control.o(i.control_logic)
    fabs                                     0x08004d41   Thumb Code    24  fabs.o(i.fabs)
    filter_logic                             0x08004d59   Thumb Code    20  task_control.o(i.filter_logic)
    fputc                                    0x08004d6d   Thumb Code    20  main.o(i.fputc)
    gyro_init                                0x08004d85   Thumb Code    28  task_control.o(i.gyro_init)
    gyro_measure                             0x08004da9   Thumb Code    28  task_control.o(i.gyro_measure)
    main                                     0x08004dc9   Thumb Code   276  main.o(i.main)
    motor_0_power                            0x08004f25   Thumb Code    76  task_control.o(i.motor_0_power)
    motor_1_power                            0x08004f7d   Thumb Code    72  task_control.o(i.motor_1_power)
    my_HAL_UART_RxCpltCallback               0x08004fd1   Thumb Code    84  task_master.o(i.my_HAL_UART_RxCpltCallback)
    osKernelStart                            0x0800502d   Thumb Code    10  cmsis_os.o(i.osKernelStart)
    print_mtrx_nxn                           0x08005039   Thumb Code    70  matrix.o(i.print_mtrx_nxn)
    pvPortMalloc                             0x080052f5   Thumb Code   182  heap_4.o(i.pvPortMalloc)
    pvTaskIncrementMutexHeldCount            0x080053b1   Thumb Code    18  tasks.o(i.pvTaskIncrementMutexHeldCount)
    pxPortInitialiseStack                    0x080053c9   Thumb Code    36  port.o(i.pxPortInitialiseStack)
    task_control                             0x080053f1   Thumb Code   332  task_control.o(i.task_control)
    task_master                              0x0800556d   Thumb Code    86  task_master.o(i.task_master)
    task_safety                              0x080055d5   Thumb Code   154  task_safety.o(i.task_safety)
    task_test                                0x08005689   Thumb Code   328  task_test.o(i.task_test)
    uxListRemove                             0x0800584d   Thumb Code    36  list.o(i.uxListRemove)
    uxTaskPriorityGet                        0x08005871   Thumb Code    24  tasks.o(i.uxTaskPriorityGet)
    vListInitialise                          0x0800588d   Thumb Code    22  list.o(i.vListInitialise)
    vListInitialiseItem                      0x080058a3   Thumb Code     6  list.o(i.vListInitialiseItem)
    vListInsert                              0x080058a9   Thumb Code    48  list.o(i.vListInsert)
    vListInsertEnd                           0x080058d9   Thumb Code    24  list.o(i.vListInsertEnd)
    vPortEnterCritical                       0x080058f1   Thumb Code    42  port.o(i.vPortEnterCritical)
    vPortExitCritical                        0x08005925   Thumb Code    30  port.o(i.vPortExitCritical)
    vPortFree                                0x08005949   Thumb Code    68  heap_4.o(i.vPortFree)
    vPortSetupTimerInterrupt                 0x08005991   Thumb Code    26  port.o(i.vPortSetupTimerInterrupt)
    vPortYield                               0x080059b1   Thumb Code    18  port.o(i.vPortYield)
    vTaskDelayUntil                          0x080059c9   Thumb Code   120  tasks.o(i.vTaskDelayUntil)
    vTaskMissedYield                         0x08005a45   Thumb Code     8  tasks.o(i.vTaskMissedYield)
    vTaskPlaceOnEventList                    0x08005a51   Thumb Code    80  tasks.o(i.vTaskPlaceOnEventList)
    vTaskPriorityInherit                     0x08005aa9   Thumb Code   124  tasks.o(i.vTaskPriorityInherit)
    vTaskSetTimeOutState                     0x08005b2d   Thumb Code    22  tasks.o(i.vTaskSetTimeOutState)
    vTaskStartScheduler                      0x08005b49   Thumb Code    60  tasks.o(i.vTaskStartScheduler)
    vTaskSuspendAll                          0x08005b95   Thumb Code    10  tasks.o(i.vTaskSuspendAll)
    vTaskSwitchContext                       0x08005ba5   Thumb Code    74  tasks.o(i.vTaskSwitchContext)
    xPortStartScheduler                      0x08005bf9   Thumb Code   116  port.o(i.xPortStartScheduler)
    xPortSysTickHandler                      0x08005c7d   Thumb Code    30  port.o(i.xPortSysTickHandler)
    xQueueGenericCreate                      0x08005ca1   Thumb Code    70  queue.o(i.xQueueGenericCreate)
    xQueueGenericReceive                     0x08005ce9   Thumb Code   302  queue.o(i.xQueueGenericReceive)
    xQueueGenericReset                       0x08005e17   Thumb Code   106  queue.o(i.xQueueGenericReset)
    xQueueGenericSend                        0x08005e81   Thumb Code   276  queue.o(i.xQueueGenericSend)
    xTaskCheckForTimeOut                     0x08005f95   Thumb Code    82  tasks.o(i.xTaskCheckForTimeOut)
    xTaskGenericCreate                       0x08005fed   Thumb Code   380  tasks.o(i.xTaskGenericCreate)
    xTaskGetSchedulerState                   0x08006171   Thumb Code    22  tasks.o(i.xTaskGetSchedulerState)
    xTaskGetTickCount                        0x0800618d   Thumb Code    18  tasks.o(i.xTaskGetTickCount)
    xTaskIncrementTick                       0x080061a5   Thumb Code   184  tasks.o(i.xTaskIncrementTick)
    xTaskPriorityDisinherit                  0x08006265   Thumb Code   112  tasks.o(i.xTaskPriorityDisinherit)
    xTaskRemoveFromEventList                 0x080062dd   Thumb Code    98  tasks.o(i.xTaskRemoveFromEventList)
    xTaskResumeAll                           0x08006349   Thumb Code   162  tasks.o(i.xTaskResumeAll)
    APBAHBPrescTable                         0x080063f4   Data          16  stm32f4xx_hal_rcc.o(.constdata)
    __mathlib_zero                           0x080064a0   Data           8  qnan.o(.constdata)
    Region$$Table$$Base                      0x08006670   Number         0  anon$$obj.o(Region$$Table)
    Region$$Table$$Limit                     0x08006690   Number         0  anon$$obj.o(Region$$Table)
    update_coefficients_QUEUE                0x20000004   Data           4  main.o(.data)
    testing_SEMAPHORE                        0x20000008   Data           4  main.o(.data)
    data_SEMAPHORE                           0x2000000c   Data           4  main.o(.data)
    control_sig_QUEUE                        0x20000010   Data           4  main.o(.data)
    pxCurrentTCB                             0x20000030   Data           4  tasks.o(.data)
    SystemCoreClock                          0x20000074   Data           4  system_stm32f4xx.o(.data)
    AHBPrescTable                            0x20000078   Data          16  system_stm32f4xx.o(.data)
    current_state_SHARED                     0x20000088   Data           1  task_master.o(.data)
    error_code_SHARED                        0x20000089   Data           1  task_master.o(.data)
    test_in_progress_SHARED                  0x2000008a   Data           1  task_master.o(.data)
    data_received_SHARED                     0x2000008b   Data           1  task_master.o(.data)
    payload_length_SHARED                    0x2000008c   Data           1  task_master.o(.data)
    packet_hdr                               0x20000090   Data           3  task_master.o(.data)
    variable_table                           0x20000094   Data         128  task_master.o(.data)
    K_DER_SHARED                             0x20000118   Data           4  task_control.o(.data)
    K_PROP_SHARED                            0x2000011c   Data           4  task_control.o(.data)
    K_INT_SHARED                             0x20000120   Data           4  task_control.o(.data)
    DCM_ALPHA_SHARED                         0x20000124   Data           4  task_control.o(.data)
    angle_offset_SHARED                      0x20000128   Data           4  task_control.o(.data)
    control_select_SHARED                    0x2000012c   Data           4  task_control.o(.data)
    filter_select_SHARED                     0x20000130   Data           4  task_control.o(.data)
    position_enc_0_SHARED                    0x20000168   Data           4  task_control.o(.data)
    position_enc_1_SHARED                    0x2000016c   Data           4  task_control.o(.data)
    error_enc_0_SHARED                       0x20000170   Data           4  task_control.o(.data)
    error_enc_1_SHARED                       0x20000174   Data           4  task_control.o(.data)
    filter_fxn_table                         0x20000178   Data           8  task_control.o(.data)
    TEST_MTRX_SHARED                         0x20000180   Data          16  task_control.o(.data)
    __stdout                                 0x20000190   Data           4  stdout.o(.data)
    hadc1                                    0x20000194   Data          68  main.o(.bss)
    hi2c1                                    0x200001d8   Data          60  main.o(.bss)
    htim10                                   0x20000214   Data          60  main.o(.bss)
    htim11                                   0x20000250   Data          60  main.o(.bss)
    huart1                                   0x2000028c   Data          64  main.o(.bss)
    hdma_adc1                                0x200002cc   Data          80  main.o(.bss)
    packet_payload                           0x2000400c   Data         127  task_master.o(.bss)
    physical_states_SHARED                   0x2000408c   Data          16  task_control.o(.bss)
    control_fxn_table                        0x2000409c   Data          12  task_control.o(.bss)
    __initial_sp                             0x200044a8   Data           0  startup_stm32f401xe.o(STACK)



==============================================================================

Memory Map of the image

  Image Entry point : 0x08000195

  Load Region LR_IROM1 (Base: 0x08000000, Size: 0x00006824, Max: 0x00080000, ABSOLUTE, COMPRESSED[0x00006700])

    Execution Region ER_IROM1 (Base: 0x08000000, Size: 0x00006690, Max: 0x00080000, ABSOLUTE)

    Base Addr    Size         Type   Attr      Idx    E Section Name        Object

    0x08000000   0x00000194   Data   RO          394    RESET               startup_stm32f401xe.o
    0x08000194   0x00000000   Code   RO         4429  * .ARM.Collect$$$$00000000  mc_w.l(entry.o)
    0x08000194   0x00000004   Code   RO         4746    .ARM.Collect$$$$00000001  mc_w.l(entry2.o)
    0x08000198   0x00000004   Code   RO         4749    .ARM.Collect$$$$00000004  mc_w.l(entry5.o)
    0x0800019c   0x00000000   Code   RO         4751    .ARM.Collect$$$$00000008  mc_w.l(entry7b.o)
    0x0800019c   0x00000000   Code   RO         4753    .ARM.Collect$$$$0000000A  mc_w.l(entry8b.o)
    0x0800019c   0x00000008   Code   RO         4754    .ARM.Collect$$$$0000000B  mc_w.l(entry9a.o)
    0x080001a4   0x00000000   Code   RO         4756    .ARM.Collect$$$$0000000D  mc_w.l(entry10a.o)
    0x080001a4   0x00000000   Code   RO         4758    .ARM.Collect$$$$0000000F  mc_w.l(entry11a.o)
    0x080001a4   0x00000004   Code   RO         4747    .ARM.Collect$$$$00002712  mc_w.l(entry2.o)
    0x080001a8   0x000000c6   Code   RO         3840    .emb_text           port.o
    0x0800026e   0x00000002   PAD
    0x08000270   0x00000024   Code   RO          395    .text               startup_stm32f401xe.o
    0x08000294   0x00000024   Code   RO         4432    .text               mc_w.l(memcpya.o)
    0x080002b8   0x00000024   Code   RO         4434    .text               mc_w.l(memseta.o)
    0x080002dc   0x0000014e   Code   RO         4699    .text               mf_w.l(dadd.o)
    0x0800042a   0x000000e4   Code   RO         4701    .text               mf_w.l(dmul.o)
    0x0800050e   0x00000022   Code   RO         4703    .text               mf_w.l(dflti.o)
    0x08000530   0x0000003e   Code   RO         4705    .text               mf_w.l(dfixi.o)
    0x0800056e   0x00000026   Code   RO         4707    .text               mf_w.l(f2d.o)
    0x08000594   0x00000038   Code   RO         4709    .text               mf_w.l(d2f.o)
    0x080005cc   0x0000002c   Code   RO         4761    .text               mc_w.l(uidiv.o)
    0x080005f8   0x00000062   Code   RO         4763    .text               mc_w.l(uldiv.o)
    0x0800065a   0x0000001e   Code   RO         4765    .text               mc_w.l(llshl.o)
    0x08000678   0x00000020   Code   RO         4767    .text               mc_w.l(llushr.o)
    0x08000698   0x00000024   Code   RO         4769    .text               mc_w.l(llsshr.o)
    0x080006bc   0x00000000   Code   RO         4778    .text               mc_w.l(iusefp.o)
    0x080006bc   0x0000006e   Code   RO         4779    .text               mf_w.l(fepilogue.o)
    0x0800072a   0x000000ba   Code   RO         4781    .text               mf_w.l(depilogue.o)
    0x080007e4   0x000000de   Code   RO         4783    .text               mf_w.l(ddiv.o)
    0x080008c2   0x00000030   Code   RO         4787    .text               mf_w.l(dfixul.o)
    0x080008f2   0x00000002   PAD
    0x080008f4   0x00000030   Code   RO         4789    .text               mf_w.l(cdrcmple.o)
    0x08000924   0x00000024   Code   RO         4795    .text               mc_w.l(init.o)
    0x08000948   0x00000056   Code   RO         4805    .text               mc_w.l(__dczerorl2.o)
    0x0800099e   0x00000002   PAD
    0x080009a0   0x0000001e   Code   RO         2346    i.ADC_DMAConvCplt   stm32f4xx_hal_adc.o
    0x080009be   0x00000018   Code   RO         2347    i.ADC_DMAError      stm32f4xx_hal_adc.o
    0x080009d6   0x0000000a   Code   RO         2348    i.ADC_DMAHalfConvCplt  stm32f4xx_hal_adc.o
    0x080009e0   0x0000011c   Code   RO         2349    i.ADC_Init          stm32f4xx_hal_adc.o
    0x08000afc   0x000000a8   Code   RO         4136    i.Compute_Software_State  task_master.o
    0x08000ba4   0x000001bc   Code   RO         4210    i.DCM               task_control.o
    0x08000d60   0x000001e0   Code   RO         4211    i.DCM_fix           task_control.o
    0x08000f40   0x00000028   Code   RO         2151    i.DMA_SetConfig     stm32f4xx_hal_dma.o
    0x08000f68   0x00000016   Code   RO            4    i.EXTI15_10_IRQHandler  stm32f4xx_it.o
    0x08000f7e   0x00000016   Code   RO            5    i.EXTI9_5_IRQHandler  stm32f4xx_it.o
    0x08000f94   0x00000030   Code   RO         4137    i.Fletcher_16       task_master.o
    0x08000fc4   0x00000124   Code   RO         2351    i.HAL_ADC_ConfigChannel  stm32f4xx_hal_adc.o
    0x080010e8   0x00000002   Code   RO         2352    i.HAL_ADC_ConvCpltCallback  stm32f4xx_hal_adc.o
    0x080010ea   0x00000002   Code   RO         2353    i.HAL_ADC_ConvHalfCpltCallback  stm32f4xx_hal_adc.o
    0x080010ec   0x00000002   Code   RO         2355    i.HAL_ADC_ErrorCallback  stm32f4xx_hal_adc.o
    0x080010ee   0x00000034   Code   RO         2360    i.HAL_ADC_Init      stm32f4xx_hal_adc.o
    0x08001122   0x00000002   PAD
    0x08001124   0x00000070   Code   RO          211    i.HAL_ADC_MspInit   stm32f4xx_hal_msp.o
    0x08001194   0x0000007c   Code   RO         2366    i.HAL_ADC_Start     stm32f4xx_hal_adc.o
    0x08001210   0x00000098   Code   RO         2367    i.HAL_ADC_Start_DMA  stm32f4xx_hal_adc.o
    0x080012a8   0x00000070   Code   RO         2157    i.HAL_DMA_Init      stm32f4xx_hal_dma.o
    0x08001318   0x0000006c   Code   RO         2160    i.HAL_DMA_Start_IT  stm32f4xx_hal_dma.o
    0x08001384   0x0000011c   Code   RO            6    i.HAL_GPIO_EXTI_Callback  stm32f4xx_it.o
    0x080014a0   0x00000018   Code   RO         1553    i.HAL_GPIO_EXTI_IRQHandler  stm32f4xx_hal_gpio.o
    0x080014b8   0x00000180   Code   RO         1554    i.HAL_GPIO_Init     stm32f4xx_hal_gpio.o
    0x08001638   0x0000000a   Code   RO         1556    i.HAL_GPIO_ReadPin  stm32f4xx_hal_gpio.o
    0x08001642   0x0000000a   Code   RO         1558    i.HAL_GPIO_WritePin  stm32f4xx_hal_gpio.o
    0x0800164c   0x0000000c   Code   RO         1181    i.HAL_GetTick       stm32f4xx_hal.o
    0x08001658   0x00000100   Code   RO         2761    i.HAL_I2C_Init      stm32f4xx_hal_i2c.o
    0x08001758   0x000001b8   Code   RO         2773    i.HAL_I2C_Mem_Read  stm32f4xx_hal_i2c.o
    0x08001910   0x000000d4   Code   RO         2776    i.HAL_I2C_Mem_Write  stm32f4xx_hal_i2c.o
    0x080019e4   0x00000044   Code   RO          213    i.HAL_I2C_MspInit   stm32f4xx_hal_msp.o
    0x08001a28   0x00000010   Code   RO         1182    i.HAL_IncTick       stm32f4xx_hal.o
    0x08001a38   0x00000034   Code   RO         1183    i.HAL_Init          stm32f4xx_hal.o
    0x08001a6c   0x00000022   Code   RO         1184    i.HAL_InitTick      stm32f4xx_hal.o
    0x08001a8e   0x00000016   Code   RO          214    i.HAL_MspInit       stm32f4xx_hal_msp.o
    0x08001aa4   0x00000016   Code   RO         1316    i.HAL_NVIC_EnableIRQ  stm32f4xx_hal_cortex.o
    0x08001aba   0x00000002   PAD
    0x08001abc   0x00000040   Code   RO         1322    i.HAL_NVIC_SetPriority  stm32f4xx_hal_cortex.o
    0x08001afc   0x00000024   Code   RO         1323    i.HAL_NVIC_SetPriorityGrouping  stm32f4xx_hal_cortex.o
    0x08001b20   0x000001b8   Code   RO         1618    i.HAL_RCC_ClockConfig  stm32f4xx_hal_rcc.o
    0x08001cd8   0x00000034   Code   RO         1623    i.HAL_RCC_GetHCLKFreq  stm32f4xx_hal_rcc.o
    0x08001d0c   0x0000002c   Code   RO         1625    i.HAL_RCC_GetPCLK1Freq  stm32f4xx_hal_rcc.o
    0x08001d38   0x0000002c   Code   RO         1626    i.HAL_RCC_GetPCLK2Freq  stm32f4xx_hal_rcc.o
    0x08001d64   0x00000070   Code   RO         1627    i.HAL_RCC_GetSysClockFreq  stm32f4xx_hal_rcc.o
    0x08001dd4   0x00000334   Code   RO         1630    i.HAL_RCC_OscConfig  stm32f4xx_hal_rcc.o
    0x08002108   0x00000028   Code   RO         1327    i.HAL_SYSTICK_Config  stm32f4xx_hal_cortex.o
    0x08002130   0x00000030   Code   RO          539    i.HAL_TIM_Base_Init  stm32f4xx_hal_tim.o
    0x08002160   0x00000058   Code   RO          216    i.HAL_TIM_Base_MspInit  stm32f4xx_hal_msp.o
    0x080021b8   0x000000d0   Code   RO          605    i.HAL_TIM_PWM_ConfigChannel  stm32f4xx_hal_tim.o
    0x08002288   0x00000030   Code   RO          608    i.HAL_TIM_PWM_Init  stm32f4xx_hal_tim.o
    0x080022b8   0x00000002   Code   RO          610    i.HAL_TIM_PWM_MspInit  stm32f4xx_hal_tim.o
    0x080022ba   0x00000002   PAD
    0x080022bc   0x00000030   Code   RO          612    i.HAL_TIM_PWM_Start  stm32f4xx_hal_tim.o
    0x080022ec   0x00000002   Code   RO         1752    i.HAL_UART_ErrorCallback  stm32f4xx_hal_uart.o
    0x080022ee   0x00000002   PAD
    0x080022f0   0x0000010a   Code   RO         1755    i.HAL_UART_IRQHandler  stm32f4xx_hal_uart.o
    0x080023fa   0x0000005a   Code   RO         1756    i.HAL_UART_Init     stm32f4xx_hal_uart.o
    0x08002454   0x00000054   Code   RO          218    i.HAL_UART_MspInit  stm32f4xx_hal_msp.o
    0x080024a8   0x0000006a   Code   RO         1761    i.HAL_UART_Receive_IT  stm32f4xx_hal_uart.o
    0x08002512   0x00000002   PAD
    0x08002514   0x00000014   Code   RO            7    i.HAL_UART_RxCpltCallback  stm32f4xx_it.o
    0x08002528   0x000000cc   Code   RO         1764    i.HAL_UART_Transmit  stm32f4xx_hal_uart.o
    0x080025f4   0x00000002   Code   RO         1767    i.HAL_UART_TxCpltCallback  stm32f4xx_hal_uart.o
    0x080025f6   0x00000002   PAD
    0x080025f8   0x000000e0   Code   RO         2801    i.I2C_RequestMemoryRead  stm32f4xx_hal_i2c.o
    0x080026d8   0x00000090   Code   RO         2802    i.I2C_RequestMemoryWrite  stm32f4xx_hal_i2c.o
    0x08002768   0x0000008a   Code   RO         2803    i.I2C_WaitOnFlagUntilTimeout  stm32f4xx_hal_i2c.o
    0x080027f2   0x00000002   PAD
    0x080027f4   0x00000088   Code   RO         2804    i.I2C_WaitOnMasterAddressFlagUntilTimeout  stm32f4xx_hal_i2c.o
    0x0800287c   0x00000064   Code   RO          283    i.MX_ADC1_Init      main.o
    0x080028e0   0x00000140   Code   RO          284    i.MX_GPIO_Init      main.o
    0x08002a20   0x0000004c   Code   RO          285    i.MX_TIM10_Init     main.o
    0x08002a6c   0x0000004c   Code   RO          286    i.MX_TIM11_Init     main.o
    0x08002ab8   0x00000020   Code   RO         1329    i.NVIC_SetPriority  stm32f4xx_hal_cortex.o
    0x08002ad8   0x00000004   Code   RO         4212    i.No_Pwr            task_control.o
    0x08002adc   0x000000f8   Code   RO         4213    i.PID               task_control.o
    0x08002bd4   0x000000bc   Code   RO         4214    i.PID_fix           task_control.o
    0x08002c90   0x0000083c   Code   RO         4138    i.Process_Command   task_master.o
    0x080034cc   0x000001c4   Code   RO         4139    i.Report_Variable   task_master.o
    0x08003690   0x00000016   Code   RO            8    i.SysTick_Handler   stm32f4xx_it.o
    0x080036a6   0x00000002   PAD
    0x080036a8   0x00000068   Code   RO          287    i.SystemClock_Config  main.o
    0x08003710   0x00000054   Code   RO         4067    i.SystemInit        system_stm32f4xx.o
    0x08003764   0x00000090   Code   RO          623    i.TIM_Base_SetConfig  stm32f4xx_hal_tim.o
    0x080037f4   0x00000016   Code   RO          624    i.TIM_CCxChannelCmd  stm32f4xx_hal_tim.o
    0x0800380a   0x00000002   PAD
    0x0800380c   0x00000050   Code   RO          632    i.TIM_OC1_SetConfig  stm32f4xx_hal_tim.o
    0x0800385c   0x00000058   Code   RO          633    i.TIM_OC2_SetConfig  stm32f4xx_hal_tim.o
    0x080038b4   0x00000058   Code   RO          634    i.TIM_OC3_SetConfig  stm32f4xx_hal_tim.o
    0x0800390c   0x00000044   Code   RO          635    i.TIM_OC4_SetConfig  stm32f4xx_hal_tim.o
    0x08003950   0x000000a8   Code   RO         1774    i.UART_Receive_IT   stm32f4xx_hal_uart.o
    0x080039f8   0x00000178   Code   RO         1775    i.UART_SetConfig    stm32f4xx_hal_uart.o
    0x08003b70   0x00000066   Code   RO         1776    i.UART_Transmit_IT  stm32f4xx_hal_uart.o
    0x08003bd6   0x00000092   Code   RO         1777    i.UART_WaitOnFlagUntilTimeout  stm32f4xx_hal_uart.o
    0x08003c68   0x0000000c   Code   RO            9    i.USART1_IRQHandler  stm32f4xx_it.o
    0x08003c74   0x00000154   Code   RO         4140    i.Update_Variable   task_master.o
    0x08003dc8   0x00000020   Code   RO         4671    i.__0printf         mc_w.l(printfa.o)
    0x08003de8   0x00000030   Code   RO         4791    i.__ARM_fpclassify  m_wm.l(fpclassify.o)
    0x08003e18   0x000002d8   Code   RO         4711    i.__hardfp_atan     m_wm.l(atan.o)
    0x080040f0   0x000001f0   Code   RO         4417    i.__hardfp_atan2    m_wm.l(atan2.o)
    0x080042e0   0x000000f8   Code   RO         4793    i.__kernel_poly     m_wm.l(poly.o)
    0x080043d8   0x00000014   Code   RO         4726    i.__mathlib_dbl_infnan  m_wm.l(dunder.o)
    0x080043ec   0x00000014   Code   RO         4727    i.__mathlib_dbl_infnan2  m_wm.l(dunder.o)
    0x08004400   0x00000020   Code   RO         4731    i.__mathlib_dbl_underflow  m_wm.l(dunder.o)
    0x08004420   0x0000000e   Code   RO         4799    i.__scatterload_copy  mc_w.l(handlers.o)
    0x0800442e   0x00000002   Code   RO         4800    i.__scatterload_null  mc_w.l(handlers.o)
    0x08004430   0x0000000e   Code   RO         4801    i.__scatterload_zeroinit  mc_w.l(handlers.o)
    0x0800443e   0x00000002   PAD
    0x08004440   0x00000164   Code   RO         4678    i._fp_digits        mc_w.l(printfa.o)
    0x080045a4   0x000006dc   Code   RO         4679    i._printf_core      mc_w.l(printfa.o)
    0x08004c80   0x00000024   Code   RO         4680    i._printf_post_padding  mc_w.l(printfa.o)
    0x08004ca4   0x0000002e   Code   RO         4681    i._printf_pre_padding  mc_w.l(printfa.o)
    0x08004cd2   0x00000002   PAD
    0x08004cd4   0x00000024   Code   RO         4215    i.accl_init         task_control.o
    0x08004cf8   0x00000020   Code   RO         4216    i.accl_measure      task_control.o
    0x08004d18   0x00000010   Code   RO         4713    i.atan              m_wm.l(atan.o)
    0x08004d28   0x00000018   Code   RO         4217    i.control_logic     task_control.o
    0x08004d40   0x00000018   Code   RO         4741    i.fabs              m_wm.l(fabs.o)
    0x08004d58   0x00000014   Code   RO         4218    i.filter_logic      task_control.o
    0x08004d6c   0x00000018   Code   RO          288    i.fputc             main.o
    0x08004d84   0x00000024   Code   RO         4219    i.gyro_init         task_control.o
    0x08004da8   0x00000020   Code   RO         4220    i.gyro_measure      task_control.o
    0x08004dc8   0x0000015c   Code   RO          289    i.main              main.o
    0x08004f24   0x00000058   Code   RO         4221    i.motor_0_power     task_control.o
    0x08004f7c   0x00000054   Code   RO         4222    i.motor_1_power     task_control.o
    0x08004fd0   0x0000005c   Code   RO         4141    i.my_HAL_UART_RxCpltCallback  task_master.o
    0x0800502c   0x0000000a   Code   RO         3418    i.osKernelStart     cmsis_os.o
    0x08005036   0x00000002   PAD
    0x08005038   0x00000054   Code   RO         4324    i.print_mtrx_nxn    matrix.o
    0x0800508c   0x00000034   Code   RO         3153    i.prvAddCurrentTaskToDelayedList  tasks.o
    0x080050c0   0x00000054   Code   RO         3154    i.prvCheckTasksWaitingTermination  tasks.o
    0x08005114   0x00000026   Code   RO         3684    i.prvCopyDataFromQueue  queue.o
    0x0800513a   0x0000006e   Code   RO         3685    i.prvCopyDataToQueue  queue.o
    0x080051a8   0x0000004c   Code   RO         3095    i.prvHeapInit       heap_4.o
    0x080051f4   0x00000018   Code   RO         3155    i.prvIdleTask       tasks.o
    0x0800520c   0x0000004c   Code   RO         3096    i.prvInsertBlockIntoFreeList  heap_4.o
    0x08005258   0x00000020   Code   RO         3157    i.prvResetNextTaskUnblockTime  tasks.o
    0x08005278   0x00000018   Code   RO         3841    i.prvTaskExitError  port.o
    0x08005290   0x00000064   Code   RO         3686    i.prvUnlockQueue    queue.o
    0x080052f4   0x000000bc   Code   RO         3097    i.pvPortMalloc      heap_4.o
    0x080053b0   0x00000018   Code   RO         3160    i.pvTaskIncrementMutexHeldCount  tasks.o
    0x080053c8   0x00000028   Code   RO         3842    i.pxPortInitialiseStack  port.o
    0x080053f0   0x0000017c   Code   RO         4223    i.task_control      task_control.o
    0x0800556c   0x00000068   Code   RO         4142    i.task_master       task_master.o
    0x080055d4   0x000000b4   Code   RO         4102    i.task_safety       task_safety.o
    0x08005688   0x000001c4   Code   RO         4395    i.task_test         task_test.o
    0x0800584c   0x00000024   Code   RO         3917    i.uxListRemove      list.o
    0x08005870   0x0000001c   Code   RO         3165    i.uxTaskPriorityGet  tasks.o
    0x0800588c   0x00000016   Code   RO         3918    i.vListInitialise   list.o
    0x080058a2   0x00000006   Code   RO         3919    i.vListInitialiseItem  list.o
    0x080058a8   0x00000030   Code   RO         3920    i.vListInsert       list.o
    0x080058d8   0x00000018   Code   RO         3921    i.vListInsertEnd    list.o
    0x080058f0   0x00000034   Code   RO         3844    i.vPortEnterCritical  port.o
    0x08005924   0x00000024   Code   RO         3845    i.vPortExitCritical  port.o
    0x08005948   0x00000048   Code   RO         3098    i.vPortFree         heap_4.o
    0x08005990   0x00000020   Code   RO         3846    i.vPortSetupTimerInterrupt  port.o
    0x080059b0   0x00000018   Code   RO         3848    i.vPortYield        port.o
    0x080059c8   0x0000007c   Code   RO         3168    i.vTaskDelayUntil   tasks.o
    0x08005a44   0x0000000c   Code   RO         3171    i.vTaskMissedYield  tasks.o
    0x08005a50   0x00000058   Code   RO         3172    i.vTaskPlaceOnEventList  tasks.o
    0x08005aa8   0x00000084   Code   RO         3174    i.vTaskPriorityInherit  tasks.o
    0x08005b2c   0x0000001c   Code   RO         3178    i.vTaskSetTimeOutState  tasks.o
    0x08005b48   0x0000004c   Code   RO         3179    i.vTaskStartScheduler  tasks.o
    0x08005b94   0x00000010   Code   RO         3181    i.vTaskSuspendAll   tasks.o
    0x08005ba4   0x00000054   Code   RO         3182    i.vTaskSwitchContext  tasks.o
    0x08005bf8   0x00000084   Code   RO         3849    i.xPortStartScheduler  port.o
    0x08005c7c   0x00000024   Code   RO         3850    i.xPortSysTickHandler  port.o
    0x08005ca0   0x00000046   Code   RO         3698    i.xQueueGenericCreate  queue.o
    0x08005ce6   0x00000002   PAD
    0x08005ce8   0x0000012e   Code   RO         3699    i.xQueueGenericReceive  queue.o
    0x08005e16   0x0000006a   Code   RO         3700    i.xQueueGenericReset  queue.o
    0x08005e80   0x00000114   Code   RO         3701    i.xQueueGenericSend  queue.o
    0x08005f94   0x00000058   Code   RO         3183    i.xTaskCheckForTimeOut  tasks.o
    0x08005fec   0x00000184   Code   RO         3184    i.xTaskGenericCreate  tasks.o
    0x08006170   0x0000001c   Code   RO         3186    i.xTaskGetSchedulerState  tasks.o
    0x0800618c   0x00000018   Code   RO         3187    i.xTaskGetTickCount  tasks.o
    0x080061a4   0x000000c0   Code   RO         3189    i.xTaskIncrementTick  tasks.o
    0x08006264   0x00000078   Code   RO         3190    i.xTaskPriorityDisinherit  tasks.o
    0x080062dc   0x0000006c   Code   RO         3191    i.xTaskRemoveFromEventList  tasks.o
    0x08006348   0x000000ac   Code   RO         3193    i.xTaskResumeAll    tasks.o
    0x080063f4   0x00000010   Data   RO         1631    .constdata          stm32f4xx_hal_rcc.o
    0x08006404   0x00000004   PAD
    0x08006408   0x00000098   Data   RO         4714    .constdata          m_wm.l(atan.o)
    0x080064a0   0x00000008   Data   RO         4745    .constdata          m_wm.l(qnan.o)
    0x080064a8   0x00000134   Data   RO         4144    .conststring        task_master.o
    0x080065dc   0x00000092   Data   RO         4396    .conststring        task_test.o
    0x0800666e   0x00000002   PAD
    0x08006670   0x00000020   Data   RO         4797    Region$$Table       anon$$obj.o


    Execution Region RW_IRAM1 (Base: 0x20000000, Size: 0x000044a8, Max: 0x00018000, ABSOLUTE, COMPRESSED[0x00000070])

    Base Addr    Size         Type   Attr      Idx    E Section Name        Object

    0x20000000   0x00000002   Data   RW           10    .data               stm32f4xx_it.o
    0x20000002   0x00000002   PAD
    0x20000004   0x00000010   Data   RW          292    .data               main.o
    0x20000014   0x00000004   Data   RW         1189    .data               stm32f4xx_hal.o
    0x20000018   0x00000018   Data   RW         3103    .data               heap_4.o
    0x20000030   0x00000038   Data   RW         3196    .data               tasks.o
    0x20000068   0x0000000c   Data   RW         3851    .data               port.o
    0x20000074   0x00000014   Data   RW         4068    .data               system_stm32f4xx.o
    0x20000088   0x0000008c   Data   RW         4145    .data               task_master.o
    0x20000114   0x0000007c   Data   RW         4225    .data               task_control.o
    0x20000190   0x00000004   Data   RW         4760    .data               mc_w.l(stdout.o)
    0x20000194   0x00000138   Zero   RW          290    .bss                main.o
    0x200002cc   0x00000050   Zero   RW          291    .bss                main.o
    0x2000031c   0x00003c00   Zero   RW         3102    .bss                heap_4.o
    0x20003f1c   0x000000f0   Zero   RW         3195    .bss                tasks.o
    0x2000400c   0x0000007f   Zero   RW         4143    .bss                task_master.o
    0x2000408b   0x00000001   PAD
    0x2000408c   0x0000001c   Zero   RW         4224    .bss                task_control.o
    0x200040a8   0x00000400   Zero   RW          392    STACK               startup_stm32f401xe.o


==============================================================================

Image component sizes


      Code (inc. data)   RO Data    RW Data    ZI Data      Debug   Object Name

        10          0          0          0          0       4952   cmsis_os.o
       412         24          0         24      15360       5675   heap_4.o
       136          0          0          0          0       3458   list.o
      1048        144          0         16        392      77414   main.o
        84         14          0          0          0        597   matrix.o
       574         74          0         12          0       8561   port.o
      1002          0          0          0          0       7934   queue.o
        36          8        404          0       1024        940   startup_stm32f401xe.o
       114         16          0          4          0       3630   stm32f4xx_hal.o
       974         36          0          0          0       7545   stm32f4xx_hal_adc.o
       194         14          0          0          0      29959   stm32f4xx_hal_cortex.o
       260          4          0          0          0       2546   stm32f4xx_hal_dma.o
       428         38          0          0          0       3538   stm32f4xx_hal_gpio.o
      1550         36          0          0          0       7314   stm32f4xx_hal_i2c.o
       374         66          0          0          0       3496   stm32f4xx_hal_msp.o
      1512         68         16          0          0       6131   stm32f4xx_hal_rcc.o
       844         56          0          0          0       8654   stm32f4xx_hal_tim.o
      1462         10          0          0          0       8123   stm32f4xx_hal_uart.o
       382         50          0          2          0     264542   stm32f4xx_it.o
        84         18          0         20          0       1393   system_stm32f4xx.o
      2096        404          0        124         28      13762   task_control.o
      3312       1862        308        140        127       9514   task_master.o
       180         26          0          0          0       1434   task_safety.o
       452        124        146          0          0        940   task_test.o
      1924        156          0         56        240      19585   tasks.o

    ----------------------------------------------------------------------
     19468       3248        912        400      17172     501637   Object Totals
         0          0         32          0          0          0   (incl. Generated)
        24          0          6          2          1          0   (incl. Padding)

    ----------------------------------------------------------------------

      Code (inc. data)   RO Data    RW Data    ZI Data      Debug   Library Member Name

       744        106        152          0          0        352   atan.o
       496         64          0          0          0        192   atan2.o
        72          8          0          0          0        372   dunder.o
        24          0          0          0          0        124   fabs.o
        48          0          0          0          0        124   fpclassify.o
       248          0          0          0          0        152   poly.o
         0          0          8          0          0          0   qnan.o
        86          0          0          0          0          0   __dczerorl2.o
         0          0          0          0          0          0   entry.o
         0          0          0          0          0          0   entry10a.o
         0          0          0          0          0          0   entry11a.o
         8          4          0          0          0          0   entry2.o
         4          0          0          0          0          0   entry5.o
         0          0          0          0          0          0   entry7b.o
         0          0          0          0          0          0   entry8b.o
         8          4          0          0          0          0   entry9a.o
        30          0          0          0          0          0   handlers.o
        36          8          0          0          0         68   init.o
         0          0          0          0          0          0   iusefp.o
        30          0          0          0          0         68   llshl.o
        36          0          0          0          0         68   llsshr.o
        32          0          0          0          0         68   llushr.o
        36          0          0          0          0         68   memcpya.o
        36          0          0          0          0        108   memseta.o
      2226         90          0          0          0        444   printfa.o
         0          0          0          4          0          0   stdout.o
        44          0          0          0          0         80   uidiv.o
        98          0          0          0          0         92   uldiv.o
        48          0          0          0          0         68   cdrcmple.o
        56          0          0          0          0         88   d2f.o
       334          0          0          0          0        148   dadd.o
       222          0          0          0          0        100   ddiv.o
       186          0          0          0          0        176   depilogue.o
        62          0          0          0          0         80   dfixi.o
        48          0          0          0          0         68   dfixul.o
        34          0          0          0          0         76   dflti.o
       228          0          0          0          0         96   dmul.o
        38          0          0          0          0         68   f2d.o
       110          0          0          0          0        168   fepilogue.o

    ----------------------------------------------------------------------
      5716        284        160          4          0       3516   Library Totals
         8          0          0          0          0          0   (incl. Padding)

    ----------------------------------------------------------------------

      Code (inc. data)   RO Data    RW Data    ZI Data      Debug   Library Name

      1632        178        160          0          0       1316   m_wm.l
      2710        106          0          4          0       1064   mc_w.l
      1366          0          0          0          0       1136   mf_w.l

    ----------------------------------------------------------------------
      5716        284        160          4          0       3516   Library Totals

    ----------------------------------------------------------------------

==============================================================================


      Code (inc. data)   RO Data    RW Data    ZI Data      Debug   

     25184       3532       1072        404      17172     488745   Grand Totals
     25184       3532       1072        112      17172     488745   ELF Image Totals (compressed)
     25184       3532       1072        112          0          0   ROM Totals

==============================================================================

    Total RO  Size (Code + RO Data)                26256 (  25.64kB)
    Total RW  Size (RW Data + ZI Data)             17576 (  17.16kB)
    Total ROM Size (Code + RO Data + RW Data)      26368 (  25.75kB)

==============================================================================

